Component: ARM Compiler 5.06 update 6 (build 750) Tool: armlink [4d35ed]

==============================================================================

Section Cross References

    app_main.o(i.app_main) refers to rtx_kernel.o(.text.osKernelInitialize) for osKernelInitialize
    app_main.o(i.app_main) refers to rtx_thread.o(.text.osThreadNew) for osThreadNew
    app_main.o(i.app_main) refers to rtx_kernel.o(.text.osKernelGetState) for osKernelGetState
    app_main.o(i.app_main) refers to rtx_kernel.o(.text.osKernelStart) for osKernelStart
    app_main.o(i.app_main) refers to app_main.o(.constdata) for .constdata
    app_main.o(i.app_main) refers to app_main.o(i.start_main) for start_main
    app_main.o(i.start_main) refers to stm32f1xx_hal_gpio.o(i.HAL_GPIO_TogglePin) for HAL_GPIO_TogglePin
    app_main.o(i.start_main) refers to rtx_delay.o(.text.osDelay) for osDelay
    app_main.o(i.start_main) refers to stm32f1xx_hal_iwdg.o(i.HAL_IWDG_Refresh) for HAL_IWDG_Refresh
    app_main.o(i.start_main) refers to iwdg.o(.bss) for hiwdg
    app_main.o(.constdata) refers to app_main.o(.conststring) for .conststring
    startup_stm32f103xe.o(RESET) refers to startup_stm32f103xe.o(STACK) for __initial_sp
    startup_stm32f103xe.o(RESET) refers to startup_stm32f103xe.o(.text) for Reset_Handler
    startup_stm32f103xe.o(RESET) refers to stm32f1xx_it.o(i.NMI_Handler) for NMI_Handler
    startup_stm32f103xe.o(RESET) refers to stm32f1xx_it.o(i.HardFault_Handler) for HardFault_Handler
    startup_stm32f103xe.o(RESET) refers to stm32f1xx_it.o(i.MemManage_Handler) for MemManage_Handler
    startup_stm32f103xe.o(RESET) refers to stm32f1xx_it.o(i.BusFault_Handler) for BusFault_Handler
    startup_stm32f103xe.o(RESET) refers to stm32f1xx_it.o(i.UsageFault_Handler) for UsageFault_Handler
    startup_stm32f103xe.o(RESET) refers to irq_cm3.o(.text) for SVC_Handler
    startup_stm32f103xe.o(RESET) refers to stm32f1xx_it.o(i.DebugMon_Handler) for DebugMon_Handler
    startup_stm32f103xe.o(RESET) refers to stm32f1xx_it.o(i.DMA1_Channel4_IRQHandler) for DMA1_Channel4_IRQHandler
    startup_stm32f103xe.o(RESET) refers to stm32f1xx_it.o(i.DMA1_Channel5_IRQHandler) for DMA1_Channel5_IRQHandler
    startup_stm32f103xe.o(RESET) refers to stm32f1xx_it.o(i.TIM2_IRQHandler) for TIM2_IRQHandler
    startup_stm32f103xe.o(RESET) refers to stm32f1xx_it.o(i.USART1_IRQHandler) for USART1_IRQHandler
    startup_stm32f103xe.o(.text) refers to system_stm32f1xx.o(i.SystemInit) for SystemInit
    startup_stm32f103xe.o(.text) refers to entry.o(.ARM.Collect$$$$00000000) for __main
    main_1.o(i.HAL_TIM_PeriodElapsedCallback) refers to stm32f1xx_hal.o(i.HAL_IncTick) for HAL_IncTick
    main_1.o(i.SystemClock_Config) refers to memseta.o(.text) for __aeabi_memclr4
    main_1.o(i.SystemClock_Config) refers to stm32f1xx_hal_rcc.o(i.HAL_RCC_OscConfig) for HAL_RCC_OscConfig
    main_1.o(i.SystemClock_Config) refers to stm32f1xx_hal_rcc.o(i.HAL_RCC_ClockConfig) for HAL_RCC_ClockConfig
    main_1.o(i.main) refers to stm32f1xx_hal.o(i.HAL_Init) for HAL_Init
    main_1.o(i.main) refers to main_1.o(i.SystemClock_Config) for SystemClock_Config
    main_1.o(i.main) refers to gpio.o(i.MX_GPIO_Init) for MX_GPIO_Init
    main_1.o(i.main) refers to dma.o(i.MX_DMA_Init) for MX_DMA_Init
    main_1.o(i.main) refers to usart.o(i.MX_UART4_Init) for MX_UART4_Init
    main_1.o(i.main) refers to usart.o(i.MX_UART5_Init) for MX_UART5_Init
    main_1.o(i.main) refers to usart.o(i.MX_USART1_UART_Init) for MX_USART1_UART_Init
    main_1.o(i.main) refers to usart.o(i.MX_USART2_UART_Init) for MX_USART2_UART_Init
    main_1.o(i.main) refers to usart.o(i.MX_USART3_UART_Init) for MX_USART3_UART_Init
    main_1.o(i.main) refers to iwdg.o(i.MX_IWDG_Init) for MX_IWDG_Init
    main_1.o(i.main) refers to app_main.o(i.app_main) for app_main
    gpio.o(i.MX_GPIO_Init) refers to stm32f1xx_hal_gpio.o(i.HAL_GPIO_WritePin) for HAL_GPIO_WritePin
    gpio.o(i.MX_GPIO_Init) refers to stm32f1xx_hal_gpio.o(i.HAL_GPIO_Init) for HAL_GPIO_Init
    dma.o(i.MX_DMA_Init) refers to stm32f1xx_hal_cortex.o(i.HAL_NVIC_SetPriority) for HAL_NVIC_SetPriority
    dma.o(i.MX_DMA_Init) refers to stm32f1xx_hal_cortex.o(i.HAL_NVIC_EnableIRQ) for HAL_NVIC_EnableIRQ
    iwdg.o(i.MX_IWDG_Init) refers to stm32f1xx_hal_iwdg.o(i.HAL_IWDG_Init) for HAL_IWDG_Init
    iwdg.o(i.MX_IWDG_Init) refers to main_1.o(i.Error_Handler) for Error_Handler
    iwdg.o(i.MX_IWDG_Init) refers to iwdg.o(.bss) for .bss
    usart.o(i.HAL_UART_MspDeInit) refers to stm32f1xx_hal_gpio.o(i.HAL_GPIO_DeInit) for HAL_GPIO_DeInit
    usart.o(i.HAL_UART_MspDeInit) refers to stm32f1xx_hal_dma.o(i.HAL_DMA_DeInit) for HAL_DMA_DeInit
    usart.o(i.HAL_UART_MspDeInit) refers to stm32f1xx_hal_cortex.o(i.HAL_NVIC_DisableIRQ) for HAL_NVIC_DisableIRQ
    usart.o(i.HAL_UART_MspInit) refers to stm32f1xx_hal_gpio.o(i.HAL_GPIO_Init) for HAL_GPIO_Init
    usart.o(i.HAL_UART_MspInit) refers to stm32f1xx_hal_dma.o(i.HAL_DMA_Init) for HAL_DMA_Init
[...]
    Removing rtx_msgqueue.o(.ARM.exidx.text.svcRtxMessageQueuePut), (8 bytes).
    Removing rtx_msgqueue.o(.ARM.exidx.text.MessageQueueGet), (8 bytes).
    Removing rtx_msgqueue.o(.ARM.exidx.text.svcRtxMessageQueueGet), (8 bytes).
    Removing rtx_msgqueue.o(.text.svcRtxMessageQueueReset), (168 bytes).
    Removing rtx_msgqueue.o(.ARM.exidx.text.svcRtxMessageQueueReset), (8 bytes).
    Removing rtx_msgqueue.o(.text.svcRtxMessageQueueDelete), (112 bytes).
    Removing rtx_msgqueue.o(.ARM.exidx.text.svcRtxMessageQueueDelete), (8 bytes).

720 unused section(s) (total 34491 bytes) removed from the image.

==============================================================================

Image Symbol Table

    Local Symbols

    Symbol Name                              Value     Ov Type        Size  Object(Section)

    ../Core/Src/dma.c                        0x00000000   Number         0  dma.o ABSOLUTE
    ../Core/Src/gpio.c                       0x00000000   Number         0  gpio.o ABSOLUTE
    ../Core/Src/iwdg.c                       0x00000000   Number         0  iwdg.o ABSOLUTE
    ../Core/Src/main.c                       0x00000000   Number         0  main_1.o ABSOLUTE
    ../Core/Src/stm32f1xx_hal_msp.c          0x00000000   Number         0  stm32f1xx_hal_msp.o ABSOLUTE
    ../Core/Src/stm32f1xx_hal_timebase_tim.c 0x00000000   Number         0  stm32f1xx_hal_timebase_tim.o ABSOLUTE
    ../Core/Src/stm32f1xx_it.c               0x00000000   Number         0  stm32f1xx_it.o ABSOLUTE
    ../Core/Src/system_stm32f1xx.c           0x00000000   Number         0  system_stm32f1xx.o ABSOLUTE
    ../Core/Src/usart.c                      0x00000000   Number         0  usart.o ABSOLUTE
    ../Drivers/STM32F1xx_HAL_Driver/Src/stm32f1xx_hal.c 0x00000000   Number         0  stm32f1xx_hal.o ABSOLUTE
    ../Drivers/STM32F1xx_HAL_Driver/Src/stm32f1xx_hal_cortex.c 0x00000000   Number         0  stm32f1xx_hal_cortex.o ABSOLUTE
    ../Drivers/STM32F1xx_HAL_Driver/Src/stm32f1xx_hal_dma.c 0x00000000   Number         0  stm32f1xx_hal_dma.o ABSOLUTE
    ../Drivers/STM32F1xx_HAL_Driver/Src/stm32f1xx_hal_exti.c 0x00000000   Number         0  stm32f1xx_hal_exti.o ABSOLUTE
    ../Drivers/STM32F1xx_HAL_Driver/Src/stm32f1xx_hal_flash.c 0x00000000   Number         0  stm32f1xx_hal_flash.o ABSOLUTE
    ../Drivers/STM32F1xx_HAL_Driver/Src/stm32f1xx_hal_flash_ex.c 0x00000000   Number         0  stm32f1xx_hal_flash_ex.o ABSOLUTE
    ../Drivers/STM32F1xx_HAL_Driver/Src/stm32f1xx_hal_gpio.c 0x00000000   Number         0  stm32f1xx_hal_gpio.o ABSOLUTE
    ../Drivers/STM32F1xx_HAL_Driver/Src/stm32f1xx_hal_gpio_ex.c 0x00000000   Number         0  stm32f1xx_hal_gpio_ex.o ABSOLUTE
    ../Drivers/STM32F1xx_HAL_Driver/Src/stm32f1xx_hal_iwdg.c 0x00000000   Number         0  stm32f1xx_hal_iwdg.o ABSOLUTE
    ../Drivers/STM32F1xx_HAL_Driver/Src/stm32f1xx_hal_pwr.c 0x00000000   Number         0  stm32f1xx_hal_pwr.o ABSOLUTE
    ../Drivers/STM32F1xx_HAL_Driver/Src/stm32f1xx_hal_rcc.c 0x00000000   Number         0  stm32f1xx_hal_rcc.o ABSOLUTE
    ../Drivers/STM32F1xx_HAL_Driver/Src/stm32f1xx_hal_rcc_ex.c 0x00000000   Number         0  stm32f1xx_hal_rcc_ex.o ABSOLUTE
    ../Drivers/STM32F1xx_HAL_Driver/Src/stm32f1xx_hal_tim.c 0x00000000   Number         0  stm32f1xx_hal_tim.o ABSOLUTE
    ../Drivers/STM32F1xx_HAL_Driver/Src/stm32f1xx_hal_tim_ex.c 0x00000000   Number         0  stm32f1xx_hal_tim_ex.o ABSOLUTE
    ../Drivers/STM32F1xx_HAL_Driver/Src/stm32f1xx_hal_uart.c 0x00000000   Number         0  stm32f1xx_hal_uart.o ABSOLUTE
    ../clib/../cmprslib/zerorunl.c           0x00000000   Number         0  __dczerorl.o ABSOLUTE
    ../clib/microlib/init/entry.s            0x00000000   Number         0  entry.o ABSOLUTE
    ../clib/microlib/init/entry.s            0x00000000   Number         0  entry2.o ABSOLUTE
    ../clib/microlib/init/entry.s            0x00000000   Number         0  entry10b.o ABSOLUTE
    ../clib/microlib/init/entry.s            0x00000000   Number         0  entry5.o ABSOLUTE
    ../clib/microlib/init/entry.s            0x00000000   Number         0  entry7a.o ABSOLUTE
    ../clib/microlib/init/entry.s            0x00000000   Number         0  entry7b.o ABSOLUTE
    ../clib/microlib/init/entry.s            0x00000000   Number         0  entry8a.o ABSOLUTE
    ../clib/microlib/init/entry.s            0x00000000   Number         0  entry8b.o ABSOLUTE
    ../clib/microlib/init/entry.s            0x00000000   Number         0  entry9a.o ABSOLUTE
    ../clib/microlib/init/entry.s            0x00000000   Number         0  entry9b.o ABSOLUTE
    ../clib/microlib/init/entry.s            0x00000000   Number         0  entry10a.o ABSOLUTE
    ../clib/microlib/init/entry.s            0x00000000   Number         0  entry11a.o ABSOLUTE
    ../clib/microlib/init/entry.s            0x00000000   Number         0  entry11b.o ABSOLUTE
    ../clib/microlib/longlong.c              0x00000000   Number         0  llushr.o ABSOLUTE
    ../clib/microlib/string/memcpy.c         0x00000000   Number         0  memcpyb.o ABSOLUTE
    ../clib/microlib/string/memcpy.c         0x00000000   Number         0  memcpya.o ABSOLUTE
    ../clib/microlib/string/memset.c         0x00000000   Number         0  memseta.o ABSOLUTE
    ..\..\..\Source\ARM\irq_cm3.s            0x00000000   Number         0  irq_cm3.o ABSOLUTE
    ..\Core\Src\dma.c                        0x00000000   Number         0  dma.o ABSOLUTE
    ..\Core\Src\gpio.c                       0x00000000   Number         0  gpio.o ABSOLUTE
    ..\Core\Src\iwdg.c                       0x00000000   Number         0  iwdg.o ABSOLUTE
    ..\Core\Src\main.c                       0x00000000   Number         0  main_1.o ABSOLUTE
    ..\Core\Src\stm32f1xx_hal_msp.c          0x00000000   Number         0  stm32f1xx_hal_msp.o ABSOLUTE
    ..\Core\Src\stm32f1xx_hal_timebase_tim.c 0x00000000   Number         0  stm32f1xx_hal_timebase_tim.o ABSOLUTE
    ..\Core\Src\stm32f1xx_it.c               0x00000000   Number         0  stm32f1xx_it.o ABSOLUTE
    ..\Core\Src\system_stm32f1xx.c           0x00000000   Number         0  system_stm32f1xx.o ABSOLUTE
    ..\Core\Src\usart.c                      0x00000000   Number         0  usart.o ABSOLUTE
    ..\Drivers\STM32F1xx_HAL_Driver\Src\stm32f1xx_hal.c 0x00000000   Number         0  stm32f1xx_hal.o ABSOLUTE
    ..\Drivers\STM32F1xx_HAL_Driver\Src\stm32f1xx_hal_cortex.c 0x00000000   Number         0  stm32f1xx_hal_cortex.o ABSOLUTE
    ..\Drivers\STM32F1xx_HAL_Driver\Src\stm32f1xx_hal_dma.c 0x00000000   Number         0  stm32f1xx_hal_dma.o ABSOLUTE
    ..\Drivers\STM32F1xx_HAL_Driver\Src\stm32f1xx_hal_exti.c 0x00000000   Number         0  stm32f1xx_hal_exti.o ABSOLUTE
    ..\Drivers\STM32F1xx_HAL_Driver\Src\stm32f1xx_hal_flash.c 0x00000000   Number         0  stm32f1xx_hal_flash.o ABSOLUTE
    ..\Drivers\STM32F1xx_HAL_Driver\Src\stm32f1xx_hal_flash_ex.c 0x00000000   Number         0  stm32f1xx_hal_flash_ex.o ABSOLUTE
    ..\Drivers\STM32F1xx_HAL_Driver\Src\stm32f1xx_hal_gpio.c 0x00000000   Number         0  stm32f1xx_hal_gpio.o ABSOLUTE
    ..\Drivers\STM32F1xx_HAL_Driver\Src\stm32f1xx_hal_gpio_ex.c 0x00000000   Number         0  stm32f1xx_hal_gpio_ex.o ABSOLUTE
    ..\Drivers\STM32F1xx_HAL_Driver\Src\stm32f1xx_hal_iwdg.c 0x00000000   Number         0  stm32f1xx_hal_iwdg.o ABSOLUTE
    ..\Drivers\STM32F1xx_HAL_Driver\Src\stm32f1xx_hal_pwr.c 0x00000000   Number         0  stm32f1xx_hal_pwr.o ABSOLUTE
    ..\Drivers\STM32F1xx_HAL_Driver\Src\stm32f1xx_hal_rcc.c 0x00000000   Number         0  stm32f1xx_hal_rcc.o ABSOLUTE
    ..\Drivers\STM32F1xx_HAL_Driver\Src\stm32f1xx_hal_rcc_ex.c 0x00000000   Number         0  stm32f1xx_hal_rcc_ex.o ABSOLUTE
    ..\Drivers\STM32F1xx_HAL_Driver\Src\stm32f1xx_hal_tim.c 0x00000000   Number         0  stm32f1xx_hal_tim.o ABSOLUTE
    ..\Drivers\STM32F1xx_HAL_Driver\Src\stm32f1xx_hal_tim_ex.c 0x00000000   Number         0  stm32f1xx_hal_tim_ex.o ABSOLUTE
    ..\Drivers\STM32F1xx_HAL_Driver\Src\stm32f1xx_hal_uart.c 0x00000000   Number         0  stm32f1xx_hal_uart.o ABSOLUTE
    ..\RTX\app_main.c                        0x00000000   Number         0  app_main.o ABSOLUTE
    ..\\RTX\\app_main.c                      0x00000000   Number         0  app_main.o ABSOLUTE
    C:\Keil_v5\ARM\PACK\ARM\CMSIS\5.7.0\CMSIS\RTOS2\RTX\Source\rtx_lib.c 0x00000000   Number         0  rtx_lib.o ABSOLUTE
    C:\\Keil_v5\\ARM\\PACK\\ARM\\CMSIS\\5.7.0\\CMSIS\\RTOS2\\RTX\\Source\\rtx_lib.c 0x00000000   Number         0  rtx_lib.o ABSOLUTE
    RTE\CMSIS\RTX_Config.c                   0x00000000   Number         0  rtx_config.o ABSOLUTE
    RTE\\CMSIS\\RTX_Config.c                 0x00000000   Number         0  rtx_config.o ABSOLUTE
    dc.s                                     0x00000000   Number         0  dc.o ABSOLUTE
    handlers.s                               0x00000000   Number         0  handlers.o ABSOLUTE
    init.s                                   0x00000000   Number         0  init.o ABSOLUTE
    os_systick.c                             0x00000000   Number         0  os_systick.o ABSOLUTE
    rtx_delay.c                              0x00000000   Number         0  rtx_delay.o ABSOLUTE
    rtx_kernel.c                             0x00000000   Number         0  rtx_kernel.o ABSOLUTE
    rtx_memory.c                             0x00000000   Number         0  rtx_memory.o ABSOLUTE
    rtx_mempool.c                            0x00000000   Number         0  rtx_mempool.o ABSOLUTE
    rtx_msgqueue.c                           0x00000000   Number         0  rtx_msgqueue.o ABSOLUTE
    rtx_mutex.c                              0x00000000   Number         0  rtx_mutex.o ABSOLUTE
    rtx_system.c                             0x00000000   Number         0  rtx_system.o ABSOLUTE
    rtx_thread.c                             0x00000000   Number         0  rtx_thread.o ABSOLUTE
    rtx_timer.c                              0x00000000   Number         0  rtx_timer.o ABSOLUTE
    startup_stm32f103xe.s                    0x00000000   Number         0  startup_stm32f103xe.o ABSOLUTE
    RESET                                    0x08000000   Section      304  startup_stm32f103xe.o(RESET)
    .ARM.Collect$$$$00000000                 0x08000130   Section        0  entry.o(.ARM.Collect$$$$00000000)
    .ARM.Collect$$$$00000001                 0x08000130   Section        4  entry2.o(.ARM.Collect$$$$00000001)
    .ARM.Collect$$$$00000004                 0x08000134   Section        4  entry5.o(.ARM.Collect$$$$00000004)
    .ARM.Collect$$$$00000008                 0x08000138   Section        0  entry7b.o(.ARM.Collect$$$$00000008)
    .ARM.Collect$$$$0000000A                 0x08000138   Section        0  entry8b.o(.ARM.Collect$$$$0000000A)
    .ARM.Collect$$$$0000000B                 0x08000138   Section        8  entry9a.o(.ARM.Collect$$$$0000000B)
    .ARM.Collect$$$$0000000D                 0x08000140   Section        0  entry10a.o(.ARM.Collect$$$$0000000D)
    .ARM.Collect$$$$0000000F                 0x08000140   Section        0  entry11a.o(.ARM.Collect$$$$0000000F)
    .ARM.Collect$$$$00002712                 0x08000140   Section        4  entry2.o(.ARM.Collect$$$$00002712)
    __lit__00000000                          0x08000140   Data           4  entry2.o(.ARM.Collect$$$$00002712)
    .text                                    0x08000144   Section       36  startup_stm32f103xe.o(.text)
    .text                                    0x08000168   Section      148  irq_cm3.o(.text)
    .text                                    0x080001fc   Section        0  memcpya.o(.text)
    .text                                    0x08000220   Section        0  memseta.o(.text)
    .text                                    0x08000244   Section       36  init.o(.text)
    .text                                    0x08000268   Section        0  __dczerorl.o(.text)
    [Anonymous Symbol]                       0x080002a2   Section        0  rtx_msgqueue.o(.text.MessageQueueGet)
    MessageQueueGet                          0x080002a3   Thumb Code    64  rtx_msgqueue.o(.text.MessageQueueGet)
    [Anonymous Symbol]                       0x080002e2   Section        0  rtx_msgqueue.o(.text.MessageQueuePut)
    MessageQueuePut                          0x080002e3   Thumb Code    88  rtx_msgqueue.o(.text.MessageQueuePut)
    [Anonymous Symbol]                       0x0800033a   Section        0  rtx_msgqueue.o(.text.MessageQueueRemove)
    MessageQueueRemove                       0x0800033b   Thumb Code    28  rtx_msgqueue.o(.text.MessageQueueRemove)
    [Anonymous Symbol]                       0x08000358   Section        0  os_systick.o(.text.OS_Tick_AcknowledgeIRQ)
    __arm_cp.3_0                             0x08000360   Number         4  os_systick.o(.text.OS_Tick_AcknowledgeIRQ)
    [Anonymous Symbol]                       0x08000364   Section        0  os_systick.o(.text.OS_Tick_Enable)
    __arm_cp.1_0                             0x08000384   Number         4  os_systick.o(.text.OS_Tick_Enable)
    __arm_cp.1_1                             0x08000388   Number         4  os_systick.o(.text.OS_Tick_Enable)
    __arm_cp.1_2                             0x0800038c   Number         4  os_systick.o(.text.OS_Tick_Enable)
    [Anonymous Symbol]                       0x08000390   Section        0  os_systick.o(.text.OS_Tick_GetIRQn)
    [Anonymous Symbol]                       0x08000398   Section        0  os_systick.o(.text.OS_Tick_Setup)
    __arm_cp.0_0                             0x080003c8   Number         4  os_systick.o(.text.OS_Tick_Setup)
    __arm_cp.0_1                             0x080003cc   Number         4  os_systick.o(.text.OS_Tick_Setup)
    __arm_cp.0_2                             0x080003d0   Number         4  os_systick.o(.text.OS_Tick_Setup)
    __arm_cp.0_3                             0x080003d4   Number         4  os_systick.o(.text.OS_Tick_Setup)
    [Anonymous Symbol]                       0x080003d8   Section        0  rtx_thread.o(.text.ThreadFlagsCheck)
    ThreadFlagsCheck                         0x080003d9   Thumb Code   110  rtx_thread.o(.text.ThreadFlagsCheck)
    [Anonymous Symbol]                       0x08000448   Section        0  rtx_timer.o(.text.TimerInsert)
    TimerInsert                              0x08000449   Thumb Code    72  rtx_timer.o(.text.TimerInsert)
    __arm_cp.8_0                             0x0800048c   Number         4  rtx_timer.o(.text.TimerInsert)
    [Anonymous Symbol]                       0x08000490   Section        0  rtx_delay.o(.text.osDelay)
    __arm_cp.0_0                             0x080004b0   Number         4  rtx_delay.o(.text.osDelay)
    [Anonymous Symbol]                       0x080004b4   Section        0  rtx_kernel.o(.text.osKernelGetState)
    __arm_cp.4_0                             0x080004dc   Number         4  rtx_kernel.o(.text.osKernelGetState)
    __arm_cp.4_1                             0x080004e0   Number         4  rtx_kernel.o(.text.osKernelGetState)
    [Anonymous Symbol]                       0x080004e4   Section        0  rtx_kernel.o(.text.osKernelInitialize)
    __arm_cp.1_0                             0x0800050c   Number         4  rtx_kernel.o(.text.osKernelInitialize)
    [Anonymous Symbol]                       0x08000510   Section        0  rtx_kernel.o(.text.osKernelStart)
    __arm_cp.6_0                             0x08000530   Number         4  rtx_kernel.o(.text.osKernelStart)
    [Anonymous Symbol]                       0x08000534   Section        0  rtx_msgqueue.o(.text.osMessageQueueGet)
    __arm_cp.3_0                             0x0800059c   Number         4  rtx_msgqueue.o(.text.osMessageQueueGet)
    [Anonymous Symbol]                       0x080005a0   Section        0  rtx_msgqueue.o(.text.osMessageQueueNew)
    __arm_cp.0_0                             0x080005c0   Number         4  rtx_msgqueue.o(.text.osMessageQueueNew)
    [Anonymous Symbol]                       0x080005c4   Section        0  rtx_msgqueue.o(.text.osMessageQueuePut)
    __arm_cp.2_0                             0x08000638   Number         4  rtx_msgqueue.o(.text.osMessageQueuePut)
    [Anonymous Symbol]                       0x0800063c   Section        0  rtx_kernel.o(.text.osRtxKernelPreInit)
    [Anonymous Symbol]                       0x0800063e   Section        0  rtx_memory.o(.text.osRtxMemoryAlloc)
    [Anonymous Symbol]                       0x080006ae   Section        0  rtx_memory.o(.text.osRtxMemoryFree)
    [Anonymous Symbol]                       0x080006f4   Section        0  rtx_memory.o(.text.osRtxMemoryInit)
    [Anonymous Symbol]                       0x08000730   Section        0  rtx_mempool.o(.text.osRtxMemoryPoolAlloc)
    [Anonymous Symbol]                       0x0800076a   Section        0  rtx_mempool.o(.text.osRtxMemoryPoolFree)
    [Anonymous Symbol]                       0x080007b4   Section        0  rtx_mempool.o(.text.osRtxMemoryPoolInit)
    [Anonymous Symbol]                       0x080007ea   Section        0  rtx_msgqueue.o(.text.osRtxMessageQueuePostProcess)
    osRtxMessageQueuePostProcess             0x080007eb   Thumb Code   186  rtx_msgqueue.o(.text.osRtxMessageQueuePostProcess)
    [Anonymous Symbol]                       0x080008a4   Section        0  rtx_mutex.o(.text.osRtxMutexOwnerRelease)
    [Anonymous Symbol]                       0x080008ec   Section        0  rtx_mutex.o(.text.osRtxMutexOwnerRestore)
    [Anonymous Symbol]                       0x08000930   Section        0  rtx_system.o(.text.osRtxPendSV_Handler)
    __arm_cp.1_0                             0x080009b8   Number         4  rtx_system.o(.text.osRtxPendSV_Handler)
    [Anonymous Symbol]                       0x080009bc   Section        0  rtx_system.o(.text.osRtxPostProcess)
    __arm_cp.2_0                             0x08000a28   Number         4  rtx_system.o(.text.osRtxPostProcess)
    __arm_cp.2_1                             0x08000a2c   Number         4  rtx_system.o(.text.osRtxPostProcess)
    [Anonymous Symbol]                       0x08000a30   Section        0  rtx_thread.o(.text.osRtxThreadBlock)
    osRtxThreadBlock                         0x08000a31   Thumb Code    56  rtx_thread.o(.text.osRtxThreadBlock)
    __arm_cp.11_0                            0x08000a64   Number         4  rtx_thread.o(.text.osRtxThreadBlock)
    [Anonymous Symbol]                       0x08000a68   Section        0  rtx_thread.o(.text.osRtxThreadDelayInsert)
    osRtxThreadDelayInsert                   0x08000a69   Thumb Code   116  rtx_thread.o(.text.osRtxThreadDelayInsert)
    __arm_cp.15_0                            0x08000ad8   Number         4  rtx_thread.o(.text.osRtxThreadDelayInsert)
    [Anonymous Symbol]                       0x08000adc   Section        0  rtx_thread.o(.text.osRtxThreadDelayRemove)
    osRtxThreadDelayRemove                   0x08000add   Thumb Code    60  rtx_thread.o(.text.osRtxThreadDelayRemove)
    __arm_cp.13_0                            0x08000b14   Number         4  rtx_thread.o(.text.osRtxThreadDelayRemove)
    [Anonymous Symbol]                       0x08000b18   Section        0  rtx_thread.o(.text.osRtxThreadDelayTick)
    __arm_cp.5_0                             0x08000b60   Number         4  rtx_thread.o(.text.osRtxThreadDelayTick)
    [Anonymous Symbol]                       0x08000b64   Section        0  rtx_thread.o(.text.osRtxThreadDispatch)
    __arm_cp.10_0                            0x08000bb8   Number         4  rtx_thread.o(.text.osRtxThreadDispatch)
    [Anonymous Symbol]                       0x08000bbc   Section        0  rtx_thread.o(.text.osRtxThreadFree)
    osRtxThreadFree                          0x08000bbd   Thumb Code    88  rtx_thread.o(.text.osRtxThreadFree)
    __arm_cp.53_0                            0x08000c10   Number         4  rtx_thread.o(.text.osRtxThreadFree)
    [Anonymous Symbol]                       0x08000c14   Section        0  rtx_thread.o(.text.osRtxThreadListGet)
    [Anonymous Symbol]                       0x08000c26   Section        0  rtx_thread.o(.text.osRtxThreadListPut)
    [Anonymous Symbol]                       0x08000c52   Section        0  rtx_thread.o(.text.osRtxThreadListRemove)
    [Anonymous Symbol]                       0x08000c66   Section        0  rtx_thread.o(.text.osRtxThreadListRoot)
    osRtxThreadListRoot                      0x08000c67   Thumb Code    12  rtx_thread.o(.text.osRtxThreadListRoot)
    [Anonymous Symbol]                       0x08000c72   Section        0  rtx_thread.o(.text.osRtxThreadListSort)
    [Anonymous Symbol]                       0x08000c98   Section        0  rtx_thread.o(.text.osRtxThreadPostProcess)
    osRtxThreadPostProcess                   0x08000c99   Thumb Code    40  rtx_thread.o(.text.osRtxThreadPostProcess)
    [Anonymous Symbol]                       0x08000cc0   Section        0  rtx_thread.o(.text.osRtxThreadReadyPut)
    __arm_cp.4_0                             0x08000cd0   Number         4  rtx_thread.o(.text.osRtxThreadReadyPut)
    [Anonymous Symbol]                       0x08000cd4   Section        0  rtx_thread.o(.text.osRtxThreadRegPtr)
    [Anonymous Symbol]                       0x08000cdc   Section        0  rtx_thread.o(.text.osRtxThreadStackCheck)
    __arm_cp.9_0                             0x08000cfc   Number         4  rtx_thread.o(.text.osRtxThreadStackCheck)
    __arm_cp.9_1                             0x08000d00   Number         4  rtx_thread.o(.text.osRtxThreadStackCheck)
    [Anonymous Symbol]                       0x08000d04   Section        0  rtx_thread.o(.text.osRtxThreadStartup)
    __arm_cp.16_0                            0x08000d34   Number         4  rtx_thread.o(.text.osRtxThreadStartup)
    __arm_cp.16_1                            0x08000d38   Number         4  rtx_thread.o(.text.osRtxThreadStartup)
    __arm_cp.16_2                            0x08000d3c   Number         4  rtx_thread.o(.text.osRtxThreadStartup)
    __arm_cp.16_3                            0x08000d40   Number         4  rtx_thread.o(.text.osRtxThreadStartup)
    [Anonymous Symbol]                       0x08000d44   Section        0  rtx_thread.o(.text.osRtxThreadSwitch)
    __arm_cp.8_0                             0x08000d50   Number         4  rtx_thread.o(.text.osRtxThreadSwitch)
    [Anonymous Symbol]                       0x08000d54   Section        0  rtx_thread.o(.text.osRtxThreadWaitEnter)
    __arm_cp.14_0                            0x08000d88   Number         4  rtx_thread.o(.text.osRtxThreadWaitEnter)
    [Anonymous Symbol]                       0x08000d8c   Section        0  rtx_thread.o(.text.osRtxThreadWaitExit)
    [Anonymous Symbol]                       0x08000db0   Section        0  rtx_system.o(.text.osRtxTick_Handler)
    __arm_cp.0_0                             0x08000e1c   Number         4  rtx_system.o(.text.osRtxTick_Handler)
    [Anonymous Symbol]                       0x08000e20   Section        0  rtx_timer.o(.text.osRtxTimerThread)
    __arm_cp.0_0                             0x08000e50   Number         4  rtx_timer.o(.text.osRtxTimerThread)
    __arm_cp.0_1                             0x08000e54   Number         4  rtx_timer.o(.text.osRtxTimerThread)
    __arm_cp.0_2                             0x08000e58   Number         4  rtx_timer.o(.text.osRtxTimerThread)
    [Anonymous Symbol]                       0x08000e5c   Section        0  rtx_timer.o(.text.osRtxTimerTick)
    osRtxTimerTick                           0x08000e5d   Thumb Code    84  rtx_timer.o(.text.osRtxTimerTick)
    __arm_cp.1_0                             0x08000eac   Number         4  rtx_timer.o(.text.osRtxTimerTick)
    [Anonymous Symbol]                       0x08000eb0   Section        0  rtx_thread.o(.text.osThreadExit)
    __arm_cp.32_0                            0x08000eb8   Number         4  rtx_thread.o(.text.osThreadExit)
    [Anonymous Symbol]                       0x08000ebc   Section        0  rtx_thread.o(.text.osThreadNew)
    __arm_cp.18_0                            0x08000edc   Number         4  rtx_thread.o(.text.osThreadNew)
    [Anonymous Symbol]                       0x08000ee0   Section        0  rtx_delay.o(.text.svcRtxDelay)
    svcRtxDelay                              0x08000ee1   Thumb Code    20  rtx_delay.o(.text.svcRtxDelay)
    [Anonymous Symbol]                       0x08000ef4   Section        0  rtx_kernel.o(.text.svcRtxKernelGetState)
    svcRtxKernelGetState                     0x08000ef5   Thumb Code    12  rtx_kernel.o(.text.svcRtxKernelGetState)
    __arm_cp.5_0                             0x08000efc   Number         4  rtx_kernel.o(.text.svcRtxKernelGetState)
    [Anonymous Symbol]                       0x08000f00   Section        0  rtx_kernel.o(.text.svcRtxKernelInitialize)
    svcRtxKernelInitialize                   0x08000f01   Thumb Code   336  rtx_kernel.o(.text.svcRtxKernelInitialize)
    __arm_cp.20_0                            0x08001044   Number         4  rtx_kernel.o(.text.svcRtxKernelInitialize)
    __arm_cp.20_1                            0x08001048   Number         4  rtx_kernel.o(.text.svcRtxKernelInitialize)
    __arm_cp.20_2                            0x0800104c   Number         4  rtx_kernel.o(.text.svcRtxKernelInitialize)
    [Anonymous Symbol]                       0x08001050   Section        0  rtx_kernel.o(.text.svcRtxKernelStart)
    svcRtxKernelStart                        0x08001051   Thumb Code   136  rtx_kernel.o(.text.svcRtxKernelStart)
    __arm_cp.21_0                            0x080010c8   Number         4  rtx_kernel.o(.text.svcRtxKernelStart)
    __arm_cp.21_1                            0x080010cc   Number         4  rtx_kernel.o(.text.svcRtxKernelStart)
    __arm_cp.21_2                            0x080010d0   Number         4  rtx_kernel.o(.text.svcRtxKernelStart)
    __arm_cp.21_3                            0x080010d4   Number         4  rtx_kernel.o(.text.svcRtxKernelStart)
    [Anonymous Symbol]                       0x080010d8   Section        0  rtx_msgqueue.o(.text.svcRtxMessageQueueGet)
    svcRtxMessageQueueGet                    0x080010d9   Thumb Code   224  rtx_msgqueue.o(.text.svcRtxMessageQueueGet)
    __arm_cp.21_0                            0x080011b4   Number         4  rtx_msgqueue.o(.text.svcRtxMessageQueueGet)
    [Anonymous Symbol]                       0x080011b8   Section        0  rtx_msgqueue.o(.text.svcRtxMessageQueueNew)
    svcRtxMessageQueueNew                    0x080011b9   Thumb Code   304  rtx_msgqueue.o(.text.svcRtxMessageQueueNew)
    __arm_cp.14_0                            0x080012e0   Number         4  rtx_msgqueue.o(.text.svcRtxMessageQueueNew)
    __arm_cp.14_1                            0x080012e4   Number         4  rtx_msgqueue.o(.text.svcRtxMessageQueueNew)
    [Anonymous Symbol]                       0x080012e8   Section        0  rtx_msgqueue.o(.text.svcRtxMessageQueuePut)
    svcRtxMessageQueuePut                    0x080012e9   Thumb Code   192  rtx_msgqueue.o(.text.svcRtxMessageQueuePut)
    __arm_cp.19_0                            0x080013a4   Number         4  rtx_msgqueue.o(.text.svcRtxMessageQueuePut)
    [Anonymous Symbol]                       0x080013a8   Section        0  rtx_thread.o(.text.svcRtxThreadExit)
    svcRtxThreadExit                         0x080013a9   Thumb Code   104  rtx_thread.o(.text.svcRtxThreadExit)
    __arm_cp.55_0                            0x0800140c   Number         4  rtx_thread.o(.text.svcRtxThreadExit)
    [Anonymous Symbol]                       0x08001410   Section        0  rtx_thread.o(.text.svcRtxThreadNew)
    svcRtxThreadNew                          0x08001411   Thumb Code   464  rtx_thread.o(.text.svcRtxThreadNew)
    __arm_cp.17_0                            0x080015cc   Number         4  rtx_thread.o(.text.svcRtxThreadNew)
    __arm_cp.17_1                            0x080015d0   Number         4  rtx_thread.o(.text.svcRtxThreadNew)
    __arm_cp.17_2                            0x080015d4   Number         4  rtx_thread.o(.text.svcRtxThreadNew)
    __arm_cp.17_3                            0x080015d8   Number         4  rtx_thread.o(.text.svcRtxThreadNew)
    __arm_cp.17_4                            0x080015dc   Number         4  rtx_thread.o(.text.svcRtxThreadNew)
    i.BusFault_Handler                       0x080015e0   Section        0  stm32f1xx_it.o(i.BusFault_Handler)
    i.DMA1_Channel4_IRQHandler               0x080015e4   Section        0  stm32f1xx_it.o(i.DMA1_Channel4_IRQHandler)
    i.DMA1_Channel5_IRQHandler               0x080015f0   Section        0  stm32f1xx_it.o(i.DMA1_Channel5_IRQHandler)
    i.DebugMon_Handler                       0x080015fc   Section        0  stm32f1xx_it.o(i.DebugMon_Handler)
    i.Error_Handler                          0x080015fe   Section        0  main_1.o(i.Error_Handler)
    i.HAL_DMA_Abort                          0x08001602   Section        0  stm32f1xx_hal_dma.o(i.HAL_DMA_Abort)
    i.HAL_DMA_Abort_IT                       0x08001648   Section        0  stm32f1xx_hal_dma.o(i.HAL_DMA_Abort_IT)
    i.HAL_DMA_IRQHandler                     0x08001778   Section        0  stm32f1xx_hal_dma.o(i.HAL_DMA_IRQHandler)
    i.HAL_DMA_Init                           0x080019c0   Section        0  stm32f1xx_hal_dma.o(i.HAL_DMA_Init)
    i.HAL_GPIO_Init                          0x08001a3c   Section        0  stm32f1xx_hal_gpio.o(i.HAL_GPIO_Init)
    i.HAL_GPIO_TogglePin                     0x08001c34   Section        0  stm32f1xx_hal_gpio.o(i.HAL_GPIO_TogglePin)
    i.HAL_GPIO_WritePin                      0x08001c44   Section        0  stm32f1xx_hal_gpio.o(i.HAL_GPIO_WritePin)
    i.HAL_GetTick                            0x08001c50   Section        0  stm32f1xx_hal.o(i.HAL_GetTick)
    i.HAL_IWDG_Init                          0x08001c5c   Section        0  stm32f1xx_hal_iwdg.o(i.HAL_IWDG_Init)
    i.HAL_IWDG_Refresh                       0x08001cb6   Section        0  stm32f1xx_hal_iwdg.o(i.HAL_IWDG_Refresh)
    i.HAL_IncTick                            0x08001cc4   Section        0  stm32f1xx_hal.o(i.HAL_IncTick)
    i.HAL_Init                               0x08001cd4   Section        0  stm32f1xx_hal.o(i.HAL_Init)
    i.HAL_InitTick                           0x08001cf8   Section        0  stm32f1xx_hal_timebase_tim.o(i.HAL_InitTick)
    i.HAL_MspInit                            0x08001d90   Section        0  stm32f1xx_hal_msp.o(i.HAL_MspInit)
    i.HAL_NVIC_EnableIRQ                     0x08001dcc   Section        0  stm32f1xx_hal_cortex.o(i.HAL_NVIC_EnableIRQ)
    i.HAL_NVIC_SetPriority                   0x08001de8   Section        0  stm32f1xx_hal_cortex.o(i.HAL_NVIC_SetPriority)
    i.HAL_NVIC_SetPriorityGrouping           0x08001e28   Section        0  stm32f1xx_hal_cortex.o(i.HAL_NVIC_SetPriorityGrouping)
    i.HAL_RCC_ClockConfig                    0x08001e4c   Section        0  stm32f1xx_hal_rcc.o(i.HAL_RCC_ClockConfig)
    i.HAL_RCC_GetClockConfig                 0x08001f78   Section        0  stm32f1xx_hal_rcc.o(i.HAL_RCC_GetClockConfig)
    i.HAL_RCC_GetPCLK1Freq                   0x08001fb8   Section        0  stm32f1xx_hal_rcc.o(i.HAL_RCC_GetPCLK1Freq)
    i.HAL_RCC_GetPCLK2Freq                   0x08001fd8   Section        0  stm32f1xx_hal_rcc.o(i.HAL_RCC_GetPCLK2Freq)
    i.HAL_RCC_GetSysClockFreq                0x08001ff8   Section        0  stm32f1xx_hal_rcc.o(i.HAL_RCC_GetSysClockFreq)
    i.HAL_RCC_OscConfig                      0x08002064   Section        0  stm32f1xx_hal_rcc.o(i.HAL_RCC_OscConfig)
    i.HAL_TIMEx_BreakCallback                0x08002384   Section        0  stm32f1xx_hal_tim_ex.o(i.HAL_TIMEx_BreakCallback)
    i.HAL_TIMEx_CommutCallback               0x08002386   Section        0  stm32f1xx_hal_tim_ex.o(i.HAL_TIMEx_CommutCallback)
    i.HAL_TIM_Base_Init                      0x08002388   Section        0  stm32f1xx_hal_tim.o(i.HAL_TIM_Base_Init)
    i.HAL_TIM_Base_MspInit                   0x080023e2   Section        0  stm32f1xx_hal_tim.o(i.HAL_TIM_Base_MspInit)
    i.HAL_TIM_Base_Start_IT                  0x080023e4   Section        0  stm32f1xx_hal_tim.o(i.HAL_TIM_Base_Start_IT)
    i.HAL_TIM_IC_CaptureCallback             0x08002450   Section        0  stm32f1xx_hal_tim.o(i.HAL_TIM_IC_CaptureCallback)
    i.HAL_TIM_IRQHandler                     0x08002452   Section        0  stm32f1xx_hal_tim.o(i.HAL_TIM_IRQHandler)
    i.HAL_TIM_OC_DelayElapsedCallback        0x080025b8   Section        0  stm32f1xx_hal_tim.o(i.HAL_TIM_OC_DelayElapsedCallback)
    i.HAL_TIM_PWM_PulseFinishedCallback      0x080025ba   Section        0  stm32f1xx_hal_tim.o(i.HAL_TIM_PWM_PulseFinishedCallback)
    i.HAL_TIM_PeriodElapsedCallback          0x080025bc   Section        0  main_1.o(i.HAL_TIM_PeriodElapsedCallback)
    i.HAL_TIM_TriggerCallback                0x080025ca   Section        0  stm32f1xx_hal_tim.o(i.HAL_TIM_TriggerCallback)
    i.HAL_UARTEx_RxEventCallback             0x080025cc   Section        0  stm32f1xx_hal_uart.o(i.HAL_UARTEx_RxEventCallback)
    i.HAL_UART_ErrorCallback                 0x080025ce   Section        0  stm32f1xx_hal_uart.o(i.HAL_UART_ErrorCallback)
    i.HAL_UART_IRQHandler                    0x080025d0   Section        0  stm32f1xx_hal_uart.o(i.HAL_UART_IRQHandler)
    i.HAL_UART_Init                          0x080027dc   Section        0  stm32f1xx_hal_uart.o(i.HAL_UART_Init)
    i.HAL_UART_MspInit                       0x08002840   Section        0  usart.o(i.HAL_UART_MspInit)
    i.HAL_UART_RxCpltCallback                0x08002a5c   Section        0  stm32f1xx_hal_uart.o(i.HAL_UART_RxCpltCallback)
    i.HAL_UART_TxCpltCallback                0x08002a5e   Section        0  stm32f1xx_hal_uart.o(i.HAL_UART_TxCpltCallback)
    i.HardFault_Handler                      0x08002a60   Section        0  stm32f1xx_it.o(i.HardFault_Handler)
    i.MX_DMA_Init                            0x08002a64   Section        0  dma.o(i.MX_DMA_Init)
    i.MX_GPIO_Init                           0x08002aa0   Section        0  gpio.o(i.MX_GPIO_Init)
    i.MX_IWDG_Init                           0x08002b70   Section        0  iwdg.o(i.MX_IWDG_Init)
    i.MX_UART4_Init                          0x08002b9c   Section        0  usart.o(i.MX_UART4_Init)
    i.MX_UART5_Init                          0x08002bd4   Section        0  usart.o(i.MX_UART5_Init)
    i.MX_USART1_UART_Init                    0x08002c0c   Section        0  usart.o(i.MX_USART1_UART_Init)
    i.MX_USART2_UART_Init                    0x08002c44   Section        0  usart.o(i.MX_USART2_UART_Init)
    i.MX_USART3_UART_Init                    0x08002c7c   Section        0  usart.o(i.MX_USART3_UART_Init)
    i.MemManage_Handler                      0x08002cb4   Section        0  stm32f1xx_it.o(i.MemManage_Handler)
    i.NMI_Handler                            0x08002cb6   Section        0  stm32f1xx_it.o(i.NMI_Handler)
    i.SystemClock_Config                     0x08002cb8   Section        0  main_1.o(i.SystemClock_Config)
    i.SystemInit                             0x08002d18   Section        0  system_stm32f1xx.o(i.SystemInit)
    i.TIM2_IRQHandler                        0x08002d1c   Section        0  stm32f1xx_it.o(i.TIM2_IRQHandler)
    i.TIM_Base_SetConfig                     0x08002d28   Section        0  stm32f1xx_hal_tim.o(i.TIM_Base_SetConfig)
    i.UART_DMAAbortOnError                   0x08002db4   Section        0  stm32f1xx_hal_uart.o(i.UART_DMAAbortOnError)
    UART_DMAAbortOnError                     0x08002db5   Thumb Code    16  stm32f1xx_hal_uart.o(i.UART_DMAAbortOnError)
    i.UART_EndRxTransfer                     0x08002dc4   Section        0  stm32f1xx_hal_uart.o(i.UART_EndRxTransfer)
    UART_EndRxTransfer                       0x08002dc5   Thumb Code    48  stm32f1xx_hal_uart.o(i.UART_EndRxTransfer)
    i.UART_Receive_IT                        0x08002df4   Section        0  stm32f1xx_hal_uart.o(i.UART_Receive_IT)
    UART_Receive_IT                          0x08002df5   Thumb Code   182  stm32f1xx_hal_uart.o(i.UART_Receive_IT)
    i.UART_SetConfig                         0x08002eac   Section        0  stm32f1xx_hal_uart.o(i.UART_SetConfig)
    UART_SetConfig                           0x08002ead   Thumb Code   178  stm32f1xx_hal_uart.o(i.UART_SetConfig)
    i.USART1_IRQHandler                      0x08002f64   Section        0  stm32f1xx_it.o(i.USART1_IRQHandler)
    i.UsageFault_Handler                     0x08002f70   Section        0  stm32f1xx_it.o(i.UsageFault_Handler)
    i.__NVIC_SetPriority                     0x08002f72   Section        0  stm32f1xx_hal_cortex.o(i.__NVIC_SetPriority)
    __NVIC_SetPriority                       0x08002f73   Thumb Code    32  stm32f1xx_hal_cortex.o(i.__NVIC_SetPriority)
    i.__scatterload_copy                     0x08002f92   Section       14  handlers.o(i.__scatterload_copy)
    i.__scatterload_null                     0x08002fa0   Section        2  handlers.o(i.__scatterload_null)
    i.__scatterload_zeroinit                 0x08002fa2   Section       14  handlers.o(i.__scatterload_zeroinit)
    i.app_main                               0x08002fb0   Section        0  app_main.o(i.app_main)
    i.main                                   0x08002fdc   Section        0  main_1.o(i.main)
    i.osRtxErrorNotify                       0x0800300a   Section        0  rtx_config.o(i.osRtxErrorNotify)
    i.osRtxIdleThread                        0x0800300c   Section        0  rtx_config.o(i.osRtxIdleThread)
    i.start_main                             0x08003010   Section        0  app_main.o(i.start_main)
    start_main                               0x08003011   Thumb Code    32  app_main.o(i.start_main)
    .constdata                               0x08003038   Section       36  app_main.o(.constdata)
    ThreadAttr_start_main                    0x08003038   Data          36  app_main.o(.constdata)
    .constdata                               0x0800305c   Section       16  system_stm32f1xx.o(.constdata)
    .constdata                               0x0800306c   Section        8  system_stm32f1xx.o(.constdata)
    .constdata                               0x08003074   Section       36  rtx_lib.o(.constdata)
    os_idle_thread_attr                      0x08003074   Data          36  rtx_lib.o(.constdata)
    .constdata                               0x08003098   Section       36  rtx_lib.o(.constdata)
    os_timer_thread_attr                     0x08003098   Data          36  rtx_lib.o(.constdata)
    .constdata                               0x080030bc   Section       24  rtx_lib.o(.constdata)
    os_timer_mq_attr                         0x080030bc   Data          24  rtx_lib.o(.constdata)
    .constdata                               0x080030d4   Section        4  rtx_lib.o(.constdata)
    .conststring                             0x080030d8   Section        9  app_main.o(.conststring)
    .rodata                                  0x080030e4   Section      160  rtx_lib.o(.rodata)
    __tagsym$$used                           0x080030e4   Number         0  rtx_lib.o(.rodata)
    __tagsym$$used                           0x0800314c   Number         0  rtx_lib.o(.rodata)
    [Anonymous Symbol]                       0x08003184   Section        0  rtx_kernel.o(.rodata.str1.4)
    .L.str                                   0x08003184   Data          11  rtx_kernel.o(.rodata.str1.4)
    .bss.os                                  0x20000000   Section     4096  rtx_lib.o(.bss.os)
    os_mem                                   0x20000000   Data        4096  rtx_lib.o(.bss.os)
    .bss.os                                  0x20001000   Section       64  rtx_lib.o(.bss.os)
    os_isr_queue                             0x20001000   Data          64  rtx_lib.o(.bss.os)
    .bss.os.msgqueue.cb                      0x20001040   Section       52  rtx_lib.o(.bss.os.msgqueue.cb)
    os_timer_mq_cb                           0x20001040   Data          52  rtx_lib.o(.bss.os.msgqueue.cb)
    .bss.os.msgqueue.mem                     0x20001074   Section       80  rtx_lib.o(.bss.os.msgqueue.mem)
    os_timer_mq_data                         0x20001074   Data          80  rtx_lib.o(.bss.os.msgqueue.mem)
    .bss.os.thread.cb                        0x200010c4   Section       68  rtx_lib.o(.bss.os.thread.cb)
    os_idle_thread_cb                        0x200010c4   Data          68  rtx_lib.o(.bss.os.thread.cb)
    .bss.os.thread.cb                        0x20001108   Section       68  rtx_lib.o(.bss.os.thread.cb)
    os_timer_thread_cb                       0x20001108   Data          68  rtx_lib.o(.bss.os.thread.cb)
    .bss.os.thread.stack                     0x20001150   Section      512  rtx_lib.o(.bss.os.thread.stack)
    os_idle_thread_stack                     0x20001150   Data         512  rtx_lib.o(.bss.os.thread.stack)
    .bss.os.thread.stack                     0x20001350   Section      512  rtx_lib.o(.bss.os.thread.stack)
    os_timer_thread_stack                    0x20001350   Data         512  rtx_lib.o(.bss.os.thread.stack)
    .data                                    0x20001550   Section        4  system_stm32f1xx.o(.data)
    .data                                    0x20001554   Section       12  stm32f1xx_hal.o(.data)
    .bss                                     0x20001604   Section       12  iwdg.o(.bss)
    .bss                                     0x20001610   Section      476  usart.o(.bss)
    .bss                                     0x200017ec   Section       72  stm32f1xx_hal_timebase_tim.o(.bss)
    [Anonymous Symbol]                       0x20001834   Section        0  os_systick.o(.bss.PendST)
    PendST                                   0x20001834   Data           1  os_systick.o(.bss.PendST)
    STACK                                    0x20001838   Section     1024  startup_stm32f103xe.o(STACK)

    Global Symbols

    Symbol Name                              Value     Ov Type        Size  Object(Section)

    BuildAttributes$$THM_ISAv4$P$D$K$B$S$PE$A:L22UL41UL21$X:L11$S22US41US21$IEEE1$IW$~IW$USESV6$~STKCKD$USESV7$~SHL$OSPACE$EBA8$MICROLIB$REQ8$PRES8$EABIv2 0x00000000   Number         0  anon$$obj.o ABSOLUTE
    __ARM_use_no_argv                        0x00000000   Number         0  main_1.o ABSOLUTE
    .bss.os.evflags.cb$$Base                  - Undefined Weak Reference
    .bss.os.evflags.cb$$Limit                 - Undefined Weak Reference
    .bss.os.mempool.cb$$Base                  - Undefined Weak Reference
    .bss.os.mempool.cb$$Limit                 - Undefined Weak Reference
    .bss.os.mutex.cb$$Base                    - Undefined Weak Reference
    .bss.os.mutex.cb$$Limit                   - Undefined Weak Reference
    .bss.os.semaphore.cb$$Base                - Undefined Weak Reference
    .bss.os.semaphore.cb$$Limit               - Undefined Weak Reference
    .bss.os.timer.cb$$Base                    - Undefined Weak Reference
    .bss.os.timer.cb$$Limit                   - Undefined Weak Reference
    __cpp_initialize__aeabi_                  - Undefined Weak Reference
    __cxa_finalize                            - Undefined Weak Reference
    _clock_init                               - Undefined Weak Reference
    _microlib_exit                            - Undefined Weak Reference
    __Vectors_Size                           0x00000130   Number         0  startup_stm32f103xe.o ABSOLUTE
    __Vectors                                0x08000000   Data           4  startup_stm32f103xe.o(RESET)
    __Vectors_End                            0x08000130   Data           0  startup_stm32f103xe.o(RESET)
    __main                                   0x08000131   Thumb Code     0  entry.o(.ARM.Collect$$$$00000000)
    _main_stk                                0x08000131   Thumb Code     0  entry2.o(.ARM.Collect$$$$00000001)
    _main_scatterload                        0x08000135   Thumb Code     0  entry5.o(.ARM.Collect$$$$00000004)
    __main_after_scatterload                 0x08000139   Thumb Code     0  entry5.o(.ARM.Collect$$$$00000004)
    _main_clock                              0x08000139   Thumb Code     0  entry7b.o(.ARM.Collect$$$$00000008)
    _main_cpp_init                           0x08000139   Thumb Code     0  entry8b.o(.ARM.Collect$$$$0000000A)
    _main_init                               0x08000139   Thumb Code     0  entry9a.o(.ARM.Collect$$$$0000000B)
    __rt_final_cpp                           0x08000141   Thumb Code     0  entry10a.o(.ARM.Collect$$$$0000000D)
    __rt_final_exit                          0x08000141   Thumb Code     0  entry11a.o(.ARM.Collect$$$$0000000F)
    Reset_Handler                            0x08000145   Thumb Code     8  startup_stm32f103xe.o(.text)
    ADC1_2_IRQHandler                        0x0800015f   Thumb Code     0  startup_stm32f103xe.o(.text)
    ADC3_IRQHandler                          0x0800015f   Thumb Code     0  startup_stm32f103xe.o(.text)
    CAN1_RX1_IRQHandler                      0x0800015f   Thumb Code     0  startup_stm32f103xe.o(.text)
    CAN1_SCE_IRQHandler                      0x0800015f   Thumb Code     0  startup_stm32f103xe.o(.text)
    DMA1_Channel1_IRQHandler                 0x0800015f   Thumb Code     0  startup_stm32f103xe.o(.text)
    DMA1_Channel2_IRQHandler                 0x0800015f   Thumb Code     0  startup_stm32f103xe.o(.text)
    DMA1_Channel3_IRQHandler                 0x0800015f   Thumb Code     0  startup_stm32f103xe.o(.text)
    DMA1_Channel6_IRQHandler                 0x0800015f   Thumb Code     0  startup_stm32f103xe.o(.text)
    DMA1_Channel7_IRQHandler                 0x0800015f   Thumb Code     0  startup_stm32f103xe.o(.text)
    DMA2_Channel1_IRQHandler                 0x0800015f   Thumb Code     0  startup_stm32f103xe.o(.text)
    DMA2_Channel2_IRQHandler                 0x0800015f   Thumb Code     0  startup_stm32f103xe.o(.text)
    DMA2_Channel3_IRQHandler                 0x0800015f   Thumb Code     0  startup_stm32f103xe.o(.text)
    DMA2_Channel4_5_IRQHandler               0x0800015f   Thumb Code     0  startup_stm32f103xe.o(.text)
    EXTI0_IRQHandler                         0x0800015f   Thumb Code     0  startup_stm32f103xe.o(.text)
    EXTI15_10_IRQHandler                     0x0800015f   Thumb Code     0  startup_stm32f103xe.o(.text)
    EXTI1_IRQHandler                         0x0800015f   Thumb Code     0  startup_stm32f103xe.o(.text)
    EXTI2_IRQHandler                         0x0800015f   Thumb Code     0  startup_stm32f103xe.o(.text)
    EXTI3_IRQHandler                         0x0800015f   Thumb Code     0  startup_stm32f103xe.o(.text)
    EXTI4_IRQHandler                         0x0800015f   Thumb Code     0  startup_stm32f103xe.o(.text)
    EXTI9_5_IRQHandler                       0x0800015f   Thumb Code     0  startup_stm32f103xe.o(.text)
    FLASH_IRQHandler                         0x0800015f   Thumb Code     0  startup_stm32f103xe.o(.text)
    FSMC_IRQHandler                          0x0800015f   Thumb Code     0  startup_stm32f103xe.o(.text)
    I2C1_ER_IRQHandler                       0x0800015f   Thumb Code     0  startup_stm32f103xe.o(.text)
    I2C1_EV_IRQHandler                       0x0800015f   Thumb Code     0  startup_stm32f103xe.o(.text)
    I2C2_ER_IRQHandler                       0x0800015f   Thumb Code     0  startup_stm32f103xe.o(.text)
    I2C2_EV_IRQHandler                       0x0800015f   Thumb Code     0  startup_stm32f103xe.o(.text)
    PVD_IRQHandler                           0x0800015f   Thumb Code     0  startup_stm32f103xe.o(.text)
    RCC_IRQHandler                           0x0800015f   Thumb Code     0  startup_stm32f103xe.o(.text)
    RTC_Alarm_IRQHandler                     0x0800015f   Thumb Code     0  startup_stm32f103xe.o(.text)
    RTC_IRQHandler                           0x0800015f   Thumb Code     0  startup_stm32f103xe.o(.text)
    SDIO_IRQHandler                          0x0800015f   Thumb Code     0  startup_stm32f103xe.o(.text)
    SPI1_IRQHandler                          0x0800015f   Thumb Code     0  startup_stm32f103xe.o(.text)
    SPI2_IRQHandler                          0x0800015f   Thumb Code     0  startup_stm32f103xe.o(.text)
    SPI3_IRQHandler                          0x0800015f   Thumb Code     0  startup_stm32f103xe.o(.text)
    TAMPER_IRQHandler                        0x0800015f   Thumb Code     0  startup_stm32f103xe.o(.text)
    TIM1_BRK_IRQHandler                      0x0800015f   Thumb Code     0  startup_stm32f103xe.o(.text)
    TIM1_CC_IRQHandler                       0x0800015f   Thumb Code     0  startup_stm32f103xe.o(.text)
    TIM1_TRG_COM_IRQHandler                  0x0800015f   Thumb Code     0  startup_stm32f103xe.o(.text)
    TIM1_UP_IRQHandler                       0x0800015f   Thumb Code     0  startup_stm32f103xe.o(.text)
    TIM3_IRQHandler                          0x0800015f   Thumb Code     0  startup_stm32f103xe.o(.text)
    TIM4_IRQHandler                          0x0800015f   Thumb Code     0  startup_stm32f103xe.o(.text)
    TIM5_IRQHandler                          0x0800015f   Thumb Code     0  startup_stm32f103xe.o(.text)
    TIM6_IRQHandler                          0x0800015f   Thumb Code     0  startup_stm32f103xe.o(.text)
    TIM7_IRQHandler                          0x0800015f   Thumb Code     0  startup_stm32f103xe.o(.text)
    TIM8_BRK_IRQHandler                      0x0800015f   Thumb Code     0  startup_stm32f103xe.o(.text)
    TIM8_CC_IRQHandler                       0x0800015f   Thumb Code     0  startup_stm32f103xe.o(.text)
    TIM8_TRG_COM_IRQHandler                  0x0800015f   Thumb Code     0  startup_stm32f103xe.o(.text)
    TIM8_UP_IRQHandler                       0x0800015f   Thumb Code     0  startup_stm32f103xe.o(.text)
    UART4_IRQHandler                         0x0800015f   Thumb Code     0  startup_stm32f103xe.o(.text)
    UART5_IRQHandler                         0x0800015f   Thumb Code     0  startup_stm32f103xe.o(.text)
    USART2_IRQHandler                        0x0800015f   Thumb Code     0  startup_stm32f103xe.o(.text)
    USART3_IRQHandler                        0x0800015f   Thumb Code     0  startup_stm32f103xe.o(.text)
    USBWakeUp_IRQHandler                     0x0800015f   Thumb Code     0  startup_stm32f103xe.o(.text)
    USB_HP_CAN1_TX_IRQHandler                0x0800015f   Thumb Code     0  startup_stm32f103xe.o(.text)
    USB_LP_CAN1_RX0_IRQHandler               0x0800015f   Thumb Code     0  startup_stm32f103xe.o(.text)
    WWDG_IRQHandler                          0x0800015f   Thumb Code     0  startup_stm32f103xe.o(.text)
    SVC_Handler                              0x08000169   Thumb Code   108  irq_cm3.o(.text)
    PendSV_Handler                           0x080001d5   Thumb Code    16  irq_cm3.o(.text)
    SysTick_Handler                          0x080001e5   Thumb Code    16  irq_cm3.o(.text)
    __aeabi_memcpy                           0x080001fd   Thumb Code    36  memcpya.o(.text)
    __aeabi_memcpy4                          0x080001fd   Thumb Code     0  memcpya.o(.text)
    __aeabi_memcpy8                          0x080001fd   Thumb Code     0  memcpya.o(.text)
    __aeabi_memset                           0x08000221   Thumb Code    14  memseta.o(.text)
    __aeabi_memset4                          0x08000221   Thumb Code     0  memseta.o(.text)
    __aeabi_memset8                          0x08000221   Thumb Code     0  memseta.o(.text)
    __aeabi_memclr                           0x0800022f   Thumb Code     4  memseta.o(.text)
    __aeabi_memclr4                          0x0800022f   Thumb Code     0  memseta.o(.text)
    __aeabi_memclr8                          0x0800022f   Thumb Code     0  memseta.o(.text)
    _memset$wrapper                          0x08000233   Thumb Code    18  memseta.o(.text)
    __scatterload                            0x08000245   Thumb Code    28  init.o(.text)
    __scatterload_rt2                        0x08000245   Thumb Code     0  init.o(.text)
    __decompress                             0x08000269   Thumb Code     0  __dczerorl.o(.text)
    __decompress0                            0x08000269   Thumb Code    58  __dczerorl.o(.text)
    OS_Tick_AcknowledgeIRQ                   0x08000359   Thumb Code    12  os_systick.o(.text.OS_Tick_AcknowledgeIRQ)
    OS_Tick_Enable                           0x08000365   Thumb Code    44  os_systick.o(.text.OS_Tick_Enable)
    OS_Tick_GetIRQn                          0x08000391   Thumb Code     6  os_systick.o(.text.OS_Tick_GetIRQn)
    OS_Tick_Setup                            0x08000399   Thumb Code    64  os_systick.o(.text.OS_Tick_Setup)
    osDelay                                  0x08000491   Thumb Code    36  rtx_delay.o(.text.osDelay)
    osKernelGetState                         0x080004b5   Thumb Code    48  rtx_kernel.o(.text.osKernelGetState)
    osKernelInitialize                       0x080004e5   Thumb Code    44  rtx_kernel.o(.text.osKernelInitialize)
    osKernelStart                            0x08000511   Thumb Code    36  rtx_kernel.o(.text.osKernelStart)
    osMessageQueueGet                        0x08000535   Thumb Code   108  rtx_msgqueue.o(.text.osMessageQueueGet)
    osMessageQueueNew                        0x080005a1   Thumb Code    36  rtx_msgqueue.o(.text.osMessageQueueNew)
    osMessageQueuePut                        0x080005c5   Thumb Code   120  rtx_msgqueue.o(.text.osMessageQueuePut)
    osRtxKernelPreInit                       0x0800063d   Thumb Code     2  rtx_kernel.o(.text.osRtxKernelPreInit)
    osRtxMemoryAlloc                         0x0800063f   Thumb Code   112  rtx_memory.o(.text.osRtxMemoryAlloc)
    osRtxMemoryFree                          0x080006af   Thumb Code    70  rtx_memory.o(.text.osRtxMemoryFree)
    osRtxMemoryInit                          0x080006f5   Thumb Code    60  rtx_memory.o(.text.osRtxMemoryInit)
    osRtxMemoryPoolAlloc                     0x08000731   Thumb Code    58  rtx_mempool.o(.text.osRtxMemoryPoolAlloc)
    osRtxMemoryPoolFree                      0x0800076b   Thumb Code    74  rtx_mempool.o(.text.osRtxMemoryPoolFree)
    osRtxMemoryPoolInit                      0x080007b5   Thumb Code    54  rtx_mempool.o(.text.osRtxMemoryPoolInit)
    osRtxMutexOwnerRelease                   0x080008a5   Thumb Code    72  rtx_mutex.o(.text.osRtxMutexOwnerRelease)
    osRtxMutexOwnerRestore                   0x080008ed   Thumb Code    66  rtx_mutex.o(.text.osRtxMutexOwnerRestore)
    osRtxPendSV_Handler                      0x08000931   Thumb Code   140  rtx_system.o(.text.osRtxPendSV_Handler)
    osRtxPostProcess                         0x080009bd   Thumb Code   116  rtx_system.o(.text.osRtxPostProcess)
    osRtxThreadDelayTick                     0x08000b19   Thumb Code    76  rtx_thread.o(.text.osRtxThreadDelayTick)
    osRtxThreadDispatch                      0x08000b65   Thumb Code    88  rtx_thread.o(.text.osRtxThreadDispatch)
    osRtxThreadListGet                       0x08000c15   Thumb Code    18  rtx_thread.o(.text.osRtxThreadListGet)
    osRtxThreadListPut                       0x08000c27   Thumb Code    44  rtx_thread.o(.text.osRtxThreadListPut)
    osRtxThreadListRemove                    0x08000c53   Thumb Code    20  rtx_thread.o(.text.osRtxThreadListRemove)
    osRtxThreadListSort                      0x08000c73   Thumb Code    38  rtx_thread.o(.text.osRtxThreadListSort)
    osRtxThreadReadyPut                      0x08000cc1   Thumb Code    20  rtx_thread.o(.text.osRtxThreadReadyPut)
    osRtxThreadRegPtr                        0x08000cd5   Thumb Code     6  rtx_thread.o(.text.osRtxThreadRegPtr)
    osRtxThreadStackCheck                    0x08000cdd   Thumb Code    40  rtx_thread.o(.text.osRtxThreadStackCheck)
    osRtxThreadStartup                       0x08000d05   Thumb Code    64  rtx_thread.o(.text.osRtxThreadStartup)
    osRtxThreadSwitch                        0x08000d45   Thumb Code    16  rtx_thread.o(.text.osRtxThreadSwitch)
    osRtxThreadWaitEnter                     0x08000d55   Thumb Code    56  rtx_thread.o(.text.osRtxThreadWaitEnter)
    osRtxThreadWaitExit                      0x08000d8d   Thumb Code    36  rtx_thread.o(.text.osRtxThreadWaitExit)
    osRtxTick_Handler                        0x08000db1   Thumb Code   112  rtx_system.o(.text.osRtxTick_Handler)
    osRtxTimerThread                         0x08000e21   Thumb Code    60  rtx_timer.o(.text.osRtxTimerThread)
    osThreadExit                             0x08000eb1   Thumb Code    12  rtx_thread.o(.text.osThreadExit)
    osThreadNew                              0x08000ebd   Thumb Code    36  rtx_thread.o(.text.osThreadNew)
    BusFault_Handler                         0x080015e1   Thumb Code     2  stm32f1xx_it.o(i.BusFault_Handler)
    DMA1_Channel4_IRQHandler                 0x080015e5   Thumb Code     6  stm32f1xx_it.o(i.DMA1_Channel4_IRQHandler)
    DMA1_Channel5_IRQHandler                 0x080015f1   Thumb Code     6  stm32f1xx_it.o(i.DMA1_Channel5_IRQHandler)
    DebugMon_Handler                         0x080015fd   Thumb Code     2  stm32f1xx_it.o(i.DebugMon_Handler)
    Error_Handler                            0x080015ff   Thumb Code     4  main_1.o(i.Error_Handler)
    HAL_DMA_Abort                            0x08001603   Thumb Code    70  stm32f1xx_hal_dma.o(i.HAL_DMA_Abort)
    HAL_DMA_Abort_IT                         0x08001649   Thumb Code   296  stm32f1xx_hal_dma.o(i.HAL_DMA_Abort_IT)
    HAL_DMA_IRQHandler                       0x08001779   Thumb Code   552  stm32f1xx_hal_dma.o(i.HAL_DMA_IRQHandler)
    HAL_DMA_Init                             0x080019c1   Thumb Code   112  stm32f1xx_hal_dma.o(i.HAL_DMA_Init)
    HAL_GPIO_Init                            0x08001a3d   Thumb Code   462  stm32f1xx_hal_gpio.o(i.HAL_GPIO_Init)
    HAL_GPIO_TogglePin                       0x08001c35   Thumb Code    16  stm32f1xx_hal_gpio.o(i.HAL_GPIO_TogglePin)
    HAL_GPIO_WritePin                        0x08001c45   Thumb Code    10  stm32f1xx_hal_gpio.o(i.HAL_GPIO_WritePin)
    HAL_GetTick                              0x08001c51   Thumb Code     6  stm32f1xx_hal.o(i.HAL_GetTick)
    HAL_IWDG_Init                            0x08001c5d   Thumb Code    90  stm32f1xx_hal_iwdg.o(i.HAL_IWDG_Init)
    HAL_IWDG_Refresh                         0x08001cb7   Thumb Code    12  stm32f1xx_hal_iwdg.o(i.HAL_IWDG_Refresh)
    HAL_IncTick                              0x08001cc5   Thumb Code    12  stm32f1xx_hal.o(i.HAL_IncTick)
    HAL_Init                                 0x08001cd5   Thumb Code    32  stm32f1xx_hal.o(i.HAL_Init)
    HAL_InitTick                             0x08001cf9   Thumb Code   134  stm32f1xx_hal_timebase_tim.o(i.HAL_InitTick)
    HAL_MspInit                              0x08001d91   Thumb Code    52  stm32f1xx_hal_msp.o(i.HAL_MspInit)
    HAL_NVIC_EnableIRQ                       0x08001dcd   Thumb Code    26  stm32f1xx_hal_cortex.o(i.HAL_NVIC_EnableIRQ)
    HAL_NVIC_SetPriority                     0x08001de9   Thumb Code    60  stm32f1xx_hal_cortex.o(i.HAL_NVIC_SetPriority)
    HAL_NVIC_SetPriorityGrouping             0x08001e29   Thumb Code    26  stm32f1xx_hal_cortex.o(i.HAL_NVIC_SetPriorityGrouping)
    HAL_RCC_ClockConfig                      0x08001e4d   Thumb Code   280  stm32f1xx_hal_rcc.o(i.HAL_RCC_ClockConfig)
    HAL_RCC_GetClockConfig                   0x08001f79   Thumb Code    54  stm32f1xx_hal_rcc.o(i.HAL_RCC_GetClockConfig)
    HAL_RCC_GetPCLK1Freq                     0x08001fb9   Thumb Code    20  stm32f1xx_hal_rcc.o(i.HAL_RCC_GetPCLK1Freq)
    HAL_RCC_GetPCLK2Freq                     0x08001fd9   Thumb Code    20  stm32f1xx_hal_rcc.o(i.HAL_RCC_GetPCLK2Freq)
    HAL_RCC_GetSysClockFreq                  0x08001ff9   Thumb Code    74  stm32f1xx_hal_rcc.o(i.HAL_RCC_GetSysClockFreq)
    HAL_RCC_OscConfig                        0x08002065   Thumb Code   778  stm32f1xx_hal_rcc.o(i.HAL_RCC_OscConfig)
    HAL_TIMEx_BreakCallback                  0x08002385   Thumb Code     2  stm32f1xx_hal_tim_ex.o(i.HAL_TIMEx_BreakCallback)
    HAL_TIMEx_CommutCallback                 0x08002387   Thumb Code     2  stm32f1xx_hal_tim_ex.o(i.HAL_TIMEx_CommutCallback)
    HAL_TIM_Base_Init                        0x08002389   Thumb Code    90  stm32f1xx_hal_tim.o(i.HAL_TIM_Base_Init)
    HAL_TIM_Base_MspInit                     0x080023e3   Thumb Code     2  stm32f1xx_hal_tim.o(i.HAL_TIM_Base_MspInit)
    HAL_TIM_Base_Start_IT                    0x080023e5   Thumb Code    88  stm32f1xx_hal_tim.o(i.HAL_TIM_Base_Start_IT)
    HAL_TIM_IC_CaptureCallback               0x08002451   Thumb Code     2  stm32f1xx_hal_tim.o(i.HAL_TIM_IC_CaptureCallback)
    HAL_TIM_IRQHandler                       0x08002453   Thumb Code   358  stm32f1xx_hal_tim.o(i.HAL_TIM_IRQHandler)
    HAL_TIM_OC_DelayElapsedCallback          0x080025b9   Thumb Code     2  stm32f1xx_hal_tim.o(i.HAL_TIM_OC_DelayElapsedCallback)
    HAL_TIM_PWM_PulseFinishedCallback        0x080025bb   Thumb Code     2  stm32f1xx_hal_tim.o(i.HAL_TIM_PWM_PulseFinishedCallback)
    HAL_TIM_PeriodElapsedCallback            0x080025bd   Thumb Code    14  main_1.o(i.HAL_TIM_PeriodElapsedCallback)
    HAL_TIM_TriggerCallback                  0x080025cb   Thumb Code     2  stm32f1xx_hal_tim.o(i.HAL_TIM_TriggerCallback)
    HAL_UARTEx_RxEventCallback               0x080025cd   Thumb Code     2  stm32f1xx_hal_uart.o(i.HAL_UARTEx_RxEventCallback)
    HAL_UART_ErrorCallback                   0x080025cf   Thumb Code     2  stm32f1xx_hal_uart.o(i.HAL_UART_ErrorCallback)
    HAL_UART_IRQHandler                      0x080025d1   Thumb Code   520  stm32f1xx_hal_uart.o(i.HAL_UART_IRQHandler)
    HAL_UART_Init                            0x080027dd   Thumb Code    98  stm32f1xx_hal_uart.o(i.HAL_UART_Init)
    HAL_UART_MspInit                         0x08002841   Thumb Code   490  usart.o(i.HAL_UART_MspInit)
    HAL_UART_RxCpltCallback                  0x08002a5d   Thumb Code     2  stm32f1xx_hal_uart.o(i.HAL_UART_RxCpltCallback)
    HAL_UART_TxCpltCallback                  0x08002a5f   Thumb Code     2  stm32f1xx_hal_uart.o(i.HAL_UART_TxCpltCallback)
    HardFault_Handler                        0x08002a61   Thumb Code     2  stm32f1xx_it.o(i.HardFault_Handler)
    MX_DMA_Init                              0x08002a65   Thumb Code    56  dma.o(i.MX_DMA_Init)
    MX_GPIO_Init                             0x08002aa1   Thumb Code   192  gpio.o(i.MX_GPIO_Init)
    MX_IWDG_Init                             0x08002b71   Thumb Code    36  iwdg.o(i.MX_IWDG_Init)
    MX_UART4_Init                            0x08002b9d   Thumb Code    48  usart.o(i.MX_UART4_Init)
    MX_UART5_Init                            0x08002bd5   Thumb Code    48  usart.o(i.MX_UART5_Init)
    MX_USART1_UART_Init                      0x08002c0d   Thumb Code    48  usart.o(i.MX_USART1_UART_Init)
    MX_USART2_UART_Init                      0x08002c45   Thumb Code    48  usart.o(i.MX_USART2_UART_Init)
    MX_USART3_UART_Init                      0x08002c7d   Thumb Code    48  usart.o(i.MX_USART3_UART_Init)
    MemManage_Handler                        0x08002cb5   Thumb Code     2  stm32f1xx_it.o(i.MemManage_Handler)
    NMI_Handler                              0x08002cb7   Thumb Code     2  stm32f1xx_it.o(i.NMI_Handler)
    SystemClock_Config                       0x08002cb9   Thumb Code    96  main_1.o(i.SystemClock_Config)
    SystemInit                               0x08002d19   Thumb Code     2  system_stm32f1xx.o(i.SystemInit)
    TIM2_IRQHandler                          0x08002d1d   Thumb Code     6  stm32f1xx_it.o(i.TIM2_IRQHandler)
    TIM_Base_SetConfig                       0x08002d29   Thumb Code   120  stm32f1xx_hal_tim.o(i.TIM_Base_SetConfig)
    USART1_IRQHandler                        0x08002f65   Thumb Code     6  stm32f1xx_it.o(i.USART1_IRQHandler)
    UsageFault_Handler                       0x08002f71   Thumb Code     2  stm32f1xx_it.o(i.UsageFault_Handler)
    __scatterload_copy                       0x08002f93   Thumb Code    14  handlers.o(i.__scatterload_copy)
    __scatterload_null                       0x08002fa1   Thumb Code     2  handlers.o(i.__scatterload_null)
    __scatterload_zeroinit                   0x08002fa3   Thumb Code    14  handlers.o(i.__scatterload_zeroinit)
    app_main                                 0x08002fb1   Thumb Code    34  app_main.o(i.app_main)
    main                                     0x08002fdd   Thumb Code    46  main_1.o(i.main)
    osRtxErrorNotify                         0x0800300b   Thumb Code     2  rtx_config.o(i.osRtxErrorNotify)
    osRtxIdleThread                          0x0800300d   Thumb Code     2  rtx_config.o(i.osRtxIdleThread)
    AHBPrescTable                            0x0800305c   Data          16  system_stm32f1xx.o(.constdata)
    APBPrescTable                            0x0800306c   Data           8  system_stm32f1xx.o(.constdata)
    osRtxUserSVC                             0x080030d4   Data           4  rtx_lib.o(.constdata)
    osRtxConfig                              0x080030e4   Data         104  rtx_lib.o(.rodata)
    os_cb_sections                           0x0800314c   Data          56  rtx_lib.o(.rodata)
    Region$$Table$$Base                      0x08003190   Number         0  anon$$obj.o(Region$$Table)
    Region$$Table$$Limit                     0x080031b0   Number         0  anon$$obj.o(Region$$Table)
    .bss.os.msgqueue.cb$$Base                0x20001040   Number         0  rtx_lib.o(.bss.os.msgqueue.cb)
    .bss.os.msgqueue.cb$$Limit               0x20001074   Number         0  rtx_lib.o(.bss.os.msgqueue.cb)
    .bss.os.thread.cb$$Base                  0x200010c4   Number         0  rtx_lib.o(.bss.os.thread.cb)
    .bss.os.thread.cb$$Limit                 0x2000114c   Number         0  rtx_lib.o(.bss.os.thread.cb)
    SystemCoreClock                          0x20001550   Data           4  system_stm32f1xx.o(.data)
    uwTickFreq                               0x20001554   Data           1  stm32f1xx_hal.o(.data)
    uwTickPrio                               0x20001558   Data           4  stm32f1xx_hal.o(.data)
    uwTick                                   0x2000155c   Data           4  stm32f1xx_hal.o(.data)
    osRtxInfo                                0x20001560   Data         164  rtx_kernel.o(.data.os)
    hiwdg                                    0x20001604   Data          12  iwdg.o(.bss)
    huart4                                   0x20001610   Data          68  usart.o(.bss)
    huart5                                   0x20001654   Data          68  usart.o(.bss)
    huart1                                   0x20001698   Data          68  usart.o(.bss)
    huart2                                   0x200016dc   Data          68  usart.o(.bss)
    huart3                                   0x20001720   Data          68  usart.o(.bss)
    hdma_usart1_rx                           0x20001764   Data          68  usart.o(.bss)
    hdma_usart1_tx                           0x200017a8   Data          68  usart.o(.bss)
    htim2                                    0x200017ec   Data          72  stm32f1xx_hal_timebase_tim.o(.bss)
    __initial_sp                             0x20001c38   Data           0  startup_stm32f103xe.o(STACK)



==============================================================================

Memory Map of the image

  Image Entry point : 0x08000131

  Load Region LR_IROM1 (Base: 0x08000000, Size: 0x000047b4, Max: 0x00040000, ABSOLUTE, COMPRESSED[0x000031f0])

    Execution Region ER_IROM1 (Exec base: 0x08000000, Load base: 0x08000000, Size: 0x000031b0, Max: 0x00040000, ABSOLUTE)

    Exec Addr    Load Addr    Size         Type   Attr      Idx    E Section Name        Object

    0x08000000   0x08000000   0x00000130   Data   RO          138    RESET               startup_stm32f103xe.o
    0x08000130   0x08000130   0x00000000   Code   RO         3446  * .ARM.Collect$$$$00000000  mc_w.l(entry.o)
    0x08000130   0x08000130   0x00000004   Code   RO         3457    .ARM.Collect$$$$00000001  mc_w.l(entry2.o)
    0x08000134   0x08000134   0x00000004   Code   RO         3460    .ARM.Collect$$$$00000004  mc_w.l(entry5.o)
    0x08000138   0x08000138   0x00000000   Code   RO         3462    .ARM.Collect$$$$00000008  mc_w.l(entry7b.o)
    0x08000138   0x08000138   0x00000000   Code   RO         3464    .ARM.Collect$$$$0000000A  mc_w.l(entry8b.o)
    0x08000138   0x08000138   0x00000008   Code   RO         3465    .ARM.Collect$$$$0000000B  mc_w.l(entry9a.o)
    0x08000140   0x08000140   0x00000000   Code   RO         3467    .ARM.Collect$$$$0000000D  mc_w.l(entry10a.o)
    0x08000140   0x08000140   0x00000000   Code   RO         3469    .ARM.Collect$$$$0000000F  mc_w.l(entry11a.o)
    0x08000140   0x08000140   0x00000004   Code   RO         3458    .ARM.Collect$$$$00002712  mc_w.l(entry2.o)
    0x08000144   0x08000144   0x00000024   Code   RO          139    .text               startup_stm32f103xe.o
    0x08000168   0x08000168   0x00000094   Code   RO         3196    .text               RTX_CM3.lib(irq_cm3.o)
    0x080001fc   0x080001fc   0x00000024   Code   RO         3451    .text               mc_w.l(memcpya.o)
    0x08000220   0x08000220   0x00000024   Code   RO         3453    .text               mc_w.l(memseta.o)
    0x08000244   0x08000244   0x00000024   Code   RO         3471    .text               mc_w.l(init.o)
    0x08000268   0x08000268   0x0000003a   Code   RO         3481    .text               mc_w.l(__dczerorl.o)
    0x080002a2   0x080002a2   0x00000040   Code   RO         3430    .text.MessageQueueGet  RTX_CM3.lib(rtx_msgqueue.o)
    0x080002e2   0x080002e2   0x00000058   Code   RO         3424    .text.MessageQueuePut  RTX_CM3.lib(rtx_msgqueue.o)
    0x0800033a   0x0800033a   0x0000001c   Code   RO         3422    .text.MessageQueueRemove  RTX_CM3.lib(rtx_msgqueue.o)
    0x08000356   0x08000356   0x00000002   PAD
    0x08000358   0x08000358   0x0000000c   Code   RO         3368    .text.OS_Tick_AcknowledgeIRQ  RTX_CM3.lib(os_systick.o)
    0x08000364   0x08000364   0x0000002c   Code   RO         3364    .text.OS_Tick_Enable  RTX_CM3.lib(os_systick.o)
    0x08000390   0x08000390   0x00000006   Code   RO         3370    .text.OS_Tick_GetIRQn  RTX_CM3.lib(os_systick.o)
    0x08000396   0x08000396   0x00000002   PAD
    0x08000398   0x08000398   0x00000040   Code   RO         3362    .text.OS_Tick_Setup  RTX_CM3.lib(os_systick.o)
    0x080003d8   0x080003d8   0x0000006e   Code   RO         3126    .text.ThreadFlagsCheck  RTX_CM3.lib(rtx_thread.o)
    0x08000446   0x08000446   0x00000002   PAD
    0x08000448   0x08000448   0x00000048   Code   RO         3217    .text.TimerInsert   RTX_CM3.lib(rtx_timer.o)
    0x08000490   0x08000490   0x00000024   Code   RO         3179    .text.osDelay       RTX_CM3.lib(rtx_delay.o)
    0x080004b4   0x080004b4   0x00000030   Code   RO         2987    .text.osKernelGetState  RTX_CM3.lib(rtx_kernel.o)
    0x080004e4   0x080004e4   0x0000002c   Code   RO         2981    .text.osKernelInitialize  RTX_CM3.lib(rtx_kernel.o)
    0x08000510   0x08000510   0x00000024   Code   RO         2991    .text.osKernelStart  RTX_CM3.lib(rtx_kernel.o)
    0x08000534   0x08000534   0x0000006c   Code   RO         3396    .text.osMessageQueueGet  RTX_CM3.lib(rtx_msgqueue.o)
    0x080005a0   0x080005a0   0x00000024   Code   RO         3390    .text.osMessageQueueNew  RTX_CM3.lib(rtx_msgqueue.o)
    0x080005c4   0x080005c4   0x00000078   Code   RO         3394    .text.osMessageQueuePut  RTX_CM3.lib(rtx_msgqueue.o)
    0x0800063c   0x0800063c   0x00000002   Code   RO         2979    .text.osRtxKernelPreInit  RTX_CM3.lib(rtx_kernel.o)
    0x0800063e   0x0800063e   0x00000070   Code   RO         3281    .text.osRtxMemoryAlloc  RTX_CM3.lib(rtx_memory.o)
    0x080006ae   0x080006ae   0x00000046   Code   RO         3283    .text.osRtxMemoryFree  RTX_CM3.lib(rtx_memory.o)
    0x080006f4   0x080006f4   0x0000003c   Code   RO         3279    .text.osRtxMemoryInit  RTX_CM3.lib(rtx_memory.o)
    0x08000730   0x08000730   0x0000003a   Code   RO         3296    .text.osRtxMemoryPoolAlloc  RTX_CM3.lib(rtx_mempool.o)
    0x0800076a   0x0800076a   0x0000004a   Code   RO         3298    .text.osRtxMemoryPoolFree  RTX_CM3.lib(rtx_mempool.o)
    0x080007b4   0x080007b4   0x00000036   Code   RO         3294    .text.osRtxMemoryPoolInit  RTX_CM3.lib(rtx_mempool.o)
    0x080007ea   0x080007ea   0x000000ba   Code   RO         3420    .text.osRtxMessageQueuePostProcess  RTX_CM3.lib(rtx_msgqueue.o)
    0x080008a4   0x080008a4   0x00000048   Code   RO         3242    .text.osRtxMutexOwnerRelease  RTX_CM3.lib(rtx_mutex.o)
    0x080008ec   0x080008ec   0x00000042   Code   RO         3244    .text.osRtxMutexOwnerRestore  RTX_CM3.lib(rtx_mutex.o)
    0x0800092e   0x0800092e   0x00000002   PAD
    0x08000930   0x08000930   0x0000008c   Code   RO         3349    .text.osRtxPendSV_Handler  RTX_CM3.lib(rtx_system.o)
    0x080009bc   0x080009bc   0x00000074   Code   RO         3351    .text.osRtxPostProcess  RTX_CM3.lib(rtx_system.o)
    0x08000a30   0x08000a30   0x00000038   Code   RO         3066    .text.osRtxThreadBlock  RTX_CM3.lib(rtx_thread.o)
    0x08000a68   0x08000a68   0x00000074   Code   RO         3074    .text.osRtxThreadDelayInsert  RTX_CM3.lib(rtx_thread.o)
    0x08000adc   0x08000adc   0x0000003c   Code   RO         3070    .text.osRtxThreadDelayRemove  RTX_CM3.lib(rtx_thread.o)
    0x08000b18   0x08000b18   0x0000004c   Code   RO         3054    .text.osRtxThreadDelayTick  RTX_CM3.lib(rtx_thread.o)
    0x08000b64   0x08000b64   0x00000058   Code   RO         3064    .text.osRtxThreadDispatch  RTX_CM3.lib(rtx_thread.o)
    0x08000bbc   0x08000bbc   0x00000058   Code   RO         3150    .text.osRtxThreadFree  RTX_CM3.lib(rtx_thread.o)
    0x08000c14   0x08000c14   0x00000012   Code   RO         3046    .text.osRtxThreadListGet  RTX_CM3.lib(rtx_thread.o)
    0x08000c26   0x08000c26   0x0000002c   Code   RO         3044    .text.osRtxThreadListPut  RTX_CM3.lib(rtx_thread.o)
    0x08000c52   0x08000c52   0x00000014   Code   RO         3050    .text.osRtxThreadListRemove  RTX_CM3.lib(rtx_thread.o)
    0x08000c66   0x08000c66   0x0000000c   Code   RO         3056    .text.osRtxThreadListRoot  RTX_CM3.lib(rtx_thread.o)
    0x08000c72   0x08000c72   0x00000026   Code   RO         3048    .text.osRtxThreadListSort  RTX_CM3.lib(rtx_thread.o)
    0x08000c98   0x08000c98   0x00000028   Code   RO         3124    .text.osRtxThreadPostProcess  RTX_CM3.lib(rtx_thread.o)
    0x08000cc0   0x08000cc0   0x00000014   Code   RO         3052    .text.osRtxThreadReadyPut  RTX_CM3.lib(rtx_thread.o)
    0x08000cd4   0x08000cd4   0x00000006   Code   RO         3058    .text.osRtxThreadRegPtr  RTX_CM3.lib(rtx_thread.o)
    0x08000cda   0x08000cda   0x00000002   PAD
    0x08000cdc   0x08000cdc   0x00000028   Code   RO         3062    .text.osRtxThreadStackCheck  RTX_CM3.lib(rtx_thread.o)
    0x08000d04   0x08000d04   0x00000040   Code   RO         3076    .text.osRtxThreadStartup  RTX_CM3.lib(rtx_thread.o)
    0x08000d44   0x08000d44   0x00000010   Code   RO         3060    .text.osRtxThreadSwitch  RTX_CM3.lib(rtx_thread.o)
    0x08000d54   0x08000d54   0x00000038   Code   RO         3072    .text.osRtxThreadWaitEnter  RTX_CM3.lib(rtx_thread.o)
    0x08000d8c   0x08000d8c   0x00000024   Code   RO         3068    .text.osRtxThreadWaitExit  RTX_CM3.lib(rtx_thread.o)
    0x08000db0   0x08000db0   0x00000070   Code   RO         3347    .text.osRtxTick_Handler  RTX_CM3.lib(rtx_system.o)
    0x08000e20   0x08000e20   0x0000003c   Code   RO         3201    .text.osRtxTimerThread  RTX_CM3.lib(rtx_timer.o)
    0x08000e5c   0x08000e5c   0x00000054   Code   RO         3203    .text.osRtxTimerTick  RTX_CM3.lib(rtx_timer.o)
    0x08000eb0   0x08000eb0   0x0000000c   Code   RO         3108    .text.osThreadExit  RTX_CM3.lib(rtx_thread.o)
    0x08000ebc   0x08000ebc   0x00000024   Code   RO         3080    .text.osThreadNew   RTX_CM3.lib(rtx_thread.o)
    0x08000ee0   0x08000ee0   0x00000014   Code   RO         3183    .text.svcRtxDelay   RTX_CM3.lib(rtx_delay.o)
    0x08000ef4   0x08000ef4   0x0000000c   Code   RO         2989    .text.svcRtxKernelGetState  RTX_CM3.lib(rtx_kernel.o)
    0x08000f00   0x08000f00   0x00000150   Code   RO         3019    .text.svcRtxKernelInitialize  RTX_CM3.lib(rtx_kernel.o)
    0x08001050   0x08001050   0x00000088   Code   RO         3021    .text.svcRtxKernelStart  RTX_CM3.lib(rtx_kernel.o)
    0x080010d8   0x080010d8   0x000000e0   Code   RO         3432    .text.svcRtxMessageQueueGet  RTX_CM3.lib(rtx_msgqueue.o)
    0x080011b8   0x080011b8   0x00000130   Code   RO         3418    .text.svcRtxMessageQueueNew  RTX_CM3.lib(rtx_msgqueue.o)
    0x080012e8   0x080012e8   0x000000c0   Code   RO         3428    .text.svcRtxMessageQueuePut  RTX_CM3.lib(rtx_msgqueue.o)
    0x080013a8   0x080013a8   0x00000068   Code   RO         3154    .text.svcRtxThreadExit  RTX_CM3.lib(rtx_thread.o)
    0x08001410   0x08001410   0x000001d0   Code   RO         3078    .text.svcRtxThreadNew  RTX_CM3.lib(rtx_thread.o)
    0x080015e0   0x080015e0   0x00000002   Code   RO          345    i.BusFault_Handler  stm32f1xx_it.o
    0x080015e2   0x080015e2   0x00000002   PAD
    0x080015e4   0x080015e4   0x0000000c   Code   RO          346    i.DMA1_Channel4_IRQHandler  stm32f1xx_it.o
    0x080015f0   0x080015f0   0x0000000c   Code   RO          347    i.DMA1_Channel5_IRQHandler  stm32f1xx_it.o
    0x080015fc   0x080015fc   0x00000002   Code   RO          348    i.DebugMon_Handler  stm32f1xx_it.o
    0x080015fe   0x080015fe   0x00000004   Code   RO          146    i.Error_Handler     main_1.o
    0x08001602   0x08001602   0x00000046   Code   RO          973    i.HAL_DMA_Abort     stm32f1xx_hal_dma.o
    0x08001648   0x08001648   0x00000130   Code   RO          974    i.HAL_DMA_Abort_IT  stm32f1xx_hal_dma.o
    0x08001778   0x08001778   0x00000248   Code   RO          978    i.HAL_DMA_IRQHandler  stm32f1xx_hal_dma.o
    0x080019c0   0x080019c0   0x0000007c   Code   RO          979    i.HAL_DMA_Init      stm32f1xx_hal_dma.o
    0x08001a3c   0x08001a3c   0x000001f8   Code   RO          909    i.HAL_GPIO_Init     stm32f1xx_hal_gpio.o
    0x08001c34   0x08001c34   0x00000010   Code   RO          912    i.HAL_GPIO_TogglePin  stm32f1xx_hal_gpio.o
    0x08001c44   0x08001c44   0x0000000a   Code   RO          913    i.HAL_GPIO_WritePin  stm32f1xx_hal_gpio.o
    0x08001c4e   0x08001c4e   0x00000002   PAD
    0x08001c50   0x08001c50   0x0000000c   Code   RO          605    i.HAL_GetTick       stm32f1xx_hal.o
    0x08001c5c   0x08001c5c   0x0000005a   Code   RO          564    i.HAL_IWDG_Init     stm32f1xx_hal_iwdg.o
    0x08001cb6   0x08001cb6   0x0000000c   Code   RO          565    i.HAL_IWDG_Refresh  stm32f1xx_hal_iwdg.o
    0x08001cc2   0x08001cc2   0x00000002   PAD
    0x08001cc4   0x08001cc4   0x00000010   Code   RO          611    i.HAL_IncTick       stm32f1xx_hal.o
    0x08001cd4   0x08001cd4   0x00000024   Code   RO          612    i.HAL_Init          stm32f1xx_hal.o
    0x08001cf8   0x08001cf8   0x00000098   Code   RO          451    i.HAL_InitTick      stm32f1xx_hal_timebase_tim.o
    0x08001d90   0x08001d90   0x0000003c   Code   RO          427    i.HAL_MspInit       stm32f1xx_hal_msp.o
    0x08001dcc   0x08001dcc   0x0000001a   Code   RO         1069    i.HAL_NVIC_EnableIRQ  stm32f1xx_hal_cortex.o
    0x08001de6   0x08001de6   0x00000002   PAD
    0x08001de8   0x08001de8   0x00000040   Code   RO         1075    i.HAL_NVIC_SetPriority  stm32f1xx_hal_cortex.o
    0x08001e28   0x08001e28   0x00000024   Code   RO         1076    i.HAL_NVIC_SetPriorityGrouping  stm32f1xx_hal_cortex.o
    0x08001e4c   0x08001e4c   0x0000012c   Code   RO          769    i.HAL_RCC_ClockConfig  stm32f1xx_hal_rcc.o
    0x08001f78   0x08001f78   0x00000040   Code   RO          773    i.HAL_RCC_GetClockConfig  stm32f1xx_hal_rcc.o
    0x08001fb8   0x08001fb8   0x00000020   Code   RO          776    i.HAL_RCC_GetPCLK1Freq  stm32f1xx_hal_rcc.o
    0x08001fd8   0x08001fd8   0x00000020   Code   RO          777    i.HAL_RCC_GetPCLK2Freq  stm32f1xx_hal_rcc.o
    0x08001ff8   0x08001ff8   0x0000006c   Code   RO          778    i.HAL_RCC_GetSysClockFreq  stm32f1xx_hal_rcc.o
    0x08002064   0x08002064   0x00000320   Code   RO          781    i.HAL_RCC_OscConfig  stm32f1xx_hal_rcc.o
    0x08002384   0x08002384   0x00000002   Code   RO         2275    i.HAL_TIMEx_BreakCallback  stm32f1xx_hal_tim_ex.o
    0x08002386   0x08002386   0x00000002   Code   RO         2276    i.HAL_TIMEx_CommutCallback  stm32f1xx_hal_tim_ex.o
    0x08002388   0x08002388   0x0000005a   Code   RO         1571    i.HAL_TIM_Base_Init  stm32f1xx_hal_tim.o
    0x080023e2   0x080023e2   0x00000002   Code   RO         1573    i.HAL_TIM_Base_MspInit  stm32f1xx_hal_tim.o
    0x080023e4   0x080023e4   0x0000006c   Code   RO         1576    i.HAL_TIM_Base_Start_IT  stm32f1xx_hal_tim.o
    0x08002450   0x08002450   0x00000002   Code   RO         1605    i.HAL_TIM_IC_CaptureCallback  stm32f1xx_hal_tim.o
    0x08002452   0x08002452   0x00000166   Code   RO         1619    i.HAL_TIM_IRQHandler  stm32f1xx_hal_tim.o
    0x080025b8   0x080025b8   0x00000002   Code   RO         1622    i.HAL_TIM_OC_DelayElapsedCallback  stm32f1xx_hal_tim.o
    0x080025ba   0x080025ba   0x00000002   Code   RO         1649    i.HAL_TIM_PWM_PulseFinishedCallback  stm32f1xx_hal_tim.o
    0x080025bc   0x080025bc   0x0000000e   Code   RO          147    i.HAL_TIM_PeriodElapsedCallback  main_1.o
    0x080025ca   0x080025ca   0x00000002   Code   RO         1662    i.HAL_TIM_TriggerCallback  stm32f1xx_hal_tim.o
    0x080025cc   0x080025cc   0x00000002   Code   RO         2553    i.HAL_UARTEx_RxEventCallback  stm32f1xx_hal_uart.o
    0x080025ce   0x080025ce   0x00000002   Code   RO         2567    i.HAL_UART_ErrorCallback  stm32f1xx_hal_uart.o
    0x080025d0   0x080025d0   0x0000020c   Code   RO         2570    i.HAL_UART_IRQHandler  stm32f1xx_hal_uart.o
    0x080027dc   0x080027dc   0x00000062   Code   RO         2571    i.HAL_UART_Init     stm32f1xx_hal_uart.o
    0x0800283e   0x0800283e   0x00000002   PAD
    0x08002840   0x08002840   0x0000021c   Code   RO          280    i.HAL_UART_MspInit  usart.o
    0x08002a5c   0x08002a5c   0x00000002   Code   RO         2577    i.HAL_UART_RxCpltCallback  stm32f1xx_hal_uart.o
    0x08002a5e   0x08002a5e   0x00000002   Code   RO         2582    i.HAL_UART_TxCpltCallback  stm32f1xx_hal_uart.o
    0x08002a60   0x08002a60   0x00000002   Code   RO          349    i.HardFault_Handler  stm32f1xx_it.o
    0x08002a62   0x08002a62   0x00000002   PAD
    0x08002a64   0x08002a64   0x0000003c   Code   RO          225    i.MX_DMA_Init       dma.o
    0x08002aa0   0x08002aa0   0x000000d0   Code   RO          201    i.MX_GPIO_Init      gpio.o
    0x08002b70   0x08002b70   0x0000002c   Code   RO          249    i.MX_IWDG_Init      iwdg.o
    0x08002b9c   0x08002b9c   0x00000038   Code   RO          281    i.MX_UART4_Init     usart.o
    0x08002bd4   0x08002bd4   0x00000038   Code   RO          282    i.MX_UART5_Init     usart.o
    0x08002c0c   0x08002c0c   0x00000038   Code   RO          283    i.MX_USART1_UART_Init  usart.o
    0x08002c44   0x08002c44   0x00000038   Code   RO          284    i.MX_USART2_UART_Init  usart.o
    0x08002c7c   0x08002c7c   0x00000038   Code   RO          285    i.MX_USART3_UART_Init  usart.o
    0x08002cb4   0x08002cb4   0x00000002   Code   RO          350    i.MemManage_Handler  stm32f1xx_it.o
    0x08002cb6   0x08002cb6   0x00000002   Code   RO          351    i.NMI_Handler       stm32f1xx_it.o
    0x08002cb8   0x08002cb8   0x00000060   Code   RO          148    i.SystemClock_Config  main_1.o
    0x08002d18   0x08002d18   0x00000002   Code   RO          491    i.SystemInit        system_stm32f1xx.o
    0x08002d1a   0x08002d1a   0x00000002   PAD
    0x08002d1c   0x08002d1c   0x0000000c   Code   RO          352    i.TIM2_IRQHandler   stm32f1xx_it.o
    0x08002d28   0x08002d28   0x0000008c   Code   RO         1664    i.TIM_Base_SetConfig  stm32f1xx_hal_tim.o
    0x08002db4   0x08002db4   0x00000010   Code   RO         2584    i.UART_DMAAbortOnError  stm32f1xx_hal_uart.o
    0x08002dc4   0x08002dc4   0x00000030   Code   RO         2594    i.UART_EndRxTransfer  stm32f1xx_hal_uart.o
    0x08002df4   0x08002df4   0x000000b6   Code   RO         2596    i.UART_Receive_IT   stm32f1xx_hal_uart.o
    0x08002eaa   0x08002eaa   0x00000002   PAD
    0x08002eac   0x08002eac   0x000000b8   Code   RO         2597    i.UART_SetConfig    stm32f1xx_hal_uart.o
    0x08002f64   0x08002f64   0x0000000c   Code   RO          353    i.USART1_IRQHandler  stm32f1xx_it.o
    0x08002f70   0x08002f70   0x00000002   Code   RO          354    i.UsageFault_Handler  stm32f1xx_it.o
    0x08002f72   0x08002f72   0x00000020   Code   RO         1082    i.__NVIC_SetPriority  stm32f1xx_hal_cortex.o
    0x08002f92   0x08002f92   0x0000000e   Code   RO         3475    i.__scatterload_copy  mc_w.l(handlers.o)
    0x08002fa0   0x08002fa0   0x00000002   Code   RO         3476    i.__scatterload_null  mc_w.l(handlers.o)
    0x08002fa2   0x08002fa2   0x0000000e   Code   RO         3477    i.__scatterload_zeroinit  mc_w.l(handlers.o)
    0x08002fb0   0x08002fb0   0x0000002c   Code   RO            4    i.app_main          app_main.o
    0x08002fdc   0x08002fdc   0x0000002e   Code   RO          149    i.main              main_1.o
    0x0800300a   0x0800300a   0x00000002   Code   RO         2947    i.osRtxErrorNotify  rtx_config.o
    0x0800300c   0x0800300c   0x00000002   Code   RO         2948    i.osRtxIdleThread   rtx_config.o
    0x0800300e   0x0800300e   0x00000002   PAD
    0x08003010   0x08003010   0x00000028   Code   RO            5    i.start_main        app_main.o
    0x08003038   0x08003038   0x00000024   Data   RO            6    .constdata          app_main.o
    0x0800305c   0x0800305c   0x00000010   Data   RO          492    .constdata          system_stm32f1xx.o
    0x0800306c   0x0800306c   0x00000008   Data   RO          493    .constdata          system_stm32f1xx.o
    0x08003074   0x08003074   0x00000024   Data   RO         2907    .constdata          rtx_lib.o
    0x08003098   0x08003098   0x00000024   Data   RO         2908    .constdata          rtx_lib.o
    0x080030bc   0x080030bc   0x00000018   Data   RO         2909    .constdata          rtx_lib.o
    0x080030d4   0x080030d4   0x00000004   Data   RO         2910    .constdata          rtx_lib.o
    0x080030d8   0x080030d8   0x00000009   Data   RO            7    .conststring        app_main.o
    0x080030e1   0x080030e1   0x00000003   PAD
    0x080030e4   0x080030e4   0x000000a0   Data   RO         2912    .rodata             rtx_lib.o
    0x08003184   0x08003184   0x0000000b   Data   RO         3033    .rodata.str1.4      RTX_CM3.lib(rtx_kernel.o)
    0x0800318f   0x0800318f   0x00000001   PAD
    0x08003190   0x08003190   0x00000020   Data   RO         3473    Region$$Table       anon$$obj.o


    Execution Region RW_IRAM1 (Exec base: 0x20000000, Load base: 0x080031b0, Size: 0x00001c38, Max: 0x0000c000, ABSOLUTE, COMPRESSED[0x00000040])

    Exec Addr    Load Addr    Size         Type   Attr      Idx    E Section Name        Object

    0x20000000   COMPRESSED   0x00001000   Data   RW         2899    .bss.os             rtx_lib.o
    0x20001000   COMPRESSED   0x00000040   Data   RW         2900    .bss.os             rtx_lib.o
    0x20001040   COMPRESSED   0x00000034   Data   RW         2901    .bss.os.msgqueue.cb  rtx_lib.o
    0x20001074   COMPRESSED   0x00000050   Data   RW         2902    .bss.os.msgqueue.mem  rtx_lib.o
    0x200010c4   COMPRESSED   0x00000044   Data   RW         2903    .bss.os.thread.cb   rtx_lib.o
    0x20001108   COMPRESSED   0x00000044   Data   RW         2904    .bss.os.thread.cb   rtx_lib.o
    0x2000114c   COMPRESSED   0x00000004   PAD
    0x20001150   COMPRESSED   0x00000200   Data   RW         2905    .bss.os.thread.stack  rtx_lib.o
    0x20001350   COMPRESSED   0x00000200   Data   RW         2906    .bss.os.thread.stack  rtx_lib.o
    0x20001550   COMPRESSED   0x00000004   Data   RW          494    .data               system_stm32f1xx.o
    0x20001554   COMPRESSED   0x0000000c   Data   RW          619    .data               stm32f1xx_hal.o
    0x20001560   COMPRESSED   0x000000a4   Data   RW         3034    .data.os            RTX_CM3.lib(rtx_kernel.o)
    0x20001604        -       0x0000000c   Zero   RW          250    .bss                iwdg.o
    0x20001610        -       0x000001dc   Zero   RW          286    .bss                usart.o
    0x200017ec        -       0x00000048   Zero   RW          454    .bss                stm32f1xx_hal_timebase_tim.o
    0x20001834        -       0x00000001   Zero   RW         3380    .bss.PendST         RTX_CM3.lib(os_systick.o)
    0x20001835   COMPRESSED   0x00000003   PAD
    0x20001838        -       0x00000400   Zero   RW          136    STACK               startup_stm32f103xe.o


==============================================================================

Image component sizes


      Code (inc. data)   RO Data    RW Data    ZI Data      Debug   Object Name

        84         18         45          0          0     492159   app_main.o
        60          4          0          0          0        754   dma.o
       208         16          0          0          0        971   gpio.o
        44          8          0          0         12        695   iwdg.o
       160          0          0          0          0       2344   main_1.o
         4          0          0          0          0        913   rtx_config.o
         0          0        260       5452          0      12530   rtx_lib.o
        36          8        304          0       1024        764   startup_stm32f103xe.o
        64         14          0         12          0       5214   stm32f1xx_hal.o
       158         14          0          0          0      28158   stm32f1xx_hal_cortex.o
      1082         52          0          0          0       3495   stm32f1xx_hal_dma.o
       530         42          0          0          0       3493   stm32f1xx_hal_gpio.o
       102          0          0          0          0       1823   stm32f1xx_hal_iwdg.o
        60          8          0          0          0        858   stm32f1xx_hal_msp.o
      1336        110          0          0          0       5785   stm32f1xx_hal_rcc.o
       706         40          0          0          0       7000   stm32f1xx_hal_tim.o
         4          0          0          0          0       1537   stm32f1xx_hal_tim_ex.o
       152         18          0          0         72       1467   stm32f1xx_hal_timebase_tim.o
      1060         10          0          0          0       7544   stm32f1xx_hal_uart.o
        60         24          0          0          0       4301   stm32f1xx_it.o
         2          0         24          4          0       1103   system_stm32f1xx.o
       820         90          0          0        476       4500   usart.o

    ----------------------------------------------------------------------
      6750        476        668       5472       1584     587408   Object Totals
         0          0         32          0          0          0   (incl. Generated)
        18          0          3          4          0          0   (incl. Padding)

    ----------------------------------------------------------------------

      Code (inc. data)   RO Data    RW Data    ZI Data      Debug   Library Member Name

       148         10          0          0          0        488   irq_cm3.o
       126         32          0          0          1       3105   os_systick.o
        56          4          0          0          0       2854   rtx_delay.o
       614         48         11        164          0      17231   rtx_kernel.o
       242          0          0          0          0       2478   rtx_memory.o
       186          0          0          0          0      16576   rtx_mempool.o
      1350         28          0          0          0      18694   rtx_msgqueue.o
       138          0          0          0          0      10004   rtx_mutex.o
       368         26          0          0          0       5437   rtx_system.o
      1620         92          0          0          0      32739   rtx_thread.o
       216         20          0          0          0      10445   rtx_timer.o
        58          0          0          0          0          0   __dczerorl.o
         0          0          0          0          0          0   entry.o
         0          0          0          0          0          0   entry10a.o
         0          0          0          0          0          0   entry11a.o
         8          4          0          0          0          0   entry2.o
         4          0          0          0          0          0   entry5.o
         0          0          0          0          0          0   entry7b.o
         0          0          0          0          0          0   entry8b.o
         8          4          0          0          0          0   entry9a.o
        30          0          0          0          0          0   handlers.o
        36          8          0          0          0         68   init.o
        36          0          0          0          0         68   memcpya.o
        36          0          0          0          0        108   memseta.o

    ----------------------------------------------------------------------
      5290        276         12        164          4     120295   Library Totals
        10          0          1          0          3          0   (incl. Padding)

    ----------------------------------------------------------------------

      Code (inc. data)   RO Data    RW Data    ZI Data      Debug   Library Name

      5064        260         11        164          1     120051   RTX_CM3.lib
       216         16          0          0          0        244   mc_w.l

    ----------------------------------------------------------------------
      5290        276         12        164          4     120295   Library Totals

    ----------------------------------------------------------------------

==============================================================================


      Code (inc. data)   RO Data    RW Data    ZI Data      Debug   

     12040        752        680       5636       1588     704151   Grand Totals
     12040        752        680         64       1588     704151   ELF Image Totals (compressed)
     12040        752        680         64          0          0   ROM Totals

==============================================================================

    Total RO  Size (Code + RO Data)                12720 (  12.42kB)
    Total RW  Size (RW Data + ZI Data)              7224 (   7.05kB)
    Total ROM Size (Code + RO Data + RW Data)      12784 (  12.48kB)

==============================================================================

