Component: ARM Compiler 5.06 update 6 (build 750) Tool: armlink [4d35ed]

==============================================================================

Section Cross References

    startup_stm32f103xe.o(STACK) refers (Special) to heapauxi.o(.text) for __use_two_region_memory
    startup_stm32f103xe.o(HEAP) refers (Special) to heapauxi.o(.text) for __use_two_region_memory
    startup_stm32f103xe.o(RESET) refers (Special) to heapauxi.o(.text) for __use_two_region_memory
    startup_stm32f103xe.o(RESET) refers to startup_stm32f103xe.o(STACK) for __initial_sp
    startup_stm32f103xe.o(RESET) refers to startup_stm32f103xe.o(.text) for Reset_Handler
    startup_stm32f103xe.o(RESET) refers to stm32f1xx_it.o(i.NMI_Handler) for NMI_Handler
    startup_stm32f103xe.o(RESET) refers to stm32f1xx_it.o(i.HardFault_Handler) for HardFault_Handler
    startup_stm32f103xe.o(RESET) refers to stm32f1xx_it.o(i.MemManage_Handler) for MemManage_Handler
    startup_stm32f103xe.o(RESET) refers to stm32f1xx_it.o(i.BusFault_Handler) for BusFault_Handler
    startup_stm32f103xe.o(RESET) refers to stm32f1xx_it.o(i.UsageFault_Handler) for UsageFault_Handler
    startup_stm32f103xe.o(RESET) refers to hal_cm3.o(.emb_text) for SVC_Handler
    startup_stm32f103xe.o(RESET) refers to stm32f1xx_it.o(i.DebugMon_Handler) for DebugMon_Handler
    startup_stm32f103xe.o(RESET) refers to stm32f1xx_it.o(i.TIM2_IRQHandler) for TIM2_IRQHandler
    startup_stm32f103xe.o(.text) refers (Special) to heapauxi.o(.text) for __use_two_region_memory
    startup_stm32f103xe.o(.text) refers to system_stm32f1xx.o(i.SystemInit) for SystemInit
    startup_stm32f103xe.o(.text) refers to __main.o(!!!main) for __main
    startup_stm32f103xe.o(.text) refers to startup_stm32f103xe.o(HEAP) for Heap_Mem
    startup_stm32f103xe.o(.text) refers to startup_stm32f103xe.o(STACK) for Stack_Mem
    main.o(i.HAL_TIM_PeriodElapsedCallback) refers to stm32f1xx_hal.o(i.HAL_IncTick) for HAL_IncTick
    main.o(i.SystemClock_Config) refers to rt_memclr_w.o(.text) for __aeabi_memclr4
    main.o(i.SystemClock_Config) refers to stm32f1xx_hal_rcc.o(i.HAL_RCC_OscConfig) for HAL_RCC_OscConfig
    main.o(i.SystemClock_Config) refers to stm32f1xx_hal_rcc.o(i.HAL_RCC_ClockConfig) for HAL_RCC_ClockConfig
    main.o(i.main) refers to stm32f1xx_hal.o(i.HAL_Init) for HAL_Init
    main.o(i.main) refers to main.o(i.SystemClock_Config) for SystemClock_Config
    main.o(i.main) refers to gpio.o(i.MX_GPIO_Init) for MX_GPIO_Init
    main.o(i.main) refers to usart.o(i.MX_UART4_Init) for MX_UART4_Init
    main.o(i.main) refers to usart.o(i.MX_UART5_Init) for MX_UART5_Init
    main.o(i.main) refers to usart.o(i.MX_USART1_UART_Init) for MX_USART1_UART_Init
    main.o(i.main) refers to usart.o(i.MX_USART2_UART_Init) for MX_USART2_UART_Init
    main.o(i.main) refers to usart.o(i.MX_USART3_UART_Init) for MX_USART3_UART_Init
    main.o(i.main) refers to iwdg.o(i.MX_IWDG_Init) for MX_IWDG_Init
    gpio.o(i.MX_GPIO_Init) refers to stm32f1xx_hal_gpio.o(i.HAL_GPIO_WritePin) for HAL_GPIO_WritePin
    gpio.o(i.MX_GPIO_Init) refers to stm32f1xx_hal_gpio.o(i.HAL_GPIO_Init) for HAL_GPIO_Init
    iwdg.o(i.MX_IWDG_Init) refers to stm32f1xx_hal_iwdg.o(i.HAL_IWDG_Init) for HAL_IWDG_Init
    iwdg.o(i.MX_IWDG_Init) refers to main.o(i.Error_Handler) for Error_Handler
    iwdg.o(i.MX_IWDG_Init) refers to iwdg.o(.bss) for .bss
    usart.o(i.HAL_UART_MspDeInit) refers to stm32f1xx_hal_gpio.o(i.HAL_GPIO_DeInit) for HAL_GPIO_DeInit
    usart.o(i.HAL_UART_MspInit) refers to stm32f1xx_hal_gpio.o(i.HAL_GPIO_Init) for HAL_GPIO_Init
    usart.o(i.MX_UART4_Init) refers to stm32f1xx_hal_uart.o(i.HAL_UART_Init) for HAL_UART_Init
    usart.o(i.MX_UART4_Init) refers to main.o(i.Error_Handler) for Error_Handler
    usart.o(i.MX_UART4_Init) refers to usart.o(.bss) for .bss
    usart.o(i.MX_UART5_Init) refers to stm32f1xx_hal_uart.o(i.HAL_UART_Init) for HAL_UART_Init
    usart.o(i.MX_UART5_Init) refers to main.o(i.Error_Handler) for Error_Handler
    usart.o(i.MX_UART5_Init) refers to usart.o(.bss) for .bss
    usart.o(i.MX_USART1_UART_Init) refers to stm32f1xx_hal_uart.o(i.HAL_UART_Init) for HAL_UART_Init
    usart.o(i.MX_USART1_UART_Init) refers to main.o(i.Error_Handler) for Error_Handler
    usart.o(i.MX_USART1_UART_Init) refers to usart.o(.bss) for .bss
    usart.o(i.MX_USART2_UART_Init) refers to stm32f1xx_hal_uart.o(i.HAL_UART_Init) for HAL_UART_Init
    usart.o(i.MX_USART2_UART_Init) refers to main.o(i.Error_Handler) for Error_Handler
    usart.o(i.MX_USART2_UART_Init) refers to usart.o(.bss) for .bss
    usart.o(i.MX_USART3_UART_Init) refers to stm32f1xx_hal_uart.o(i.HAL_UART_Init) for HAL_UART_Init
    usart.o(i.MX_USART3_UART_Init) refers to main.o(i.Error_Handler) for Error_Handler
    usart.o(i.MX_USART3_UART_Init) refers to usart.o(.bss) for .bss
    stm32f1xx_it.o(i.TIM2_IRQHandler) refers to stm32f1xx_hal_tim.o(i.HAL_TIM_IRQHandler) for HAL_TIM_IRQHandler
[...]
    .ARM.Collect$$libinit$$0000000A          0x080001a6   Section        0  libinit2.o(.ARM.Collect$$libinit$$0000000A)
    .ARM.Collect$$libinit$$0000000C          0x080001a6   Section        0  libinit2.o(.ARM.Collect$$libinit$$0000000C)
    .ARM.Collect$$libinit$$0000000E          0x080001a6   Section        0  libinit2.o(.ARM.Collect$$libinit$$0000000E)
    .ARM.Collect$$libinit$$00000011          0x080001a6   Section        0  libinit2.o(.ARM.Collect$$libinit$$00000011)
    .ARM.Collect$$libinit$$00000013          0x080001a6   Section        0  libinit2.o(.ARM.Collect$$libinit$$00000013)
    .ARM.Collect$$libinit$$00000015          0x080001a6   Section        0  libinit2.o(.ARM.Collect$$libinit$$00000015)
    .ARM.Collect$$libinit$$00000017          0x080001a6   Section        0  libinit2.o(.ARM.Collect$$libinit$$00000017)
    .ARM.Collect$$libinit$$00000019          0x080001a6   Section        0  libinit2.o(.ARM.Collect$$libinit$$00000019)
    .ARM.Collect$$libinit$$0000001B          0x080001a6   Section        0  libinit2.o(.ARM.Collect$$libinit$$0000001B)
    .ARM.Collect$$libinit$$0000001D          0x080001a6   Section        0  libinit2.o(.ARM.Collect$$libinit$$0000001D)
    .ARM.Collect$$libinit$$0000001F          0x080001a6   Section        0  libinit2.o(.ARM.Collect$$libinit$$0000001F)
    .ARM.Collect$$libinit$$00000021          0x080001a6   Section        0  libinit2.o(.ARM.Collect$$libinit$$00000021)
    .ARM.Collect$$libinit$$00000023          0x080001a6   Section        0  libinit2.o(.ARM.Collect$$libinit$$00000023)
    .ARM.Collect$$libinit$$00000025          0x080001a6   Section        0  libinit2.o(.ARM.Collect$$libinit$$00000025)
    .ARM.Collect$$libinit$$0000002C          0x080001a6   Section        0  libinit2.o(.ARM.Collect$$libinit$$0000002C)
    .ARM.Collect$$libinit$$0000002E          0x080001a6   Section        0  libinit2.o(.ARM.Collect$$libinit$$0000002E)
    .ARM.Collect$$libinit$$00000030          0x080001a6   Section        0  libinit2.o(.ARM.Collect$$libinit$$00000030)
    .ARM.Collect$$libinit$$00000032          0x080001a6   Section        0  libinit2.o(.ARM.Collect$$libinit$$00000032)
    .ARM.Collect$$libinit$$00000033          0x080001a6   Section        2  libinit2.o(.ARM.Collect$$libinit$$00000033)
    .ARM.Collect$$libshutdown$$00000000      0x080001a8   Section        2  libshutdown.o(.ARM.Collect$$libshutdown$$00000000)
    .ARM.Collect$$libshutdown$$00000002      0x080001aa   Section        0  libshutdown2.o(.ARM.Collect$$libshutdown$$00000002)
    .ARM.Collect$$libshutdown$$00000004      0x080001aa   Section        0  libshutdown2.o(.ARM.Collect$$libshutdown$$00000004)
    .ARM.Collect$$libshutdown$$00000007      0x080001aa   Section        0  libshutdown2.o(.ARM.Collect$$libshutdown$$00000007)
    .ARM.Collect$$libshutdown$$0000000A      0x080001aa   Section        0  libshutdown2.o(.ARM.Collect$$libshutdown$$0000000A)
    .ARM.Collect$$libshutdown$$0000000C      0x080001aa   Section        0  libshutdown2.o(.ARM.Collect$$libshutdown$$0000000C)
    .ARM.Collect$$libshutdown$$0000000F      0x080001aa   Section        0  libshutdown2.o(.ARM.Collect$$libshutdown$$0000000F)
    .ARM.Collect$$libshutdown$$00000010      0x080001aa   Section        2  libshutdown2.o(.ARM.Collect$$libshutdown$$00000010)
    .ARM.Collect$$rtentry$$00000000          0x080001ac   Section        0  __rtentry.o(.ARM.Collect$$rtentry$$00000000)
    .ARM.Collect$$rtentry$$00000002          0x080001ac   Section        0  __rtentry2.o(.ARM.Collect$$rtentry$$00000002)
    .ARM.Collect$$rtentry$$00000004          0x080001ac   Section        6  __rtentry4.o(.ARM.Collect$$rtentry$$00000004)
    .ARM.Collect$$rtentry$$00000009          0x080001b2   Section        0  __rtentry2.o(.ARM.Collect$$rtentry$$00000009)
    .ARM.Collect$$rtentry$$0000000A          0x080001b2   Section        4  __rtentry2.o(.ARM.Collect$$rtentry$$0000000A)
    .ARM.Collect$$rtentry$$0000000B          0x080001b6   Section        8  __rtentry2.o(.ARM.Collect$$rtentry$$0000000B)
    .ARM.Collect$$rtentry$$0000000D          0x080001be   Section        8  __rtentry2.o(.ARM.Collect$$rtentry$$0000000D)
    .ARM.Collect$$rtexit$$00000000           0x080001c6   Section        2  rtexit.o(.ARM.Collect$$rtexit$$00000000)
    .ARM.Collect$$rtexit$$00000002           0x080001c8   Section        0  rtexit2.o(.ARM.Collect$$rtexit$$00000002)
    .ARM.Collect$$rtexit$$00000003           0x080001c8   Section        4  rtexit2.o(.ARM.Collect$$rtexit$$00000003)
    .ARM.Collect$$rtexit$$00000004           0x080001cc   Section        6  rtexit2.o(.ARM.Collect$$rtexit$$00000004)
    .emb_text                                0x080001d4   Section       28  rtx_conf_cm.o(.emb_text)
    .emb_text                                0x080001f0   Section      304  hal_cm3.o(.emb_text)
    .text                                    0x08000320   Section       64  startup_stm32f103xe.o(.text)
    .text                                    0x08000360   Section        8  libspace.o(.text)
    .text                                    0x08000368   Section        0  exit.o(.text)
    .text                                    0x0800037a   Section       78  rt_memclr_w.o(.text)
    .text                                    0x080003c8   Section        0  heapauxi.o(.text)
    .text                                    0x080003d0   Section        0  sys_exit.o(.text)
    .text                                    0x080003dc   Section       74  sys_stackheap_outer.o(.text)
    .text                                    0x08000426   Section        2  use_no_semi.o(.text)
    .text                                    0x08000428   Section        0  indicate_semi.o(.text)
    SVC_TABLE                                0x08000428   Section        4  svc_table.o(SVC_TABLE)
    i.BusFault_Handler                       0x0800042c   Section        0  stm32f1xx_it.o(i.BusFault_Handler)
    i.DebugMon_Handler                       0x0800042e   Section        0  stm32f1xx_it.o(i.DebugMon_Handler)
    i.Error_Handler                          0x08000430   Section        0  main.o(i.Error_Handler)
    i.HAL_GPIO_Init                          0x08000434   Section        0  stm32f1xx_hal_gpio.o(i.HAL_GPIO_Init)
    i.HAL_GPIO_WritePin                      0x0800062c   Section        0  stm32f1xx_hal_gpio.o(i.HAL_GPIO_WritePin)
    i.HAL_GetTick                            0x08000638   Section        0  stm32f1xx_hal.o(i.HAL_GetTick)
    i.HAL_IWDG_Init                          0x08000644   Section        0  stm32f1xx_hal_iwdg.o(i.HAL_IWDG_Init)
    i.HAL_IncTick                            0x080006a0   Section        0  stm32f1xx_hal.o(i.HAL_IncTick)
    i.HAL_Init                               0x080006b0   Section        0  stm32f1xx_hal.o(i.HAL_Init)
    i.HAL_InitTick                           0x080006d4   Section        0  stm32f1xx_hal_timebase_tim.o(i.HAL_InitTick)
    i.HAL_MspInit                            0x0800076c   Section        0  stm32f1xx_hal_msp.o(i.HAL_MspInit)
    i.HAL_NVIC_EnableIRQ                     0x080007a8   Section        0  stm32f1xx_hal_cortex.o(i.HAL_NVIC_EnableIRQ)
    i.HAL_NVIC_SetPriority                   0x080007c4   Section        0  stm32f1xx_hal_cortex.o(i.HAL_NVIC_SetPriority)
    i.HAL_NVIC_SetPriorityGrouping           0x08000804   Section        0  stm32f1xx_hal_cortex.o(i.HAL_NVIC_SetPriorityGrouping)
    i.HAL_RCC_ClockConfig                    0x08000828   Section        0  stm32f1xx_hal_rcc.o(i.HAL_RCC_ClockConfig)
    i.HAL_RCC_GetClockConfig                 0x08000954   Section        0  stm32f1xx_hal_rcc.o(i.HAL_RCC_GetClockConfig)
    i.HAL_RCC_GetPCLK1Freq                   0x08000994   Section        0  stm32f1xx_hal_rcc.o(i.HAL_RCC_GetPCLK1Freq)
    i.HAL_RCC_GetPCLK2Freq                   0x080009b4   Section        0  stm32f1xx_hal_rcc.o(i.HAL_RCC_GetPCLK2Freq)
    i.HAL_RCC_GetSysClockFreq                0x080009d4   Section        0  stm32f1xx_hal_rcc.o(i.HAL_RCC_GetSysClockFreq)
    i.HAL_RCC_OscConfig                      0x08000a40   Section        0  stm32f1xx_hal_rcc.o(i.HAL_RCC_OscConfig)
    i.HAL_TIMEx_BreakCallback                0x08000d60   Section        0  stm32f1xx_hal_tim_ex.o(i.HAL_TIMEx_BreakCallback)
    i.HAL_TIMEx_CommutCallback               0x08000d62   Section        0  stm32f1xx_hal_tim_ex.o(i.HAL_TIMEx_CommutCallback)
    i.HAL_TIM_Base_Init                      0x08000d64   Section        0  stm32f1xx_hal_tim.o(i.HAL_TIM_Base_Init)
    i.HAL_TIM_Base_MspInit                   0x08000dbe   Section        0  stm32f1xx_hal_tim.o(i.HAL_TIM_Base_MspInit)
    i.HAL_TIM_Base_Start_IT                  0x08000dc0   Section        0  stm32f1xx_hal_tim.o(i.HAL_TIM_Base_Start_IT)
    i.HAL_TIM_IC_CaptureCallback             0x08000e2c   Section        0  stm32f1xx_hal_tim.o(i.HAL_TIM_IC_CaptureCallback)
    i.HAL_TIM_IRQHandler                     0x08000e2e   Section        0  stm32f1xx_hal_tim.o(i.HAL_TIM_IRQHandler)
    i.HAL_TIM_OC_DelayElapsedCallback        0x08000f94   Section        0  stm32f1xx_hal_tim.o(i.HAL_TIM_OC_DelayElapsedCallback)
    i.HAL_TIM_PWM_PulseFinishedCallback      0x08000f96   Section        0  stm32f1xx_hal_tim.o(i.HAL_TIM_PWM_PulseFinishedCallback)
    i.HAL_TIM_PeriodElapsedCallback          0x08000f98   Section        0  main.o(i.HAL_TIM_PeriodElapsedCallback)
    i.HAL_TIM_TriggerCallback                0x08000fa6   Section        0  stm32f1xx_hal_tim.o(i.HAL_TIM_TriggerCallback)
    i.HAL_UART_Init                          0x08000fa8   Section        0  stm32f1xx_hal_uart.o(i.HAL_UART_Init)
    i.HAL_UART_MspInit                       0x0800100c   Section        0  usart.o(i.HAL_UART_MspInit)
    i.HardFault_Handler                      0x080011a8   Section        0  stm32f1xx_it.o(i.HardFault_Handler)
    i.MX_GPIO_Init                           0x080011ac   Section        0  gpio.o(i.MX_GPIO_Init)
    i.MX_IWDG_Init                           0x0800127c   Section        0  iwdg.o(i.MX_IWDG_Init)
    i.MX_UART4_Init                          0x080012a8   Section        0  usart.o(i.MX_UART4_Init)
    i.MX_UART5_Init                          0x080012e0   Section        0  usart.o(i.MX_UART5_Init)
    i.MX_USART1_UART_Init                    0x08001318   Section        0  usart.o(i.MX_USART1_UART_Init)
    i.MX_USART2_UART_Init                    0x08001350   Section        0  usart.o(i.MX_USART2_UART_Init)
    i.MX_USART3_UART_Init                    0x08001388   Section        0  usart.o(i.MX_USART3_UART_Init)
    i.MemManage_Handler                      0x080013c0   Section        0  stm32f1xx_it.o(i.MemManage_Handler)
    i.NMI_Handler                            0x080013c2   Section        0  stm32f1xx_it.o(i.NMI_Handler)
    i.SystemClock_Config                     0x080013c4   Section        0  main.o(i.SystemClock_Config)
    i.SystemInit                             0x08001424   Section        0  system_stm32f1xx.o(i.SystemInit)
    i.TIM2_IRQHandler                        0x08001428   Section        0  stm32f1xx_it.o(i.TIM2_IRQHandler)
    i.TIM_Base_SetConfig                     0x08001434   Section        0  stm32f1xx_hal_tim.o(i.TIM_Base_SetConfig)
    i.UART_SetConfig                         0x080014c0   Section        0  stm32f1xx_hal_uart.o(i.UART_SetConfig)
    UART_SetConfig                           0x080014c1   Thumb Code   178  stm32f1xx_hal_uart.o(i.UART_SetConfig)
    i.UsageFault_Handler                     0x08001578   Section        0  stm32f1xx_it.o(i.UsageFault_Handler)
    i.__NVIC_SetPriority                     0x0800157a   Section        0  stm32f1xx_hal_cortex.o(i.__NVIC_SetPriority)
    __NVIC_SetPriority                       0x0800157b   Thumb Code    32  stm32f1xx_hal_cortex.o(i.__NVIC_SetPriority)
    i._init_box                              0x0800159a   Section        0  rt_membox.o(i._init_box)
    i._mutex_acquire                         0x080015e0   Section        0  rtx_conf_cm.o(i._mutex_acquire)
    __tagsym$$used                           0x080015e1   Number         0  rtx_conf_cm.o(i._mutex_acquire)
    i._mutex_release                         0x08001600   Section        0  rtx_conf_cm.o(i._mutex_release)
    __tagsym$$used                           0x08001601   Number         0  rtx_conf_cm.o(i._mutex_release)
    i.dbg_init                               0x0800161c   Section        0  hal_cm.o(i.dbg_init)
    i.dbg_task_notify                        0x0800164c   Section        0  hal_cm.o(i.dbg_task_notify)
    i.dbg_task_switch                        0x0800166c   Section        0  hal_cm.o(i.dbg_task_switch)
    i.isrMessageGet                          0x0800167c   Section        0  rt_cmsis.o(i.isrMessageGet)
    i.isrMessagePut                          0x080016a6   Section        0  rt_cmsis.o(i.isrMessagePut)
    i.isr_mbx_receive                        0x080016d4   Section        0  rt_mailbox.o(i.isr_mbx_receive)
    i.isr_mbx_send                           0x0800172a   Section        0  rt_mailbox.o(i.isr_mbx_send)
    i.main                                   0x08001738   Section        0  main.o(i.main)
    i.osKernelInitialize                     0x08001760   Section        0  rt_cmsis.o(i.osKernelInitialize)
    i.osKernelStart                          0x08001784   Section        0  rt_cmsis.o(i.osKernelStart)
    i.osMessageGet                           0x080017f0   Section        0  rt_cmsis.o(i.osMessageGet)
    i.osThreadCreate                         0x08001808   Section        0  rt_cmsis.o(i.osThreadCreate)
    i.osThreadExit                           0x08001834   Section        0  rt_cmsis.o(i.osThreadExit)
    i.osTimerCall                            0x0800184c   Section        0  rt_cmsis.o(i.osTimerCall)
    i.osTimerThread                          0x08001858   Section        0  rt_cmsis.o(i.osTimerThread)
    i.os_error                               0x08001884   Section        0  rtx_conf_cm.o(i.os_error)
    i.os_idle_demon                          0x08001886   Section        0  rtx_conf_cm.o(i.os_idle_demon)
    i.os_tick_init                           0x08001888   Section        0  rt_system.o(i.os_tick_init)
    i.os_tick_irqack                         0x080018b0   Section        0  rt_system.o(i.os_tick_irqack)
    i.rt_alloc_box                           0x080018b2   Section        0  rt_membox.o(i.rt_alloc_box)
    i.rt_alloc_mem                           0x080018cc   Section        0  rt_memory.o(i.rt_alloc_mem)
    i.rt_block                               0x0800190c   Section        0  rt_task.o(i.rt_block)
    i.rt_chk_robin                           0x08001944   Section        0  rt_robin.o(i.rt_chk_robin)
    i.rt_dec_dly                             0x0800198c   Section        0  rt_list.o(i.rt_dec_dly)
    i.rt_dispatch                            0x080019fc   Section        0  rt_task.o(i.rt_dispatch)
    i.rt_evt_psh                             0x08001a40   Section        0  rt_event.o(i.rt_evt_psh)
    i.rt_free_box                            0x08001a90   Section        0  rt_membox.o(i.rt_free_box)
    i.rt_free_mem                            0x08001abc   Section        0  rt_memory.o(i.rt_free_mem)
    i.rt_get_first                           0x08001ae4   Section        0  rt_list.o(i.rt_get_first)
    i.rt_id2obj                              0x08001b0c   Section        0  rt_cmsis.o(i.rt_id2obj)
    rt_id2obj                                0x08001b0d   Thumb Code     8  rt_cmsis.o(i.rt_id2obj)
    i.rt_init_context                        0x08001b14   Section        0  rt_task.o(i.rt_init_context)
    rt_init_context                          0x08001b15   Thumb Code    66  rt_task.o(i.rt_init_context)
    i.rt_init_mem                            0x08001b5c   Section        0  rt_memory.o(i.rt_init_mem)
    i.rt_init_robin                          0x08001b78   Section        0  rt_robin.o(i.rt_init_robin)
    i.rt_init_stack                          0x08001b90   Section        0  hal_cm.o(i.rt_init_stack)
    i.rt_mbx_check                           0x08001c10   Section        0  rt_mailbox.o(i.rt_mbx_check)
    i.rt_mbx_init                            0x08001c18   Section        0  rt_mailbox.o(i.rt_mbx_init)
    i.rt_mbx_psh                             0x08001c34   Section        0  rt_mailbox.o(i.rt_mbx_psh)
    i.rt_mbx_wait                            0x08001d24   Section        0  rt_mailbox.o(i.rt_mbx_wait)
    i.rt_ms2tick                             0x08001dd8   Section        0  rt_cmsis.o(i.rt_ms2tick)
    rt_ms2tick                               0x08001dd9   Thumb Code    58  rt_cmsis.o(i.rt_ms2tick)
    i.rt_mut_release                         0x08001e1c   Section        0  rt_mutex.o(i.rt_mut_release)
    i.rt_mut_wait                            0x08001ef4   Section        0  rt_mutex.o(i.rt_mut_wait)
    i.rt_pop_req                             0x08001f6c   Section        0  rt_system.o(i.rt_pop_req)
    i.rt_psh_req                             0x08001fe8   Section        0  rt_system.o(i.rt_psh_req)
    i.rt_psq_enq                             0x08002008   Section        0  rt_list.o(i.rt_psq_enq)
    i.rt_put_dly                             0x08002064   Section        0  rt_list.o(i.rt_put_dly)
    i.rt_put_prio                            0x080020ac   Section        0  rt_list.o(i.rt_put_prio)
    i.rt_put_rdy_first                       0x080020e4   Section        0  rt_list.o(i.rt_put_rdy_first)
    i.rt_resort_prio                         0x080020f8   Section        0  rt_list.o(i.rt_resort_prio)
    i.rt_ret_val                             0x0800212c   Section        0  hal_cm.o(i.rt_ret_val)
    i.rt_ret_val2                            0x08002132   Section        0  hal_cm.o(i.rt_ret_val2)
    i.rt_rmv_dly                             0x0800213a   Section        0  rt_list.o(i.rt_rmv_dly)
    i.rt_rmv_list                            0x08002164   Section        0  rt_list.o(i.rt_rmv_list)
    i.rt_sem_psh                             0x08002194   Section        0  rt_semaphore.o(i.rt_sem_psh)
    i.rt_stk_check                           0x080021c8   Section        0  rt_system.o(i.rt_stk_check)
    i.rt_switch_req                          0x080021ec   Section        0  rt_task.o(i.rt_switch_req)
    i.rt_sys_init                            0x08002214   Section        0  rt_task.o(i.rt_sys_init)
    i.rt_sys_start                           0x080022e0   Section        0  rt_task.o(i.rt_sys_start)
    i.rt_systick                             0x08002358   Section        0  rt_system.o(i.rt_systick)
    i.rt_tid2ptcb                            0x08002398   Section        0  rt_cmsis.o(i.rt_tid2ptcb)
    rt_tid2ptcb                              0x08002399   Thumb Code    18  rt_cmsis.o(i.rt_tid2ptcb)
    i.rt_timer_insert                        0x080023ac   Section        0  rt_cmsis.o(i.rt_timer_insert)
    rt_timer_insert                          0x080023ad   Thumb Code    48  rt_cmsis.o(i.rt_timer_insert)
    i.rt_tsk_create                          0x080023e0   Section        0  rt_task.o(i.rt_tsk_create)
    i.rt_tsk_delete                          0x08002468   Section        0  rt_task.o(i.rt_tsk_delete)
    i.rt_tsk_prio                            0x080025e4   Section        0  rt_task.o(i.rt_tsk_prio)
    i.rt_tsk_self                            0x08002660   Section        0  rt_task.o(i.rt_tsk_self)
    i.svcKernelInitialize                    0x08002670   Section        0  rt_cmsis.o(i.svcKernelInitialize)
    i.svcKernelStart                         0x080026e0   Section        0  rt_cmsis.o(i.svcKernelStart)
    i.svcMessageCreate                       0x08002728   Section        0  rt_cmsis.o(i.svcMessageCreate)
    i.svcMessageGet                          0x0800274c   Section        0  rt_cmsis.o(i.svcMessageGet)
    i.svcThreadCreate                        0x08002788   Section        0  rt_cmsis.o(i.svcThreadCreate)
    i.svcThreadGetId                         0x080027f4   Section        0  rt_cmsis.o(i.svcThreadGetId)
    i.svcThreadTerminate                     0x08002810   Section        0  rt_cmsis.o(i.svcThreadTerminate)
    i.svcTimerCall                           0x08002848   Section        0  rt_cmsis.o(i.svcTimerCall)
    i.sysTimerTick                           0x08002860   Section        0  rt_cmsis.o(i.sysTimerTick)
    .constdata                               0x080028bc   Section       16  system_stm32f1xx.o(.constdata)
    .constdata                               0x080028cc   Section        8  system_stm32f1xx.o(.constdata)
    .constdata                               0x080028d4   Section        2  rtx_conf_cm.o(.constdata)
    .constdata                               0x080028d8   Section        4  rtx_conf_cm.o(.constdata)
    .constdata                               0x080028dc   Section        4  rtx_conf_cm.o(.constdata)
    .constdata                               0x080028e0   Section        4  rtx_conf_cm.o(.constdata)
    .constdata                               0x080028e4   Section        1  rtx_conf_cm.o(.constdata)
    .constdata                               0x080028e8   Section       16  rtx_conf_cm.o(.constdata)
    __tagsym$$used                           0x080028e8   Number         0  rtx_conf_cm.o(.constdata)
    __tagsym$$used                           0x080028ec   Number         0  rtx_conf_cm.o(.constdata)
    __tagsym$$used                           0x080028f0   Number         0  rtx_conf_cm.o(.constdata)
    __tagsym$$used                           0x080028f4   Number         0  rtx_conf_cm.o(.constdata)
    .constdata                               0x080028f8   Section        2  rtx_conf_cm.o(.constdata)
    .constdata                               0x080028fc   Section        4  rtx_conf_cm.o(.constdata)
    .constdata                               0x08002900   Section        4  rtx_conf_cm.o(.constdata)
    .constdata                               0x08002904   Section        1  rtx_conf_cm.o(.constdata)
    .constdata                               0x08002908   Section       16  rtx_conf_cm.o(.constdata)
    .constdata                               0x08002918   Section        8  rtx_conf_cm.o(.constdata)
    .constdata                               0x08002920   Section        2  rtx_conf_cm.o(.constdata)
    .constdata                               0x08002924   Section       16  rtx_conf_cm.o(.constdata)
    .data                                    0x20000000   Section        4  system_stm32f1xx.o(.data)
    .data                                    0x20000004   Section       12  stm32f1xx_hal.o(.data)
    .data                                    0x20000010   Section        4  rtx_conf_cm.o(.data)
    .data                                    0x20000014   Section        4  rtx_conf_cm.o(.data)
    .data                                    0x20000018   Section        4  rtx_conf_cm.o(.data)
    .data                                    0x2000001c   Section        8  rt_cmsis.o(.data)
    .data                                    0x20000024   Section        8  rt_task.o(.data)
    .data                                    0x2000002c   Section        8  rt_system.o(.data)
    os_lock                                  0x2000002c   Data           1  rt_system.o(.data)
    os_psh_flag                              0x2000002d   Data           1  rt_system.o(.data)
    pend_flags                               0x2000002e   Data           1  rt_system.o(.data)
    .data                                    0x20000034   Section        4  rt_time.o(.data)
    .data                                    0x20000038   Section        8  rt_robin.o(.data)
    .data                                    0x20000040   Section        1  hal_cm.o(.data)
    .bss                                     0x20000044   Section       12  iwdg.o(.bss)
    .bss                                     0x20000050   Section      340  usart.o(.bss)
    .bss                                     0x200001a4   Section       72  stm32f1xx_hal_timebase_tim.o(.bss)
    .bss                                     0x200001ec   Section       32  rtx_conf_cm.o(.bss)
    .bss                                     0x2000020c   Section      376  rtx_conf_cm.o(.bss)
    .bss                                     0x20000388   Section    12304  rtx_conf_cm.o(.bss)
    .bss                                     0x20003398   Section      744  rtx_conf_cm.o(.bss)
    .bss                                     0x20003680   Section      132  rtx_conf_cm.o(.bss)
    .bss                                     0x20003704   Section       28  rtx_conf_cm.o(.bss)
    .bss                                     0x20003720   Section       52  rt_task.o(.bss)
    .bss                                     0x20003754   Section       48  rt_list.o(.bss)
    .bss                                     0x20003784   Section       96  libspace.o(.bss)
    HEAP                                     0x200037e8   Section      512  startup_stm32f103xe.o(HEAP)
    Heap_Mem                                 0x200037e8   Data         512  startup_stm32f103xe.o(HEAP)
    STACK                                    0x200039e8   Section     1024  startup_stm32f103xe.o(STACK)
    Stack_Mem                                0x200039e8   Data        1024  startup_stm32f103xe.o(STACK)
    __initial_sp                             0x20003de8   Data           0  startup_stm32f103xe.o(STACK)

    Global Symbols

    Symbol Name                              Value     Ov Type        Size  Object(Section)

    BuildAttributes$$THM_ISAv4$P$D$K$B$S$PE$A:L22UL41UL21$X:L11$S22US41US21$IEEE1$IW$USESV6$~STKCKD$USESV7$~SHL$OSPACE$ROPI$EBA8$UX$STANDARDLIB$REQ8$PRES8$EABIv2 0x00000000   Number         0  anon$$obj.o ABSOLUTE
    __ARM_use_no_argv                        0x00000000   Number         0  main.o ABSOLUTE
    __ARM_exceptions_init                     - Undefined Weak Reference
    __alloca_initialize                       - Undefined Weak Reference
    __arm_preinit_                            - Undefined Weak Reference
    __cpp_initialize__aeabi_                  - Undefined Weak Reference
    __cxa_finalize                            - Undefined Weak Reference
    __rt_locale                               - Undefined Weak Reference
    __sigvec_lookup                           - Undefined Weak Reference
    _atexit_init                              - Undefined Weak Reference
    _call_atexit_fns                          - Undefined Weak Reference
    _clock_init                               - Undefined Weak Reference
    _fp_trap_init                             - Undefined Weak Reference
    _fp_trap_shutdown                         - Undefined Weak Reference
    _get_lc_collate                           - Undefined Weak Reference
    _get_lc_ctype                             - Undefined Weak Reference
    _get_lc_monetary                          - Undefined Weak Reference
    _get_lc_numeric                           - Undefined Weak Reference
    _get_lc_time                              - Undefined Weak Reference
    _getenv_init                              - Undefined Weak Reference
    _handle_redirection                       - Undefined Weak Reference
    _init_alloc                               - Undefined Weak Reference
    _init_user_alloc                          - Undefined Weak Reference
    _initio                                   - Undefined Weak Reference
    _rand_init                                - Undefined Weak Reference
    _signal_finish                            - Undefined Weak Reference
    _signal_init                              - Undefined Weak Reference
    _terminate_alloc                          - Undefined Weak Reference
    _terminate_user_alloc                     - Undefined Weak Reference
    _terminateio                              - Undefined Weak Reference
    __Vectors_Size                           0x00000130   Number         0  startup_stm32f103xe.o ABSOLUTE
    __RL_RTX_VER                             0x00000482   Number         0  rt_system.o ABSOLUTE
    __Vectors                                0x08000000   Data           4  startup_stm32f103xe.o(RESET)
    __Vectors_End                            0x08000130   Data           0  startup_stm32f103xe.o(RESET)
    __main                                   0x08000131   Thumb Code     8  __main.o(!!!main)
    __scatterload                            0x08000139   Thumb Code     0  __scatter.o(!!!scatter)
    __scatterload_rt2                        0x08000139   Thumb Code    44  __scatter.o(!!!scatter)
    __scatterload_rt2_thumb_only             0x08000139   Thumb Code     0  __scatter.o(!!!scatter)
    __scatterload_null                       0x08000147   Thumb Code     0  __scatter.o(!!!scatter)
    __scatterload_copy                       0x0800016d   Thumb Code    26  __scatter_copy.o(!!handler_copy)
    __scatterload_zeroinit                   0x08000189   Thumb Code    28  __scatter_zi.o(!!handler_zi)
    __rt_lib_init                            0x080001a5   Thumb Code     0  libinit.o(.ARM.Collect$$libinit$$00000000)
    __rt_lib_init_alloca_1                   0x080001a7   Thumb Code     0  libinit2.o(.ARM.Collect$$libinit$$0000002E)
    __rt_lib_init_argv_1                     0x080001a7   Thumb Code     0  libinit2.o(.ARM.Collect$$libinit$$0000002C)
    __rt_lib_init_atexit_1                   0x080001a7   Thumb Code     0  libinit2.o(.ARM.Collect$$libinit$$0000001B)
    __rt_lib_init_clock_1                    0x080001a7   Thumb Code     0  libinit2.o(.ARM.Collect$$libinit$$00000021)
    __rt_lib_init_cpp_1                      0x080001a7   Thumb Code     0  libinit2.o(.ARM.Collect$$libinit$$00000032)
    __rt_lib_init_exceptions_1               0x080001a7   Thumb Code     0  libinit2.o(.ARM.Collect$$libinit$$00000030)
    __rt_lib_init_fp_1                       0x080001a7   Thumb Code     0  libinit2.o(.ARM.Collect$$libinit$$00000002)
    __rt_lib_init_fp_trap_1                  0x080001a7   Thumb Code     0  libinit2.o(.ARM.Collect$$libinit$$0000001F)
    __rt_lib_init_getenv_1                   0x080001a7   Thumb Code     0  libinit2.o(.ARM.Collect$$libinit$$00000023)
    __rt_lib_init_heap_1                     0x080001a7   Thumb Code     0  libinit2.o(.ARM.Collect$$libinit$$0000000A)
    __rt_lib_init_lc_collate_1               0x080001a7   Thumb Code     0  libinit2.o(.ARM.Collect$$libinit$$00000011)
    __rt_lib_init_lc_ctype_1                 0x080001a7   Thumb Code     0  libinit2.o(.ARM.Collect$$libinit$$00000013)
    __rt_lib_init_lc_monetary_1              0x080001a7   Thumb Code     0  libinit2.o(.ARM.Collect$$libinit$$00000015)
    __rt_lib_init_lc_numeric_1               0x080001a7   Thumb Code     0  libinit2.o(.ARM.Collect$$libinit$$00000017)
    __rt_lib_init_lc_time_1                  0x080001a7   Thumb Code     0  libinit2.o(.ARM.Collect$$libinit$$00000019)
    __rt_lib_init_preinit_1                  0x080001a7   Thumb Code     0  libinit2.o(.ARM.Collect$$libinit$$00000004)
    __rt_lib_init_rand_1                     0x080001a7   Thumb Code     0  libinit2.o(.ARM.Collect$$libinit$$0000000E)
    __rt_lib_init_return                     0x080001a7   Thumb Code     0  libinit2.o(.ARM.Collect$$libinit$$00000033)
    __rt_lib_init_signal_1                   0x080001a7   Thumb Code     0  libinit2.o(.ARM.Collect$$libinit$$0000001D)
    __rt_lib_init_stdio_1                    0x080001a7   Thumb Code     0  libinit2.o(.ARM.Collect$$libinit$$00000025)
    __rt_lib_init_user_alloc_1               0x080001a7   Thumb Code     0  libinit2.o(.ARM.Collect$$libinit$$0000000C)
    __rt_lib_shutdown                        0x080001a9   Thumb Code     0  libshutdown.o(.ARM.Collect$$libshutdown$$00000000)
    __rt_lib_shutdown_cpp_1                  0x080001ab   Thumb Code     0  libshutdown2.o(.ARM.Collect$$libshutdown$$00000002)
    __rt_lib_shutdown_fp_trap_1              0x080001ab   Thumb Code     0  libshutdown2.o(.ARM.Collect$$libshutdown$$00000007)
    __rt_lib_shutdown_heap_1                 0x080001ab   Thumb Code     0  libshutdown2.o(.ARM.Collect$$libshutdown$$0000000F)
    __rt_lib_shutdown_return                 0x080001ab   Thumb Code     0  libshutdown2.o(.ARM.Collect$$libshutdown$$00000010)
    __rt_lib_shutdown_signal_1               0x080001ab   Thumb Code     0  libshutdown2.o(.ARM.Collect$$libshutdown$$0000000A)
    __rt_lib_shutdown_stdio_1                0x080001ab   Thumb Code     0  libshutdown2.o(.ARM.Collect$$libshutdown$$00000004)
    __rt_lib_shutdown_user_alloc_1           0x080001ab   Thumb Code     0  libshutdown2.o(.ARM.Collect$$libshutdown$$0000000C)
    __rt_entry                               0x080001ad   Thumb Code     0  __rtentry.o(.ARM.Collect$$rtentry$$00000000)
    __rt_entry_presh_1                       0x080001ad   Thumb Code     0  __rtentry2.o(.ARM.Collect$$rtentry$$00000002)
    __rt_entry_sh                            0x080001ad   Thumb Code     0  __rtentry4.o(.ARM.Collect$$rtentry$$00000004)
    __rt_entry_li                            0x080001b3   Thumb Code     0  __rtentry2.o(.ARM.Collect$$rtentry$$0000000A)
    __rt_entry_postsh_1                      0x080001b3   Thumb Code     0  __rtentry2.o(.ARM.Collect$$rtentry$$00000009)
    __rt_entry_postli_1                      0x080001b7   Thumb Code     0  __rtentry2.o(.ARM.Collect$$rtentry$$0000000B)
    __rt_entry_main                          0x080001bf   Thumb Code     0  __rtentry2.o(.ARM.Collect$$rtentry$$0000000D)
    __rt_exit                                0x080001c7   Thumb Code     0  rtexit.o(.ARM.Collect$$rtexit$$00000000)
    __rt_exit_ls                             0x080001c9   Thumb Code     0  rtexit2.o(.ARM.Collect$$rtexit$$00000003)
    __rt_exit_prels_1                        0x080001c9   Thumb Code     0  rtexit2.o(.ARM.Collect$$rtexit$$00000002)
    __rt_exit_exit                           0x080001cd   Thumb Code     0  rtexit2.o(.ARM.Collect$$rtexit$$00000004)
    _platform_post_lib_init                  0x080001d5   Thumb Code    24  rtx_conf_cm.o(.emb_text)
    rt_set_PSP                               0x080001f1   Thumb Code     6  hal_cm3.o(.emb_text)
    rt_get_PSP                               0x080001f7   Thumb Code     6  hal_cm3.o(.emb_text)
    os_set_env                               0x080001fd   Thumb Code    24  hal_cm3.o(.emb_text)
    _alloc_box                               0x08000219   Thumb Code    28  hal_cm3.o(.emb_text)
    _free_box                                0x08000239   Thumb Code    28  hal_cm3.o(.emb_text)
    SVC_Handler                              0x08000259   Thumb Code   108  hal_cm3.o(.emb_text)
    PendSV_Handler                           0x080002d1   Thumb Code    56  hal_cm3.o(.emb_text)
    SysTick_Handler                          0x0800030d   Thumb Code     8  hal_cm3.o(.emb_text)
    OS_Tick_Handler                          0x08000315   Thumb Code    12  hal_cm3.o(.emb_text)
    Reset_Handler                            0x08000321   Thumb Code     8  startup_stm32f103xe.o(.text)
    ADC1_2_IRQHandler                        0x0800033b   Thumb Code     0  startup_stm32f103xe.o(.text)
    ADC3_IRQHandler                          0x0800033b   Thumb Code     0  startup_stm32f103xe.o(.text)
    CAN1_RX1_IRQHandler                      0x0800033b   Thumb Code     0  startup_stm32f103xe.o(.text)
    CAN1_SCE_IRQHandler                      0x0800033b   Thumb Code     0  startup_stm32f103xe.o(.text)
    DMA1_Channel1_IRQHandler                 0x0800033b   Thumb Code     0  startup_stm32f103xe.o(.text)
    DMA1_Channel2_IRQHandler                 0x0800033b   Thumb Code     0  startup_stm32f103xe.o(.text)
    DMA1_Channel3_IRQHandler                 0x0800033b   Thumb Code     0  startup_stm32f103xe.o(.text)
    DMA1_Channel4_IRQHandler                 0x0800033b   Thumb Code     0  startup_stm32f103xe.o(.text)
    DMA1_Channel5_IRQHandler                 0x0800033b   Thumb Code     0  startup_stm32f103xe.o(.text)
    DMA1_Channel6_IRQHandler                 0x0800033b   Thumb Code     0  startup_stm32f103xe.o(.text)
    DMA1_Channel7_IRQHandler                 0x0800033b   Thumb Code     0  startup_stm32f103xe.o(.text)
    DMA2_Channel1_IRQHandler                 0x0800033b   Thumb Code     0  startup_stm32f103xe.o(.text)
    DMA2_Channel2_IRQHandler                 0x0800033b   Thumb Code     0  startup_stm32f103xe.o(.text)
    DMA2_Channel3_IRQHandler                 0x0800033b   Thumb Code     0  startup_stm32f103xe.o(.text)
    DMA2_Channel4_5_IRQHandler               0x0800033b   Thumb Code     0  startup_stm32f103xe.o(.text)
    EXTI0_IRQHandler                         0x0800033b   Thumb Code     0  startup_stm32f103xe.o(.text)
    EXTI15_10_IRQHandler                     0x0800033b   Thumb Code     0  startup_stm32f103xe.o(.text)
    EXTI1_IRQHandler                         0x0800033b   Thumb Code     0  startup_stm32f103xe.o(.text)
    EXTI2_IRQHandler                         0x0800033b   Thumb Code     0  startup_stm32f103xe.o(.text)
    EXTI3_IRQHandler                         0x0800033b   Thumb Code     0  startup_stm32f103xe.o(.text)
    EXTI4_IRQHandler                         0x0800033b   Thumb Code     0  startup_stm32f103xe.o(.text)
    EXTI9_5_IRQHandler                       0x0800033b   Thumb Code     0  startup_stm32f103xe.o(.text)
    FLASH_IRQHandler                         0x0800033b   Thumb Code     0  startup_stm32f103xe.o(.text)
    FSMC_IRQHandler                          0x0800033b   Thumb Code     0  startup_stm32f103xe.o(.text)
    I2C1_ER_IRQHandler                       0x0800033b   Thumb Code     0  startup_stm32f103xe.o(.text)
    I2C1_EV_IRQHandler                       0x0800033b   Thumb Code     0  startup_stm32f103xe.o(.text)
    I2C2_ER_IRQHandler                       0x0800033b   Thumb Code     0  startup_stm32f103xe.o(.text)
    I2C2_EV_IRQHandler                       0x0800033b   Thumb Code     0  startup_stm32f103xe.o(.text)
    PVD_IRQHandler                           0x0800033b   Thumb Code     0  startup_stm32f103xe.o(.text)
    RCC_IRQHandler                           0x0800033b   Thumb Code     0  startup_stm32f103xe.o(.text)
    RTC_Alarm_IRQHandler                     0x0800033b   Thumb Code     0  startup_stm32f103xe.o(.text)
    RTC_IRQHandler                           0x0800033b   Thumb Code     0  startup_stm32f103xe.o(.text)
    SDIO_IRQHandler                          0x0800033b   Thumb Code     0  startup_stm32f103xe.o(.text)
    SPI1_IRQHandler                          0x0800033b   Thumb Code     0  startup_stm32f103xe.o(.text)
    SPI2_IRQHandler                          0x0800033b   Thumb Code     0  startup_stm32f103xe.o(.text)
    SPI3_IRQHandler                          0x0800033b   Thumb Code     0  startup_stm32f103xe.o(.text)
    TAMPER_IRQHandler                        0x0800033b   Thumb Code     0  startup_stm32f103xe.o(.text)
    TIM1_BRK_IRQHandler                      0x0800033b   Thumb Code     0  startup_stm32f103xe.o(.text)
    TIM1_CC_IRQHandler                       0x0800033b   Thumb Code     0  startup_stm32f103xe.o(.text)
    TIM1_TRG_COM_IRQHandler                  0x0800033b   Thumb Code     0  startup_stm32f103xe.o(.text)
    TIM1_UP_IRQHandler                       0x0800033b   Thumb Code     0  startup_stm32f103xe.o(.text)
    TIM3_IRQHandler                          0x0800033b   Thumb Code     0  startup_stm32f103xe.o(.text)
    TIM4_IRQHandler                          0x0800033b   Thumb Code     0  startup_stm32f103xe.o(.text)
    TIM5_IRQHandler                          0x0800033b   Thumb Code     0  startup_stm32f103xe.o(.text)
    TIM6_IRQHandler                          0x0800033b   Thumb Code     0  startup_stm32f103xe.o(.text)
    TIM7_IRQHandler                          0x0800033b   Thumb Code     0  startup_stm32f103xe.o(.text)
    TIM8_BRK_IRQHandler                      0x0800033b   Thumb Code     0  startup_stm32f103xe.o(.text)
    TIM8_CC_IRQHandler                       0x0800033b   Thumb Code     0  startup_stm32f103xe.o(.text)
    TIM8_TRG_COM_IRQHandler                  0x0800033b   Thumb Code     0  startup_stm32f103xe.o(.text)
    TIM8_UP_IRQHandler                       0x0800033b   Thumb Code     0  startup_stm32f103xe.o(.text)
    UART4_IRQHandler                         0x0800033b   Thumb Code     0  startup_stm32f103xe.o(.text)
    UART5_IRQHandler                         0x0800033b   Thumb Code     0  startup_stm32f103xe.o(.text)
    USART1_IRQHandler                        0x0800033b   Thumb Code     0  startup_stm32f103xe.o(.text)
    USART2_IRQHandler                        0x0800033b   Thumb Code     0  startup_stm32f103xe.o(.text)
    USART3_IRQHandler                        0x0800033b   Thumb Code     0  startup_stm32f103xe.o(.text)
    USBWakeUp_IRQHandler                     0x0800033b   Thumb Code     0  startup_stm32f103xe.o(.text)
    USB_HP_CAN1_TX_IRQHandler                0x0800033b   Thumb Code     0  startup_stm32f103xe.o(.text)
    USB_LP_CAN1_RX0_IRQHandler               0x0800033b   Thumb Code     0  startup_stm32f103xe.o(.text)
    WWDG_IRQHandler                          0x0800033b   Thumb Code     0  startup_stm32f103xe.o(.text)
    __user_initial_stackheap                 0x0800033d   Thumb Code     0  startup_stm32f103xe.o(.text)
    __user_libspace                          0x08000361   Thumb Code     8  libspace.o(.text)
    __user_perproc_libspace                  0x08000361   Thumb Code     0  libspace.o(.text)
    exit                                     0x08000369   Thumb Code    18  exit.o(.text)
    __aeabi_memclr4                          0x0800037b   Thumb Code     0  rt_memclr_w.o(.text)
    __aeabi_memclr8                          0x0800037b   Thumb Code     0  rt_memclr_w.o(.text)
    __rt_memclr_w                            0x0800037b   Thumb Code    78  rt_memclr_w.o(.text)
    _memset_w                                0x0800037f   Thumb Code     0  rt_memclr_w.o(.text)
    __use_two_region_memory                  0x080003c9   Thumb Code     2  heapauxi.o(.text)
    __rt_heap_escrow$2region                 0x080003cb   Thumb Code     2  heapauxi.o(.text)
    __rt_heap_expand$2region                 0x080003cd   Thumb Code     2  heapauxi.o(.text)
    _sys_exit                                0x080003d1   Thumb Code     8  sys_exit.o(.text)
    __user_setup_stackheap                   0x080003dd   Thumb Code    74  sys_stackheap_outer.o(.text)
    __I$use$semihosting                      0x08000427   Thumb Code     0  use_no_semi.o(.text)
    __use_no_semihosting_swi                 0x08000427   Thumb Code     2  use_no_semi.o(.text)
    SVC_Count                                0x08000428   Data           4  svc_table.o(SVC_TABLE)
    __semihosting_library_function           0x08000429   Thumb Code     0  indicate_semi.o(.text)
    BusFault_Handler                         0x0800042d   Thumb Code     2  stm32f1xx_it.o(i.BusFault_Handler)
    SVC_Table                                0x0800042c   Data           0  svc_table.o(SVC_TABLE)
    DebugMon_Handler                         0x0800042f   Thumb Code     2  stm32f1xx_it.o(i.DebugMon_Handler)
    Error_Handler                            0x08000431   Thumb Code     4  main.o(i.Error_Handler)
    HAL_GPIO_Init                            0x08000435   Thumb Code   462  stm32f1xx_hal_gpio.o(i.HAL_GPIO_Init)
    HAL_GPIO_WritePin                        0x0800062d   Thumb Code    10  stm32f1xx_hal_gpio.o(i.HAL_GPIO_WritePin)
    HAL_GetTick                              0x08000639   Thumb Code     6  stm32f1xx_hal.o(i.HAL_GetTick)
    HAL_IWDG_Init                            0x08000645   Thumb Code    90  stm32f1xx_hal_iwdg.o(i.HAL_IWDG_Init)
    HAL_IncTick                              0x080006a1   Thumb Code    12  stm32f1xx_hal.o(i.HAL_IncTick)
    HAL_Init                                 0x080006b1   Thumb Code    32  stm32f1xx_hal.o(i.HAL_Init)
    HAL_InitTick                             0x080006d5   Thumb Code   134  stm32f1xx_hal_timebase_tim.o(i.HAL_InitTick)
    HAL_MspInit                              0x0800076d   Thumb Code    52  stm32f1xx_hal_msp.o(i.HAL_MspInit)
    HAL_NVIC_EnableIRQ                       0x080007a9   Thumb Code    26  stm32f1xx_hal_cortex.o(i.HAL_NVIC_EnableIRQ)
    HAL_NVIC_SetPriority                     0x080007c5   Thumb Code    60  stm32f1xx_hal_cortex.o(i.HAL_NVIC_SetPriority)
    HAL_NVIC_SetPriorityGrouping             0x08000805   Thumb Code    26  stm32f1xx_hal_cortex.o(i.HAL_NVIC_SetPriorityGrouping)
    HAL_RCC_ClockConfig                      0x08000829   Thumb Code   280  stm32f1xx_hal_rcc.o(i.HAL_RCC_ClockConfig)
    HAL_RCC_GetClockConfig                   0x08000955   Thumb Code    54  stm32f1xx_hal_rcc.o(i.HAL_RCC_GetClockConfig)
    HAL_RCC_GetPCLK1Freq                     0x08000995   Thumb Code    20  stm32f1xx_hal_rcc.o(i.HAL_RCC_GetPCLK1Freq)
    HAL_RCC_GetPCLK2Freq                     0x080009b5   Thumb Code    20  stm32f1xx_hal_rcc.o(i.HAL_RCC_GetPCLK2Freq)
    HAL_RCC_GetSysClockFreq                  0x080009d5   Thumb Code    74  stm32f1xx_hal_rcc.o(i.HAL_RCC_GetSysClockFreq)
    HAL_RCC_OscConfig                        0x08000a41   Thumb Code   778  stm32f1xx_hal_rcc.o(i.HAL_RCC_OscConfig)
    HAL_TIMEx_BreakCallback                  0x08000d61   Thumb Code     2  stm32f1xx_hal_tim_ex.o(i.HAL_TIMEx_BreakCallback)
    HAL_TIMEx_CommutCallback                 0x08000d63   Thumb Code     2  stm32f1xx_hal_tim_ex.o(i.HAL_TIMEx_CommutCallback)
    HAL_TIM_Base_Init                        0x08000d65   Thumb Code    90  stm32f1xx_hal_tim.o(i.HAL_TIM_Base_Init)
    HAL_TIM_Base_MspInit                     0x08000dbf   Thumb Code     2  stm32f1xx_hal_tim.o(i.HAL_TIM_Base_MspInit)
    HAL_TIM_Base_Start_IT                    0x08000dc1   Thumb Code    88  stm32f1xx_hal_tim.o(i.HAL_TIM_Base_Start_IT)
    HAL_TIM_IC_CaptureCallback               0x08000e2d   Thumb Code     2  stm32f1xx_hal_tim.o(i.HAL_TIM_IC_CaptureCallback)
    HAL_TIM_IRQHandler                       0x08000e2f   Thumb Code   358  stm32f1xx_hal_tim.o(i.HAL_TIM_IRQHandler)
    HAL_TIM_OC_DelayElapsedCallback          0x08000f95   Thumb Code     2  stm32f1xx_hal_tim.o(i.HAL_TIM_OC_DelayElapsedCallback)
    HAL_TIM_PWM_PulseFinishedCallback        0x08000f97   Thumb Code     2  stm32f1xx_hal_tim.o(i.HAL_TIM_PWM_PulseFinishedCallback)
    HAL_TIM_PeriodElapsedCallback            0x08000f99   Thumb Code    14  main.o(i.HAL_TIM_PeriodElapsedCallback)
    HAL_TIM_TriggerCallback                  0x08000fa7   Thumb Code     2  stm32f1xx_hal_tim.o(i.HAL_TIM_TriggerCallback)
    HAL_UART_Init                            0x08000fa9   Thumb Code    98  stm32f1xx_hal_uart.o(i.HAL_UART_Init)
    HAL_UART_MspInit                         0x0800100d   Thumb Code   370  usart.o(i.HAL_UART_MspInit)
    HardFault_Handler                        0x080011a9   Thumb Code     2  stm32f1xx_it.o(i.HardFault_Handler)
    MX_GPIO_Init                             0x080011ad   Thumb Code   192  gpio.o(i.MX_GPIO_Init)
    MX_IWDG_Init                             0x0800127d   Thumb Code    36  iwdg.o(i.MX_IWDG_Init)
    MX_UART4_Init                            0x080012a9   Thumb Code    48  usart.o(i.MX_UART4_Init)
    MX_UART5_Init                            0x080012e1   Thumb Code    48  usart.o(i.MX_UART5_Init)
    MX_USART1_UART_Init                      0x08001319   Thumb Code    48  usart.o(i.MX_USART1_UART_Init)
    MX_USART2_UART_Init                      0x08001351   Thumb Code    48  usart.o(i.MX_USART2_UART_Init)
    MX_USART3_UART_Init                      0x08001389   Thumb Code    48  usart.o(i.MX_USART3_UART_Init)
    MemManage_Handler                        0x080013c1   Thumb Code     2  stm32f1xx_it.o(i.MemManage_Handler)
    NMI_Handler                              0x080013c3   Thumb Code     2  stm32f1xx_it.o(i.NMI_Handler)
    SystemClock_Config                       0x080013c5   Thumb Code    96  main.o(i.SystemClock_Config)
    SystemInit                               0x08001425   Thumb Code     2  system_stm32f1xx.o(i.SystemInit)
    TIM2_IRQHandler                          0x08001429   Thumb Code     6  stm32f1xx_it.o(i.TIM2_IRQHandler)
    TIM_Base_SetConfig                       0x08001435   Thumb Code   120  stm32f1xx_hal_tim.o(i.TIM_Base_SetConfig)
    UsageFault_Handler                       0x08001579   Thumb Code     2  stm32f1xx_it.o(i.UsageFault_Handler)
    _init_box                                0x0800159b   Thumb Code    70  rt_membox.o(i._init_box)
    _mutex_acquire                           0x080015e1   Thumb Code    22  rtx_conf_cm.o(i._mutex_acquire)
    _mutex_release                           0x08001601   Thumb Code    18  rtx_conf_cm.o(i._mutex_release)
    dbg_init                                 0x0800161d   Thumb Code    34  hal_cm.o(i.dbg_init)
    dbg_task_notify                          0x0800164d   Thumb Code    32  hal_cm.o(i.dbg_task_notify)
    dbg_task_switch                          0x0800166d   Thumb Code    16  hal_cm.o(i.dbg_task_switch)
    isrMessageGet                            0x0800167d   Thumb Code    42  rt_cmsis.o(i.isrMessageGet)
    isrMessagePut                            0x080016a7   Thumb Code    44  rt_cmsis.o(i.isrMessagePut)
    isr_mbx_receive                          0x080016d5   Thumb Code    86  rt_mailbox.o(i.isr_mbx_receive)
    isr_mbx_send                             0x0800172b   Thumb Code    14  rt_mailbox.o(i.isr_mbx_send)
    main                                     0x08001739   Thumb Code    38  main.o(i.main)
    osKernelInitialize                       0x08001761   Thumb Code    30  rt_cmsis.o(i.osKernelInitialize)
    osKernelStart                            0x08001785   Thumb Code    98  rt_cmsis.o(i.osKernelStart)
    osMessageGet                             0x080017f1   Thumb Code    18  rt_cmsis.o(i.osMessageGet)
    osThreadCreate                           0x08001809   Thumb Code    36  rt_cmsis.o(i.osThreadCreate)
    osThreadExit                             0x08001835   Thumb Code    14  rt_cmsis.o(i.osThreadExit)
    osTimerCall                              0x0800184d   Thumb Code     8  rt_cmsis.o(i.osTimerCall)
    osTimerThread                            0x08001859   Thumb Code    38  rt_cmsis.o(i.osTimerThread)
    os_error                                 0x08001885   Thumb Code     2  rtx_conf_cm.o(i.os_error)
    os_idle_demon                            0x08001887   Thumb Code     2  rtx_conf_cm.o(i.os_idle_demon)
    os_tick_init                             0x08001889   Thumb Code    32  rt_system.o(i.os_tick_init)
    os_tick_irqack                           0x080018b1   Thumb Code     2  rt_system.o(i.os_tick_irqack)
    rt_alloc_box                             0x080018b3   Thumb Code    26  rt_membox.o(i.rt_alloc_box)
    rt_alloc_mem                             0x080018cd   Thumb Code    62  rt_memory.o(i.rt_alloc_mem)
    rt_block                                 0x0800190d   Thumb Code    48  rt_task.o(i.rt_block)
    rt_chk_robin                             0x08001945   Thumb Code    60  rt_robin.o(i.rt_chk_robin)
    rt_dec_dly                               0x0800198d   Thumb Code   102  rt_list.o(i.rt_dec_dly)
    rt_dispatch                              0x080019fd   Thumb Code    60  rt_task.o(i.rt_dispatch)
    rt_evt_psh                               0x08001a41   Thumb Code    76  rt_event.o(i.rt_evt_psh)
    rt_free_box                              0x08001a91   Thumb Code    44  rt_membox.o(i.rt_free_box)
    rt_free_mem                              0x08001abd   Thumb Code    40  rt_memory.o(i.rt_free_mem)
    rt_get_first                             0x08001ae5   Thumb Code    40  rt_list.o(i.rt_get_first)
    rt_init_mem                              0x08001b5d   Thumb Code    26  rt_memory.o(i.rt_init_mem)
    rt_init_robin                            0x08001b79   Thumb Code    14  rt_robin.o(i.rt_init_robin)
    rt_init_stack                            0x08001b91   Thumb Code   118  hal_cm.o(i.rt_init_stack)
    rt_mbx_check                             0x08001c11   Thumb Code     8  rt_mailbox.o(i.rt_mbx_check)
    rt_mbx_init                              0x08001c19   Thumb Code    26  rt_mailbox.o(i.rt_mbx_init)
    rt_mbx_psh                               0x08001c35   Thumb Code   236  rt_mailbox.o(i.rt_mbx_psh)
    rt_mbx_wait                              0x08001d25   Thumb Code   174  rt_mailbox.o(i.rt_mbx_wait)
    rt_mut_release                           0x08001e1d   Thumb Code   208  rt_mutex.o(i.rt_mut_release)
    rt_mut_wait                              0x08001ef5   Thumb Code   114  rt_mutex.o(i.rt_mut_wait)
    rt_pop_req                               0x08001f6d   Thumb Code   112  rt_system.o(i.rt_pop_req)
    rt_psh_req                               0x08001fe9   Thumb Code    22  rt_system.o(i.rt_psh_req)
    rt_psq_enq                               0x08002009   Thumb Code    88  rt_list.o(i.rt_psq_enq)
    rt_put_dly                               0x08002065   Thumb Code    68  rt_list.o(i.rt_put_dly)
    rt_put_prio                              0x080020ad   Thumb Code    54  rt_list.o(i.rt_put_prio)
    rt_put_rdy_first                         0x080020e5   Thumb Code    14  rt_list.o(i.rt_put_rdy_first)
    rt_resort_prio                           0x080020f9   Thumb Code    46  rt_list.o(i.rt_resort_prio)
    rt_ret_val                               0x0800212d   Thumb Code     6  hal_cm.o(i.rt_ret_val)
    rt_ret_val2                              0x08002133   Thumb Code     8  hal_cm.o(i.rt_ret_val2)
    rt_rmv_dly                               0x0800213b   Thumb Code    40  rt_list.o(i.rt_rmv_dly)
    rt_rmv_list                              0x08002165   Thumb Code    44  rt_list.o(i.rt_rmv_list)
    rt_sem_psh                               0x08002195   Thumb Code    48  rt_semaphore.o(i.rt_sem_psh)
    rt_stk_check                             0x080021c9   Thumb Code    28  rt_system.o(i.rt_stk_check)
    rt_switch_req                            0x080021ed   Thumb Code    30  rt_task.o(i.rt_switch_req)
    rt_sys_init                              0x08002215   Thumb Code   138  rt_task.o(i.rt_sys_init)
    rt_sys_start                             0x080022e1   Thumb Code   110  rt_task.o(i.rt_sys_start)
    rt_systick                               0x08002359   Thumb Code    50  rt_system.o(i.rt_systick)
    rt_tsk_create                            0x080023e1   Thumb Code   118  rt_task.o(i.rt_tsk_create)
    rt_tsk_delete                            0x08002469   Thumb Code   352  rt_task.o(i.rt_tsk_delete)
    rt_tsk_prio                              0x080025e5   Thumb Code   108  rt_task.o(i.rt_tsk_prio)
    rt_tsk_self                              0x08002661   Thumb Code    12  rt_task.o(i.rt_tsk_self)
    svcKernelInitialize                      0x08002671   Thumb Code    80  rt_cmsis.o(i.svcKernelInitialize)
    svcKernelStart                           0x080026e1   Thumb Code    62  rt_cmsis.o(i.svcKernelStart)
    svcMessageCreate                         0x08002729   Thumb Code    36  rt_cmsis.o(i.svcMessageCreate)
    svcMessageGet                            0x0800274d   Thumb Code    58  rt_cmsis.o(i.svcMessageGet)
    svcThreadCreate                          0x08002789   Thumb Code    96  rt_cmsis.o(i.svcThreadCreate)
    svcThreadGetId                           0x080027f5   Thumb Code    22  rt_cmsis.o(i.svcThreadGetId)
    svcThreadTerminate                       0x08002811   Thumb Code    50  rt_cmsis.o(i.svcThreadTerminate)
    svcTimerCall                             0x08002849   Thumb Code    24  rt_cmsis.o(i.svcTimerCall)
    sysTimerTick                             0x08002861   Thumb Code    84  rt_cmsis.o(i.sysTimerTick)
    AHBPrescTable                            0x080028bc   Data          16  system_stm32f1xx.o(.constdata)
    APBPrescTable                            0x080028cc   Data           8  system_stm32f1xx.o(.constdata)
    os_maxtaskrun                            0x080028d4   Data           2  rtx_conf_cm.o(.constdata)
    os_stackinfo                             0x080028d8   Data           4  rtx_conf_cm.o(.constdata)
    os_rrobin                                0x080028dc   Data           4  rtx_conf_cm.o(.constdata)
    os_trv                                   0x080028e0   Data           4  rtx_conf_cm.o(.constdata)
    os_flags                                 0x080028e4   Data           1  rtx_conf_cm.o(.constdata)
    CMSIS_RTOS_API_Version                   0x080028e8   Data           4  rtx_conf_cm.o(.constdata)
    CMSIS_RTOS_RTX_Version                   0x080028ec   Data           4  rtx_conf_cm.o(.constdata)
    os_clockrate                             0x080028f0   Data           4  rtx_conf_cm.o(.constdata)
    os_timernum                              0x080028f4   Data           4  rtx_conf_cm.o(.constdata)
    mp_tcb_size                              0x080028f8   Data           2  rtx_conf_cm.o(.constdata)
    mp_stk_size                              0x080028fc   Data           4  rtx_conf_cm.o(.constdata)
    os_stack_sz                              0x08002900   Data           4  rtx_conf_cm.o(.constdata)
    os_fifo_size                             0x08002904   Data           1  rtx_conf_cm.o(.constdata)
    os_thread_def_osTimerThread              0x08002908   Data          16  rtx_conf_cm.o(.constdata)
    os_messageQ_def_osTimerMessageQ          0x08002918   Data           8  rtx_conf_cm.o(.constdata)
    mp_tmr_size                              0x08002920   Data           2  rtx_conf_cm.o(.constdata)
    os_thread_def_main                       0x08002924   Data          16  rtx_conf_cm.o(.constdata)
    Region$$Table$$Base                      0x08002934   Number         0  anon$$obj.o(Region$$Table)
    Region$$Table$$Limit                     0x08002954   Number         0  anon$$obj.o(Region$$Table)
    SystemCoreClock                          0x20000000   Data           4  system_stm32f1xx.o(.data)
    uwTickFreq                               0x20000004   Data           1  stm32f1xx_hal.o(.data)
    uwTickPrio                               0x20000008   Data           4  stm32f1xx_hal.o(.data)
    uwTick                                   0x2000000c   Data           4  stm32f1xx_hal.o(.data)
    m_tmr                                    0x20000010   Data           4  rtx_conf_cm.o(.data)
    osThreadId_osTimerThread                 0x20000014   Data           4  rtx_conf_cm.o(.data)
    osMessageQId_osTimerMessageQ             0x20000018   Data           4  rtx_conf_cm.o(.data)
    os_initialized                           0x2000001c   Data           1  rt_cmsis.o(.data)
    os_running                               0x2000001d   Data           1  rt_cmsis.o(.data)
    os_timer_head                            0x20000020   Data           4  rt_cmsis.o(.data)
    os_tsk                                   0x20000024   Data           8  rt_task.o(.data)
    os_tick_irqn                             0x20000030   Data           4  rt_system.o(.data)
    os_time                                  0x20000034   Data           4  rt_time.o(.data)
    os_robin                                 0x20000038   Data           8  rt_robin.o(.data)
    dbg_msg                                  0x20000040   Data           1  hal_cm.o(.data)
    hiwdg                                    0x20000044   Data          12  iwdg.o(.bss)
    huart4                                   0x20000050   Data          68  usart.o(.bss)
    huart5                                   0x20000094   Data          68  usart.o(.bss)
    huart1                                   0x200000d8   Data          68  usart.o(.bss)
    huart2                                   0x2000011c   Data          68  usart.o(.bss)
    huart3                                   0x20000160   Data          68  usart.o(.bss)
    htim2                                    0x200001a4   Data          72  stm32f1xx_hal_timebase_tim.o(.bss)
    os_messageQ_q_osTimerMessageQ            0x200001ec   Data          32  rtx_conf_cm.o(.bss)
    mp_tcb                                   0x2000020c   Data         376  rtx_conf_cm.o(.bss)
    mp_stk                                   0x20000388   Data       12304  rtx_conf_cm.o(.bss)
    os_stack_mem                             0x20003398   Data         744  rtx_conf_cm.o(.bss)
    os_fifo                                  0x20003680   Data         132  rtx_conf_cm.o(.bss)
    os_active_TCB                            0x20003704   Data          28  rtx_conf_cm.o(.bss)
    os_idle_TCB                              0x20003720   Data          52  rt_task.o(.bss)
    os_rdy                                   0x20003754   Data          24  rt_list.o(.bss)
    os_dly                                   0x2000376c   Data          24  rt_list.o(.bss)
    __libspace_start                         0x20003784   Data          96  libspace.o(.bss)
    __temporary_stack_top$libspace           0x200037e4   Data           0  libspace.o(.bss)



==============================================================================

Memory Map of the image

  Image Entry point : 0x08000131

  Load Region LR_IROM1 (Base: 0x08000000, Size: 0x00002998, Max: 0x00040000, ABSOLUTE)

    Execution Region ER_IROM1 (Exec base: 0x08000000, Load base: 0x08000000, Size: 0x00002954, Max: 0x00040000, ABSOLUTE)

    Exec Addr    Load Addr    Size         Type   Attr      Idx    E Section Name        Object

    0x08000000   0x08000000   0x00000130   Data   RO            3    RESET               startup_stm32f103xe.o
    0x08000130   0x08000130   0x00000008   Code   RO         4128  * !!!main             c_w.l(__main.o)
    0x08000138   0x08000138   0x00000034   Code   RO         4289    !!!scatter          c_w.l(__scatter.o)
    0x0800016c   0x0800016c   0x0000001a   Code   RO         4291    !!handler_copy      c_w.l(__scatter_copy.o)
    0x08000186   0x08000186   0x00000002   PAD
    0x08000188   0x08000188   0x0000001c   Code   RO         4293    !!handler_zi        c_w.l(__scatter_zi.o)
    0x080001a4   0x080001a4   0x00000002   Code   RO         4175    .ARM.Collect$$libinit$$00000000  c_w.l(libinit.o)
    0x080001a6   0x080001a6   0x00000000   Code   RO         4187    .ARM.Collect$$libinit$$00000002  c_w.l(libinit2.o)
    0x080001a6   0x080001a6   0x00000000   Code   RO         4189    .ARM.Collect$$libinit$$00000004  c_w.l(libinit2.o)
    0x080001a6   0x080001a6   0x00000000   Code   RO         4192    .ARM.Collect$$libinit$$0000000A  c_w.l(libinit2.o)
    0x080001a6   0x080001a6   0x00000000   Code   RO         4194    .ARM.Collect$$libinit$$0000000C  c_w.l(libinit2.o)
    0x080001a6   0x080001a6   0x00000000   Code   RO         4196    .ARM.Collect$$libinit$$0000000E  c_w.l(libinit2.o)
    0x080001a6   0x080001a6   0x00000000   Code   RO         4199    .ARM.Collect$$libinit$$00000011  c_w.l(libinit2.o)
    0x080001a6   0x080001a6   0x00000000   Code   RO         4201    .ARM.Collect$$libinit$$00000013  c_w.l(libinit2.o)
    0x080001a6   0x080001a6   0x00000000   Code   RO         4203    .ARM.Collect$$libinit$$00000015  c_w.l(libinit2.o)
    0x080001a6   0x080001a6   0x00000000   Code   RO         4205    .ARM.Collect$$libinit$$00000017  c_w.l(libinit2.o)
    0x080001a6   0x080001a6   0x00000000   Code   RO         4207    .ARM.Collect$$libinit$$00000019  c_w.l(libinit2.o)
    0x080001a6   0x080001a6   0x00000000   Code   RO         4209    .ARM.Collect$$libinit$$0000001B  c_w.l(libinit2.o)
    0x080001a6   0x080001a6   0x00000000   Code   RO         4211    .ARM.Collect$$libinit$$0000001D  c_w.l(libinit2.o)
    0x080001a6   0x080001a6   0x00000000   Code   RO         4213    .ARM.Collect$$libinit$$0000001F  c_w.l(libinit2.o)
    0x080001a6   0x080001a6   0x00000000   Code   RO         4215    .ARM.Collect$$libinit$$00000021  c_w.l(libinit2.o)
    0x080001a6   0x080001a6   0x00000000   Code   RO         4217    .ARM.Collect$$libinit$$00000023  c_w.l(libinit2.o)
    0x080001a6   0x080001a6   0x00000000   Code   RO         4219    .ARM.Collect$$libinit$$00000025  c_w.l(libinit2.o)
    0x080001a6   0x080001a6   0x00000000   Code   RO         4223    .ARM.Collect$$libinit$$0000002C  c_w.l(libinit2.o)
    0x080001a6   0x080001a6   0x00000000   Code   RO         4225    .ARM.Collect$$libinit$$0000002E  c_w.l(libinit2.o)
    0x080001a6   0x080001a6   0x00000000   Code   RO         4227    .ARM.Collect$$libinit$$00000030  c_w.l(libinit2.o)
    0x080001a6   0x080001a6   0x00000000   Code   RO         4229    .ARM.Collect$$libinit$$00000032  c_w.l(libinit2.o)
    0x080001a6   0x080001a6   0x00000002   Code   RO         4230    .ARM.Collect$$libinit$$00000033  c_w.l(libinit2.o)
    0x080001a8   0x080001a8   0x00000002   Code   RO         4176    .ARM.Collect$$libshutdown$$00000000  c_w.l(libshutdown.o)
    0x080001aa   0x080001aa   0x00000000   Code   RO         4232    .ARM.Collect$$libshutdown$$00000002  c_w.l(libshutdown2.o)
    0x080001aa   0x080001aa   0x00000000   Code   RO         4234    .ARM.Collect$$libshutdown$$00000004  c_w.l(libshutdown2.o)
    0x080001aa   0x080001aa   0x00000000   Code   RO         4237    .ARM.Collect$$libshutdown$$00000007  c_w.l(libshutdown2.o)
    0x080001aa   0x080001aa   0x00000000   Code   RO         4240    .ARM.Collect$$libshutdown$$0000000A  c_w.l(libshutdown2.o)
    0x080001aa   0x080001aa   0x00000000   Code   RO         4242    .ARM.Collect$$libshutdown$$0000000C  c_w.l(libshutdown2.o)
    0x080001aa   0x080001aa   0x00000000   Code   RO         4245    .ARM.Collect$$libshutdown$$0000000F  c_w.l(libshutdown2.o)
    0x080001aa   0x080001aa   0x00000002   Code   RO         4246    .ARM.Collect$$libshutdown$$00000010  c_w.l(libshutdown2.o)
    0x080001ac   0x080001ac   0x00000000   Code   RO         4130    .ARM.Collect$$rtentry$$00000000  c_w.l(__rtentry.o)
    0x080001ac   0x080001ac   0x00000000   Code   RO         4138    .ARM.Collect$$rtentry$$00000002  c_w.l(__rtentry2.o)
    0x080001ac   0x080001ac   0x00000006   Code   RO         4150    .ARM.Collect$$rtentry$$00000004  c_w.l(__rtentry4.o)
    0x080001b2   0x080001b2   0x00000000   Code   RO         4140    .ARM.Collect$$rtentry$$00000009  c_w.l(__rtentry2.o)
    0x080001b2   0x080001b2   0x00000004   Code   RO         4141    .ARM.Collect$$rtentry$$0000000A  c_w.l(__rtentry2.o)
    0x080001b6   0x080001b6   0x00000008   Code   RO         4142    .ARM.Collect$$rtentry$$0000000B  c_w.l(__rtentry2.o)
    0x080001be   0x080001be   0x00000008   Code   RO         4144    .ARM.Collect$$rtentry$$0000000D  c_w.l(__rtentry2.o)
    0x080001c6   0x080001c6   0x00000002   Code   RO         4131    .ARM.Collect$$rtexit$$00000000  c_w.l(rtexit.o)
    0x080001c8   0x080001c8   0x00000000   Code   RO         4153    .ARM.Collect$$rtexit$$00000002  c_w.l(rtexit2.o)
    0x080001c8   0x080001c8   0x00000004   Code   RO         4154    .ARM.Collect$$rtexit$$00000003  c_w.l(rtexit2.o)
    0x080001cc   0x080001cc   0x00000006   Code   RO         4155    .ARM.Collect$$rtexit$$00000004  c_w.l(rtexit2.o)
    0x080001d2   0x080001d2   0x00000002   PAD
    0x080001d4   0x080001d4   0x0000001c   Code   RO         2818    .emb_text           rtx_conf_cm.o
    0x080001f0   0x080001f0   0x00000130   Code   RO         4100    .emb_text           RTX_CM3.lib(hal_cm3.o)
    0x08000320   0x08000320   0x00000040   Code   RO            4    .text               startup_stm32f103xe.o
    0x08000360   0x08000360   0x00000008   Code   RO         4115    .text               c_w.l(libspace.o)
    0x08000368   0x08000368   0x00000012   Code   RO         4122    .text               c_w.l(exit.o)
    0x0800037a   0x0800037a   0x0000004e   Code   RO         4124    .text               c_w.l(rt_memclr_w.o)
    0x080003c8   0x080003c8   0x00000006   Code   RO         4126    .text               c_w.l(heapauxi.o)
    0x080003ce   0x080003ce   0x00000002   PAD
    0x080003d0   0x080003d0   0x0000000c   Code   RO         4161    .text               c_w.l(sys_exit.o)
    0x080003dc   0x080003dc   0x0000004a   Code   RO         4163    .text               c_w.l(sys_stackheap_outer.o)
    0x08000426   0x08000426   0x00000002   Code   RO         4177    .text               c_w.l(use_no_semi.o)
    0x08000428   0x08000428   0x00000000   Code   RO         4179    .text               c_w.l(indicate_semi.o)
    0x08000428   0x08000428   0x00000004   Code   RO         4110    SVC_TABLE           RTX_CM3.lib(svc_table.o)
    0x0800042c   0x0800042c   0x00000002   Code   RO          285    i.BusFault_Handler  stm32f1xx_it.o
    0x0800042e   0x0800042e   0x00000002   Code   RO          286    i.DebugMon_Handler  stm32f1xx_it.o
    0x08000430   0x08000430   0x00000004   Code   RO           13    i.Error_Handler     main.o
    0x08000434   0x08000434   0x000001f8   Code   RO          831    i.HAL_GPIO_Init     stm32f1xx_hal_gpio.o
    0x0800062c   0x0800062c   0x0000000a   Code   RO          835    i.HAL_GPIO_WritePin  stm32f1xx_hal_gpio.o
    0x08000636   0x08000636   0x00000002   PAD
    0x08000638   0x08000638   0x0000000c   Code   RO          527    i.HAL_GetTick       stm32f1xx_hal.o
    0x08000644   0x08000644   0x0000005a   Code   RO          486    i.HAL_IWDG_Init     stm32f1xx_hal_iwdg.o
    0x0800069e   0x0800069e   0x00000002   PAD
    0x080006a0   0x080006a0   0x00000010   Code   RO          533    i.HAL_IncTick       stm32f1xx_hal.o
    0x080006b0   0x080006b0   0x00000024   Code   RO          534    i.HAL_Init          stm32f1xx_hal.o
    0x080006d4   0x080006d4   0x00000098   Code   RO          373    i.HAL_InitTick      stm32f1xx_hal_timebase_tim.o
    0x0800076c   0x0800076c   0x0000003c   Code   RO          349    i.HAL_MspInit       stm32f1xx_hal_msp.o
    0x080007a8   0x080007a8   0x0000001a   Code   RO          991    i.HAL_NVIC_EnableIRQ  stm32f1xx_hal_cortex.o
    0x080007c2   0x080007c2   0x00000002   PAD
    0x080007c4   0x080007c4   0x00000040   Code   RO          997    i.HAL_NVIC_SetPriority  stm32f1xx_hal_cortex.o
    0x08000804   0x08000804   0x00000024   Code   RO          998    i.HAL_NVIC_SetPriorityGrouping  stm32f1xx_hal_cortex.o
    0x08000828   0x08000828   0x0000012c   Code   RO          691    i.HAL_RCC_ClockConfig  stm32f1xx_hal_rcc.o
    0x08000954   0x08000954   0x00000040   Code   RO          695    i.HAL_RCC_GetClockConfig  stm32f1xx_hal_rcc.o
    0x08000994   0x08000994   0x00000020   Code   RO          698    i.HAL_RCC_GetPCLK1Freq  stm32f1xx_hal_rcc.o
    0x080009b4   0x080009b4   0x00000020   Code   RO          699    i.HAL_RCC_GetPCLK2Freq  stm32f1xx_hal_rcc.o
    0x080009d4   0x080009d4   0x0000006c   Code   RO          700    i.HAL_RCC_GetSysClockFreq  stm32f1xx_hal_rcc.o
    0x08000a40   0x08000a40   0x00000320   Code   RO          703    i.HAL_RCC_OscConfig  stm32f1xx_hal_rcc.o
    0x08000d60   0x08000d60   0x00000002   Code   RO         2197    i.HAL_TIMEx_BreakCallback  stm32f1xx_hal_tim_ex.o
    0x08000d62   0x08000d62   0x00000002   Code   RO         2198    i.HAL_TIMEx_CommutCallback  stm32f1xx_hal_tim_ex.o
    0x08000d64   0x08000d64   0x0000005a   Code   RO         1493    i.HAL_TIM_Base_Init  stm32f1xx_hal_tim.o
    0x08000dbe   0x08000dbe   0x00000002   Code   RO         1495    i.HAL_TIM_Base_MspInit  stm32f1xx_hal_tim.o
    0x08000dc0   0x08000dc0   0x0000006c   Code   RO         1498    i.HAL_TIM_Base_Start_IT  stm32f1xx_hal_tim.o
    0x08000e2c   0x08000e2c   0x00000002   Code   RO         1527    i.HAL_TIM_IC_CaptureCallback  stm32f1xx_hal_tim.o
    0x08000e2e   0x08000e2e   0x00000166   Code   RO         1541    i.HAL_TIM_IRQHandler  stm32f1xx_hal_tim.o
    0x08000f94   0x08000f94   0x00000002   Code   RO         1544    i.HAL_TIM_OC_DelayElapsedCallback  stm32f1xx_hal_tim.o
    0x08000f96   0x08000f96   0x00000002   Code   RO         1571    i.HAL_TIM_PWM_PulseFinishedCallback  stm32f1xx_hal_tim.o
    0x08000f98   0x08000f98   0x0000000e   Code   RO           14    i.HAL_TIM_PeriodElapsedCallback  main.o
    0x08000fa6   0x08000fa6   0x00000002   Code   RO         1584    i.HAL_TIM_TriggerCallback  stm32f1xx_hal_tim.o
    0x08000fa8   0x08000fa8   0x00000062   Code   RO         2493    i.HAL_UART_Init     stm32f1xx_hal_uart.o
    0x0800100a   0x0800100a   0x00000002   PAD
    0x0800100c   0x0800100c   0x0000019c   Code   RO          220    i.HAL_UART_MspInit  usart.o
    0x080011a8   0x080011a8   0x00000002   Code   RO          287    i.HardFault_Handler  stm32f1xx_it.o
    0x080011aa   0x080011aa   0x00000002   PAD
    0x080011ac   0x080011ac   0x000000d0   Code   RO          165    i.MX_GPIO_Init      gpio.o
    0x0800127c   0x0800127c   0x0000002c   Code   RO          189    i.MX_IWDG_Init      iwdg.o
    0x080012a8   0x080012a8   0x00000038   Code   RO          221    i.MX_UART4_Init     usart.o
    0x080012e0   0x080012e0   0x00000038   Code   RO          222    i.MX_UART5_Init     usart.o
    0x08001318   0x08001318   0x00000038   Code   RO          223    i.MX_USART1_UART_Init  usart.o
    0x08001350   0x08001350   0x00000038   Code   RO          224    i.MX_USART2_UART_Init  usart.o
    0x08001388   0x08001388   0x00000038   Code   RO          225    i.MX_USART3_UART_Init  usart.o
    0x080013c0   0x080013c0   0x00000002   Code   RO          288    i.MemManage_Handler  stm32f1xx_it.o
    0x080013c2   0x080013c2   0x00000002   Code   RO          289    i.NMI_Handler       stm32f1xx_it.o
    0x080013c4   0x080013c4   0x00000060   Code   RO           15    i.SystemClock_Config  main.o
    0x08001424   0x08001424   0x00000002   Code   RO          413    i.SystemInit        system_stm32f1xx.o
    0x08001426   0x08001426   0x00000002   PAD
    0x08001428   0x08001428   0x0000000c   Code   RO          290    i.TIM2_IRQHandler   stm32f1xx_it.o
    0x08001434   0x08001434   0x0000008c   Code   RO         1586    i.TIM_Base_SetConfig  stm32f1xx_hal_tim.o
    0x080014c0   0x080014c0   0x000000b8   Code   RO         2519    i.UART_SetConfig    stm32f1xx_hal_uart.o
    0x08001578   0x08001578   0x00000002   Code   RO          291    i.UsageFault_Handler  stm32f1xx_it.o
    0x0800157a   0x0800157a   0x00000020   Code   RO         1004    i.__NVIC_SetPriority  stm32f1xx_hal_cortex.o
    0x0800159a   0x0800159a   0x00000046   Code   RO         3999    i._init_box         RTX_CM3.lib(rt_membox.o)
    0x080015e0   0x080015e0   0x00000020   Code   RO         2820    i._mutex_acquire    rtx_conf_cm.o
    0x08001600   0x08001600   0x0000001c   Code   RO         2822    i._mutex_release    rtx_conf_cm.o
    0x0800161c   0x0800161c   0x00000030   Code   RO         4052    i.dbg_init          RTX_CM3.lib(hal_cm.o)
    0x0800164c   0x0800164c   0x00000020   Code   RO         4053    i.dbg_task_notify   RTX_CM3.lib(hal_cm.o)
    0x0800166c   0x0800166c   0x00000010   Code   RO         4054    i.dbg_task_switch   RTX_CM3.lib(hal_cm.o)
    0x0800167c   0x0800167c   0x0000002a   Code   RO         2905    i.isrMessageGet     RTX_CM3.lib(rt_cmsis.o)
    0x080016a6   0x080016a6   0x0000002c   Code   RO         2906    i.isrMessagePut     RTX_CM3.lib(rt_cmsis.o)
    0x080016d2   0x080016d2   0x00000002   PAD
    0x080016d4   0x080016d4   0x00000056   Code   RO         3854    i.isr_mbx_receive   RTX_CM3.lib(rt_mailbox.o)
    0x0800172a   0x0800172a   0x0000000e   Code   RO         3855    i.isr_mbx_send      RTX_CM3.lib(rt_mailbox.o)
    0x08001738   0x08001738   0x00000026   Code   RO           16    i.main              main.o
    0x0800175e   0x0800175e   0x00000002   PAD
    0x08001760   0x08001760   0x00000024   Code   RO         2910    i.osKernelInitialize  RTX_CM3.lib(rt_cmsis.o)
    0x08001784   0x08001784   0x0000006c   Code   RO         2912    i.osKernelStart     RTX_CM3.lib(rt_cmsis.o)
    0x080017f0   0x080017f0   0x00000018   Code   RO         2921    i.osMessageGet      RTX_CM3.lib(rt_cmsis.o)
    0x08001808   0x08001808   0x0000002c   Code   RO         2938    i.osThreadCreate    RTX_CM3.lib(rt_cmsis.o)
    0x08001834   0x08001834   0x00000018   Code   RO         2939    i.osThreadExit      RTX_CM3.lib(rt_cmsis.o)
    0x0800184c   0x0800184c   0x0000000c   Code   RO         2945    i.osTimerCall       RTX_CM3.lib(rt_cmsis.o)
    0x08001858   0x08001858   0x0000002c   Code   RO         2950    i.osTimerThread     RTX_CM3.lib(rt_cmsis.o)
    0x08001884   0x08001884   0x00000002   Code   RO         2823    i.os_error          rtx_conf_cm.o
    0x08001886   0x08001886   0x00000002   Code   RO         2824    i.os_idle_demon     rtx_conf_cm.o
    0x08001888   0x08001888   0x00000028   Code   RO         3646    i.os_tick_init      RTX_CM3.lib(rt_system.o)
    0x080018b0   0x080018b0   0x00000002   Code   RO         3647    i.os_tick_irqack    RTX_CM3.lib(rt_system.o)
    0x080018b2   0x080018b2   0x0000001a   Code   RO         4000    i.rt_alloc_box      RTX_CM3.lib(rt_membox.o)
    0x080018cc   0x080018cc   0x0000003e   Code   RO         4028    i.rt_alloc_mem      RTX_CM3.lib(rt_memory.o)
    0x0800190a   0x0800190a   0x00000002   PAD
    0x0800190c   0x0800190c   0x00000038   Code   RO         3527    i.rt_block          RTX_CM3.lib(rt_task.o)
    0x08001944   0x08001944   0x00000048   Code   RO         3977    i.rt_chk_robin      RTX_CM3.lib(rt_robin.o)
    0x0800198c   0x0800198c   0x00000070   Code   RO         3778    i.rt_dec_dly        RTX_CM3.lib(rt_list.o)
    0x080019fc   0x080019fc   0x00000044   Code   RO         3528    i.rt_dispatch       RTX_CM3.lib(rt_task.o)
    0x08001a40   0x08001a40   0x00000050   Code   RO         3739    i.rt_evt_psh        RTX_CM3.lib(rt_event.o)
    0x08001a90   0x08001a90   0x0000002c   Code   RO         4001    i.rt_free_box       RTX_CM3.lib(rt_membox.o)
    0x08001abc   0x08001abc   0x00000028   Code   RO         4029    i.rt_free_mem       RTX_CM3.lib(rt_memory.o)
    0x08001ae4   0x08001ae4   0x00000028   Code   RO         3779    i.rt_get_first      RTX_CM3.lib(rt_list.o)
    0x08001b0c   0x08001b0c   0x00000008   Code   RO         2955    i.rt_id2obj         RTX_CM3.lib(rt_cmsis.o)
    0x08001b14   0x08001b14   0x00000048   Code   RO         3529    i.rt_init_context   RTX_CM3.lib(rt_task.o)
    0x08001b5c   0x08001b5c   0x0000001a   Code   RO         4030    i.rt_init_mem       RTX_CM3.lib(rt_memory.o)
    0x08001b76   0x08001b76   0x00000002   PAD
    0x08001b78   0x08001b78   0x00000018   Code   RO         3978    i.rt_init_robin     RTX_CM3.lib(rt_robin.o)
    0x08001b90   0x08001b90   0x00000080   Code   RO         4055    i.rt_init_stack     RTX_CM3.lib(hal_cm.o)
    0x08001c10   0x08001c10   0x00000008   Code   RO         3856    i.rt_mbx_check      RTX_CM3.lib(rt_mailbox.o)
    0x08001c18   0x08001c18   0x0000001a   Code   RO         3857    i.rt_mbx_init       RTX_CM3.lib(rt_mailbox.o)
    0x08001c32   0x08001c32   0x00000002   PAD
    0x08001c34   0x08001c34   0x000000f0   Code   RO         3858    i.rt_mbx_psh        RTX_CM3.lib(rt_mailbox.o)
    0x08001d24   0x08001d24   0x000000b4   Code   RO         3860    i.rt_mbx_wait       RTX_CM3.lib(rt_mailbox.o)
    0x08001dd8   0x08001dd8   0x00000044   Code   RO         2956    i.rt_ms2tick        RTX_CM3.lib(rt_cmsis.o)
    0x08001e1c   0x08001e1c   0x000000d8   Code   RO         3613    i.rt_mut_release    RTX_CM3.lib(rt_mutex.o)
    0x08001ef4   0x08001ef4   0x00000078   Code   RO         3614    i.rt_mut_wait       RTX_CM3.lib(rt_mutex.o)
    0x08001f6c   0x08001f6c   0x0000007c   Code   RO         3650    i.rt_pop_req        RTX_CM3.lib(rt_system.o)
    0x08001fe8   0x08001fe8   0x00000020   Code   RO         3651    i.rt_psh_req        RTX_CM3.lib(rt_system.o)
    0x08002008   0x08002008   0x0000005c   Code   RO         3781    i.rt_psq_enq        RTX_CM3.lib(rt_list.o)
    0x08002064   0x08002064   0x00000048   Code   RO         3782    i.rt_put_dly        RTX_CM3.lib(rt_list.o)
    0x080020ac   0x080020ac   0x00000036   Code   RO         3783    i.rt_put_prio       RTX_CM3.lib(rt_list.o)
    0x080020e2   0x080020e2   0x00000002   PAD
    0x080020e4   0x080020e4   0x00000014   Code   RO         3784    i.rt_put_rdy_first  RTX_CM3.lib(rt_list.o)
    0x080020f8   0x080020f8   0x00000034   Code   RO         3785    i.rt_resort_prio    RTX_CM3.lib(rt_list.o)
    0x0800212c   0x0800212c   0x00000006   Code   RO         4056    i.rt_ret_val        RTX_CM3.lib(hal_cm.o)
    0x08002132   0x08002132   0x00000008   Code   RO         4057    i.rt_ret_val2       RTX_CM3.lib(hal_cm.o)
    0x0800213a   0x0800213a   0x00000028   Code   RO         3786    i.rt_rmv_dly        RTX_CM3.lib(rt_list.o)
    0x08002162   0x08002162   0x00000002   PAD
    0x08002164   0x08002164   0x00000030   Code   RO         3787    i.rt_rmv_list       RTX_CM3.lib(rt_list.o)
    0x08002194   0x08002194   0x00000034   Code   RO         3905    i.rt_sem_psh        RTX_CM3.lib(rt_semaphore.o)
    0x080021c8   0x080021c8   0x00000024   Code   RO         3653    i.rt_stk_check      RTX_CM3.lib(rt_system.o)
    0x080021ec   0x080021ec   0x00000028   Code   RO         3530    i.rt_switch_req     RTX_CM3.lib(rt_task.o)
    0x08002214   0x08002214   0x000000cc   Code   RO         3531    i.rt_sys_init       RTX_CM3.lib(rt_task.o)
    0x080022e0   0x080022e0   0x00000078   Code   RO         3532    i.rt_sys_start      RTX_CM3.lib(rt_task.o)
    0x08002358   0x08002358   0x00000040   Code   RO         3655    i.rt_systick        RTX_CM3.lib(rt_system.o)
    0x08002398   0x08002398   0x00000012   Code   RO         2957    i.rt_tid2ptcb       RTX_CM3.lib(rt_cmsis.o)
    0x080023aa   0x080023aa   0x00000002   PAD
    0x080023ac   0x080023ac   0x00000034   Code   RO         2958    i.rt_timer_insert   RTX_CM3.lib(rt_cmsis.o)
    0x080023e0   0x080023e0   0x00000088   Code   RO         3533    i.rt_tsk_create     RTX_CM3.lib(rt_task.o)
    0x08002468   0x08002468   0x0000017c   Code   RO         3534    i.rt_tsk_delete     RTX_CM3.lib(rt_task.o)
    0x080025e4   0x080025e4   0x0000007c   Code   RO         3536    i.rt_tsk_prio       RTX_CM3.lib(rt_task.o)
    0x08002660   0x08002660   0x00000010   Code   RO         3537    i.rt_tsk_self       RTX_CM3.lib(rt_task.o)
    0x08002670   0x08002670   0x00000070   Code   RO         2961    i.svcKernelInitialize  RTX_CM3.lib(rt_cmsis.o)
    0x080026e0   0x080026e0   0x00000048   Code   RO         2963    i.svcKernelStart    RTX_CM3.lib(rt_cmsis.o)
    0x08002728   0x08002728   0x00000024   Code   RO         2966    i.svcMessageCreate  RTX_CM3.lib(rt_cmsis.o)
    0x0800274c   0x0800274c   0x0000003a   Code   RO         2967    i.svcMessageGet     RTX_CM3.lib(rt_cmsis.o)
    0x08002786   0x08002786   0x00000002   PAD
    0x08002788   0x08002788   0x0000006c   Code   RO         2981    i.svcThreadCreate   RTX_CM3.lib(rt_cmsis.o)
    0x080027f4   0x080027f4   0x0000001c   Code   RO         2982    i.svcThreadGetId    RTX_CM3.lib(rt_cmsis.o)
    0x08002810   0x08002810   0x00000038   Code   RO         2985    i.svcThreadTerminate  RTX_CM3.lib(rt_cmsis.o)
    0x08002848   0x08002848   0x00000018   Code   RO         2987    i.svcTimerCall      RTX_CM3.lib(rt_cmsis.o)
    0x08002860   0x08002860   0x0000005c   Code   RO         2996    i.sysTimerTick      RTX_CM3.lib(rt_cmsis.o)
    0x080028bc   0x080028bc   0x00000010   Data   RO          414    .constdata          system_stm32f1xx.o
    0x080028cc   0x080028cc   0x00000008   Data   RO          415    .constdata          system_stm32f1xx.o
    0x080028d4   0x080028d4   0x00000002   Data   RO         2832    .constdata          rtx_conf_cm.o
    0x080028d6   0x080028d6   0x00000002   PAD
    0x080028d8   0x080028d8   0x00000004   Data   RO         2833    .constdata          rtx_conf_cm.o
    0x080028dc   0x080028dc   0x00000004   Data   RO         2834    .constdata          rtx_conf_cm.o
    0x080028e0   0x080028e0   0x00000004   Data   RO         2838    .constdata          rtx_conf_cm.o
    0x080028e4   0x080028e4   0x00000001   Data   RO         2839    .constdata          rtx_conf_cm.o
    0x080028e5   0x080028e5   0x00000003   PAD
    0x080028e8   0x080028e8   0x00000010   Data   RO         2840    .constdata          rtx_conf_cm.o
    0x080028f8   0x080028f8   0x00000002   Data   RO         2841    .constdata          rtx_conf_cm.o
    0x080028fa   0x080028fa   0x00000002   PAD
    0x080028fc   0x080028fc   0x00000004   Data   RO         2842    .constdata          rtx_conf_cm.o
    0x08002900   0x08002900   0x00000004   Data   RO         2843    .constdata          rtx_conf_cm.o
    0x08002904   0x08002904   0x00000001   Data   RO         2844    .constdata          rtx_conf_cm.o
    0x08002905   0x08002905   0x00000003   PAD
    0x08002908   0x08002908   0x00000010   Data   RO         2845    .constdata          rtx_conf_cm.o
    0x08002918   0x08002918   0x00000008   Data   RO         2846    .constdata          rtx_conf_cm.o
    0x08002920   0x08002920   0x00000002   Data   RO         2847    .constdata          rtx_conf_cm.o
    0x08002922   0x08002922   0x00000002   PAD
    0x08002924   0x08002924   0x00000010   Data   RO         2848    .constdata          rtx_conf_cm.o
    0x08002934   0x08002934   0x00000020   Data   RO         4287    Region$$Table       anon$$obj.o


    Execution Region RW_IRAM1 (Exec base: 0x20000000, Load base: 0x08002954, Size: 0x00003de8, Max: 0x0000c000, ABSOLUTE)

    Exec Addr    Load Addr    Size         Type   Attr      Idx    E Section Name        Object

    0x20000000   0x08002954   0x00000004   Data   RW          416    .data               system_stm32f1xx.o
    0x20000004   0x08002958   0x0000000c   Data   RW          541    .data               stm32f1xx_hal.o
    0x20000010   0x08002964   0x00000004   Data   RW         2850    .data               rtx_conf_cm.o
    0x20000014   0x08002968   0x00000004   Data   RW         2851    .data               rtx_conf_cm.o
    0x20000018   0x0800296c   0x00000004   Data   RW         2852    .data               rtx_conf_cm.o
    0x2000001c   0x08002970   0x00000008   Data   RW         2999    .data               RTX_CM3.lib(rt_cmsis.o)
    0x20000024   0x08002978   0x00000008   Data   RW         3539    .data               RTX_CM3.lib(rt_task.o)
    0x2000002c   0x08002980   0x00000008   Data   RW         3658    .data               RTX_CM3.lib(rt_system.o)
    0x20000034   0x08002988   0x00000004   Data   RW         3948    .data               RTX_CM3.lib(rt_time.o)
    0x20000038   0x0800298c   0x00000008   Data   RW         3979    .data               RTX_CM3.lib(rt_robin.o)
    0x20000040   0x08002994   0x00000001   Data   RW         4058    .data               RTX_CM3.lib(hal_cm.o)
    0x20000041   0x08002995   0x00000003   PAD
    0x20000044        -       0x0000000c   Zero   RW          190    .bss                iwdg.o
    0x20000050        -       0x00000154   Zero   RW          226    .bss                usart.o
    0x200001a4        -       0x00000048   Zero   RW          376    .bss                stm32f1xx_hal_timebase_tim.o
    0x200001ec        -       0x00000020   Zero   RW         2825    .bss                rtx_conf_cm.o
    0x2000020c        -       0x00000178   Zero   RW         2826    .bss                rtx_conf_cm.o
    0x20000384   0x08002995   0x00000004   PAD
    0x20000388        -       0x00003010   Zero   RW         2827    .bss                rtx_conf_cm.o
    0x20003398        -       0x000002e8   Zero   RW         2828    .bss                rtx_conf_cm.o
    0x20003680        -       0x00000084   Zero   RW         2829    .bss                rtx_conf_cm.o
    0x20003704        -       0x0000001c   Zero   RW         2830    .bss                rtx_conf_cm.o
    0x20003720        -       0x00000034   Zero   RW         3538    .bss                RTX_CM3.lib(rt_task.o)
    0x20003754        -       0x00000030   Zero   RW         3788    .bss                RTX_CM3.lib(rt_list.o)
    0x20003784        -       0x00000060   Zero   RW         4116    .bss                c_w.l(libspace.o)
    0x200037e4   0x08002995   0x00000004   PAD
    0x200037e8        -       0x00000200   Zero   RW            2    HEAP                startup_stm32f103xe.o
    0x200039e8        -       0x00000400   Zero   RW            1    STACK               startup_stm32f103xe.o


==============================================================================

Image component sizes


      Code (inc. data)   RO Data    RW Data    ZI Data      Debug   Object Name

       208         16          0          0          0        971   gpio.o
        44          8          0          0         12        695   iwdg.o
       152          0          0          0          0     489352   main.o
        92         26         84         12      13616       9095   rtx_conf_cm.o
        64         26        304          0       1536        804   startup_stm32f103xe.o
        64         14          0         12          0       5214   stm32f1xx_hal.o
       158         14          0          0          0      28158   stm32f1xx_hal_cortex.o
       514         42          0          0          0       2888   stm32f1xx_hal_gpio.o
        90          0          0          0          0       1268   stm32f1xx_hal_iwdg.o
        60          8          0          0          0        858   stm32f1xx_hal_msp.o
      1336        110          0          0          0       5785   stm32f1xx_hal_rcc.o
       706         40          0          0          0       7000   stm32f1xx_hal_tim.o
         4          0          0          0          0       1537   stm32f1xx_hal_tim_ex.o
       152         18          0          0         72       1467   stm32f1xx_hal_timebase_tim.o
       282          6          0          0          0       1860   stm32f1xx_hal_uart.o
        24          6          0          0          0       2987   stm32f1xx_it.o
         2          0         24          4          0       1103   system_stm32f1xx.o
       692         82          0          0        340       4306   usart.o

    ----------------------------------------------------------------------
      4658        416        456         28      15580     565348   Object Totals
         0          0         32          0          0          0   (incl. Generated)
        14          0         12          0          4          0   (incl. Padding)

    ----------------------------------------------------------------------

      Code (inc. data)   RO Data    RW Data    ZI Data      Debug   Library Member Name

       238         24          0          1          0       3244   hal_cm.o
       304         36          0          0          0        756   hal_cm3.o
      1110        138          0          8          0      32233   rt_cmsis.o
        80          4          0          0          0        649   rt_event.o
       530         34          0          0         48       8157   rt_list.o
       554         10          0          0          0       3889   rt_mailbox.o
       140          0          0          0          0       1889   rt_membox.o
       128          0          0          0          0       2267   rt_memory.o
       336         14          0          0          0       1623   rt_mutex.o
        96         22          0          8          0       1134   rt_robin.o
        52          4          0          0          0        565   rt_semaphore.o
       298         52          0          8          0       6139   rt_system.o
      1216        174          0          8         52       9537   rt_task.o
         0          0          0          4          0        206   rt_time.o
         4          4          0          0          0        196   svc_table.o
         8          0          0          0          0         68   __main.o
         0          0          0          0          0          0   __rtentry.o
        20          0          0          0          0          0   __rtentry2.o
         6          0          0          0          0          0   __rtentry4.o
        52          8          0          0          0          0   __scatter.o
        26          0          0          0          0          0   __scatter_copy.o
        28          0          0          0          0          0   __scatter_zi.o
        18          0          0          0          0         80   exit.o
         6          0          0          0          0        152   heapauxi.o
         0          0          0          0          0          0   indicate_semi.o
         2          0          0          0          0          0   libinit.o
         2          0          0          0          0          0   libinit2.o
         2          0          0          0          0          0   libshutdown.o
         2          0          0          0          0          0   libshutdown2.o
         8          4          0          0         96         68   libspace.o
        78          0          0          0          0         80   rt_memclr_w.o
         2          0          0          0          0          0   rtexit.o
        10          0          0          0          0          0   rtexit2.o
        12          4          0          0          0         68   sys_exit.o
        74          0          0          0          0         80   sys_stackheap_outer.o
         2          0          0          0          0         68   use_no_semi.o

    ----------------------------------------------------------------------
      5466        532          0         40        200      73148   Library Totals
        22          0          0          3          4          0   (incl. Padding)

    ----------------------------------------------------------------------

      Code (inc. data)   RO Data    RW Data    ZI Data      Debug   Library Name

      5086        516          0         37        100      72484   RTX_CM3.lib
       358         16          0          0         96        664   c_w.l

    ----------------------------------------------------------------------
      5466        532          0         40        200      73148   Library Totals

    ----------------------------------------------------------------------

==============================================================================


      Code (inc. data)   RO Data    RW Data    ZI Data      Debug   

     10124        948        456         68      15780     631940   Grand Totals
     10124        948        456         68      15780     631940   ELF Image Totals
     10124        948        456         68          0          0   ROM Totals

==============================================================================

    Total RO  Size (Code + RO Data)                10580 (  10.33kB)
    Total RW  Size (RW Data + ZI Data)             15848 (  15.48kB)
    Total ROM Size (Code + RO Data + RW Data)      10648 (  10.40kB)

==============================================================================

